Archive member included to satisfy reference by file (symbol)

c:/siliconlabs/simplicitystudio/v5/developer/toolchains/gnu_arm/12.2.rel1_2023.7/bin/../lib/gcc/arm-none-eabi/12.2.1/thumb/v8-m.main+fp/hard\libgcc.a(_aeabi_uldivmod.o)
                              ./simplicity_sdk_2025.6.1/platform/emdrv/ustimer/src/ustimer.o (__aeabi_uldivmod)
c:/siliconlabs/simplicitystudio/v5/developer/toolchains/gnu_arm/12.2.rel1_2023.7/bin/../lib/gcc/arm-none-eabi/12.2.1/thumb/v8-m.main+fp/hard\libgcc.a(_udivmoddi4.o)
                              c:/siliconlabs/simplicitystudio/v5/developer/toolchains/gnu_arm/12.2.rel1_2023.7/bin/../lib/gcc/arm-none-eabi/12.2.1/thumb/v8-m.main+fp/hard\libgcc.a(_aeabi_uldivmod.o) (__udivmoddi4)
c:/siliconlabs/simplicitystudio/v5/developer/toolchains/gnu_arm/12.2.rel1_2023.7/bin/../lib/gcc/arm-none-eabi/12.2.1/thumb/v8-m.main+fp/hard\libgcc.a(_dvmd_tls.o)
                              c:/siliconlabs/simplicitystudio/v5/developer/toolchains/gnu_arm/12.2.rel1_2023.7/bin/../lib/gcc/arm-none-eabi/12.2.1/thumb/v8-m.main+fp/hard\libgcc.a(_aeabi_uldivmod.o) (__aeabi_ldiv0)
c:/siliconlabs/simplicitystudio/v5/developer/toolchains/gnu_arm/12.2.rel1_2023.7/bin/../lib/gcc/arm-none-eabi/12.2.1/thumb/v8-m.main+fp/hard\libc_nano.a(libc_a-exit.o)
                              c:/siliconlabs/simplicitystudio/v5/developer/toolchains/gnu_arm/12.2.rel1_2023.7/bin/../lib/gcc/arm-none-eabi/12.2.1/thumb/v8-m.main+fp/hard/crt0.o (exit)
c:/siliconlabs/simplicitystudio/v5/developer/toolchains/gnu_arm/12.2.rel1_2023.7/bin/../lib/gcc/arm-none-eabi/12.2.1/thumb/v8-m.main+fp/hard\libc_nano.a(libc_a-findfp.o)
                              c:/siliconlabs/simplicitystudio/v5/developer/toolchains/gnu_arm/12.2.rel1_2023.7/bin/../lib/gcc/arm-none-eabi/12.2.1/thumb/v8-m.main+fp/hard\libc_nano.a(libc_a-exit.o) (__stdio_exit_handler)
c:/siliconlabs/simplicitystudio/v5/developer/toolchains/gnu_arm/12.2.rel1_2023.7/bin/../lib/gcc/arm-none-eabi/12.2.1/thumb/v8-m.main+fp/hard\libc_nano.a(libc_a-fwalk.o)
                              c:/siliconlabs/simplicitystudio/v5/developer/toolchains/gnu_arm/12.2.rel1_2023.7/bin/../lib/gcc/arm-none-eabi/12.2.1/thumb/v8-m.main+fp/hard\libc_nano.a(libc_a-findfp.o) (_fwalk_sglue)
c:/siliconlabs/simplicitystudio/v5/developer/toolchains/gnu_arm/12.2.rel1_2023.7/bin/../lib/gcc/arm-none-eabi/12.2.1/thumb/v8-m.main+fp/hard\libc_nano.a(libc_a-stdio.o)
                              c:/siliconlabs/simplicitystudio/v5/developer/toolchains/gnu_arm/12.2.rel1_2023.7/bin/../lib/gcc/arm-none-eabi/12.2.1/thumb/v8-m.main+fp/hard\libc_nano.a(libc_a-findfp.o) (__sread)
c:/siliconlabs/simplicitystudio/v5/developer/toolchains/gnu_arm/12.2.rel1_2023.7/bin/../lib/gcc/arm-none-eabi/12.2.1/thumb/v8-m.main+fp/hard\libc_nano.a(libc_a-memset.o)
                              c:/siliconlabs/simplicitystudio/v5/developer/toolchains/gnu_arm/12.2.rel1_2023.7/bin/../lib/gcc/arm-none-eabi/12.2.1/thumb/v8-m.main+fp/hard/crt0.o (memset)
c:/siliconlabs/simplicitystudio/v5/developer/toolchains/gnu_arm/12.2.rel1_2023.7/bin/../lib/gcc/arm-none-eabi/12.2.1/thumb/v8-m.main+fp/hard\libc_nano.a(libc_a-closer.o)
                              c:/siliconlabs/simplicitystudio/v5/developer/toolchains/gnu_arm/12.2.rel1_2023.7/bin/../lib/gcc/arm-none-eabi/12.2.1/thumb/v8-m.main+fp/hard\libc_nano.a(libc_a-stdio.o) (_close_r)
c:/siliconlabs/simplicitystudio/v5/developer/toolchains/gnu_arm/12.2.rel1_2023.7/bin/../lib/gcc/arm-none-eabi/12.2.1/thumb/v8-m.main+fp/hard\libc_nano.a(libc_a-reent.o)
                              c:/siliconlabs/simplicitystudio/v5/developer/toolchains/gnu_arm/12.2.rel1_2023.7/bin/../lib/gcc/arm-none-eabi/12.2.1/thumb/v8-m.main+fp/hard\libc_nano.a(libc_a-closer.o) (errno)
c:/siliconlabs/simplicitystudio/v5/developer/toolchains/gnu_arm/12.2.rel1_2023.7/bin/../lib/gcc/arm-none-eabi/12.2.1/thumb/v8-m.main+fp/hard\libc_nano.a(libc_a-impure.o)
                              c:/siliconlabs/simplicitystudio/v5/developer/toolchains/gnu_arm/12.2.rel1_2023.7/bin/../lib/gcc/arm-none-eabi/12.2.1/thumb/v8-m.main+fp/hard\libc_nano.a(libc_a-reent.o) (_impure_ptr)
c:/siliconlabs/simplicitystudio/v5/developer/toolchains/gnu_arm/12.2.rel1_2023.7/bin/../lib/gcc/arm-none-eabi/12.2.1/thumb/v8-m.main+fp/hard\libc_nano.a(libc_a-lseekr.o)
                              c:/siliconlabs/simplicitystudio/v5/developer/toolchains/gnu_arm/12.2.rel1_2023.7/bin/../lib/gcc/arm-none-eabi/12.2.1/thumb/v8-m.main+fp/hard\libc_nano.a(libc_a-stdio.o) (_lseek_r)
c:/siliconlabs/simplicitystudio/v5/developer/toolchains/gnu_arm/12.2.rel1_2023.7/bin/../lib/gcc/arm-none-eabi/12.2.1/thumb/v8-m.main+fp/hard\libc_nano.a(libc_a-readr.o)
                              c:/siliconlabs/simplicitystudio/v5/developer/toolchains/gnu_arm/12.2.rel1_2023.7/bin/../lib/gcc/arm-none-eabi/12.2.1/thumb/v8-m.main+fp/hard\libc_nano.a(libc_a-stdio.o) (_read_r)
[...]
Memory Configuration

Name             Origin             Length             Attributes
FLASH            0x08000000         0x0007e000         xr
RAM              0x20000000         0x00010000         xrw
*default*        0x00000000         0xffffffff

Linker script and memory map

LOAD c:/siliconlabs/simplicitystudio/v5/developer/toolchains/gnu_arm/12.2.rel1_2023.7/bin/../lib/gcc/arm-none-eabi/12.2.1/thumb/v8-m.main+fp/hard/crti.o
LOAD c:/siliconlabs/simplicitystudio/v5/developer/toolchains/gnu_arm/12.2.rel1_2023.7/bin/../lib/gcc/arm-none-eabi/12.2.1/thumb/v8-m.main+fp/hard/crtbegin.o
LOAD c:/siliconlabs/simplicitystudio/v5/developer/toolchains/gnu_arm/12.2.rel1_2023.7/bin/../lib/gcc/arm-none-eabi/12.2.1/thumb/v8-m.main+fp/hard/crt0.o
START GROUP
LOAD ./API/Button/simple_button_baremetal.o
LOAD ./API/Connect/Connect.o
LOAD ./app.o
LOAD ./main.o
LOAD ./autogen/sl_board_default_init.o
LOAD ./autogen/sl_event_handler.o
LOAD ./autogen/sl_power_manager_handler.o
LOAD ./autogen/sl_simple_button_instances.o
LOAD ./autogen/sl_simple_led_instances.o
LOAD ./autogen/sl_uartdrv_init.o
LOAD ./simplicity_sdk_2025.6.1/hardware/board/src/sl_board_control_gpio.o
LOAD ./simplicity_sdk_2025.6.1/hardware/board/src/sl_board_init.o
LOAD ./simplicity_sdk_2025.6.1/hardware/driver/configuration_over_swo/src/sl_cos.o
LOAD ./simplicity_sdk_2025.6.1/hardware/driver/mx25_flash_shutdown/src/sl_mx25_flash_shutdown_eusart/sl_mx25_flash_shutdown.o
LOAD ./simplicity_sdk_2025.6.1/platform/Device/SiliconLabs/FGM23/Source/startup_fgm23.o
LOAD ./simplicity_sdk_2025.6.1/platform/Device/SiliconLabs/FGM23/Source/system_fgm23.o
LOAD ./simplicity_sdk_2025.6.1/platform/common/src/sl_assert.o
LOAD ./simplicity_sdk_2025.6.1/platform/common/src/sl_core_cortexm.o
LOAD ./simplicity_sdk_2025.6.1/platform/common/src/sl_slist.o
LOAD ./simplicity_sdk_2025.6.1/platform/common/src/sl_syscalls.o
LOAD ./simplicity_sdk_2025.6.1/platform/driver/button/src/sl_button.o
LOAD ./simplicity_sdk_2025.6.1/platform/driver/button/src/sl_simple_button.o
LOAD ./simplicity_sdk_2025.6.1/platform/driver/debug/src/sl_debug_swo.o
LOAD ./simplicity_sdk_2025.6.1/platform/driver/gpio/src/sl_gpio.o
LOAD ./simplicity_sdk_2025.6.1/platform/driver/leddrv/src/sl_led.o
LOAD ./simplicity_sdk_2025.6.1/platform/driver/leddrv/src/sl_simple_led.o
LOAD ./simplicity_sdk_2025.6.1/platform/emdrv/dmadrv/src/dmadrv.o
LOAD ./simplicity_sdk_2025.6.1/platform/emdrv/uartdrv/src/uartdrv.o
LOAD ./simplicity_sdk_2025.6.1/platform/emdrv/ustimer/src/ustimer.o
LOAD ./simplicity_sdk_2025.6.1/platform/emlib/src/em_burtc.o
LOAD ./simplicity_sdk_2025.6.1/platform/emlib/src/em_cmu.o
LOAD ./simplicity_sdk_2025.6.1/platform/emlib/src/em_emu.o
LOAD ./simplicity_sdk_2025.6.1/platform/emlib/src/em_eusart.o
LOAD ./simplicity_sdk_2025.6.1/platform/emlib/src/em_gpio.o
LOAD ./simplicity_sdk_2025.6.1/platform/emlib/src/em_ldma.o
LOAD ./simplicity_sdk_2025.6.1/platform/emlib/src/em_msc.o
LOAD ./simplicity_sdk_2025.6.1/platform/emlib/src/em_prs.o
LOAD ./simplicity_sdk_2025.6.1/platform/emlib/src/em_system.o
LOAD ./simplicity_sdk_2025.6.1/platform/emlib/src/em_timer.o
LOAD ./simplicity_sdk_2025.6.1/platform/emlib/src/em_usart.o
LOAD ./simplicity_sdk_2025.6.1/platform/peripheral/src/sl_hal_gpio.o
LOAD ./simplicity_sdk_2025.6.1/platform/peripheral/src/sl_hal_sysrtc.o
LOAD ./simplicity_sdk_2025.6.1/platform/peripheral/src/sl_hal_timer.o
LOAD ./simplicity_sdk_2025.6.1/platform/service/clock_manager/src/sl_clock_manager.o
LOAD ./simplicity_sdk_2025.6.1/platform/service/clock_manager/src/sl_clock_manager_hal_s2.o
LOAD ./simplicity_sdk_2025.6.1/platform/service/clock_manager/src/sl_clock_manager_init.o
LOAD ./simplicity_sdk_2025.6.1/platform/service/clock_manager/src/sl_clock_manager_init_hal_s2.o
LOAD ./simplicity_sdk_2025.6.1/platform/service/device_init/src/sl_device_init_dcdc_s2.o
LOAD ./simplicity_sdk_2025.6.1/platform/service/device_manager/clocks/sl_device_clock_efr32xg23.o
LOAD ./simplicity_sdk_2025.6.1/platform/service/device_manager/devices/sl_device_peripheral_hal_efr32xg23.o
LOAD ./simplicity_sdk_2025.6.1/platform/service/device_manager/src/sl_device_clock.o
LOAD ./simplicity_sdk_2025.6.1/platform/service/device_manager/src/sl_device_gpio.o
LOAD ./simplicity_sdk_2025.6.1/platform/service/device_manager/src/sl_device_peripheral.o
LOAD ./simplicity_sdk_2025.6.1/platform/service/hfxo_manager/src/sl_hfxo_manager.o
LOAD ./simplicity_sdk_2025.6.1/platform/service/hfxo_manager/src/sl_hfxo_manager_hal_s2.o
LOAD ./simplicity_sdk_2025.6.1/platform/service/interrupt_manager/src/sl_interrupt_manager_cortexm.o
LOAD ./simplicity_sdk_2025.6.1/platform/service/memory_manager/src/sl_memory_manager_region.o
LOAD ./simplicity_sdk_2025.6.1/platform/service/power_manager/src/common/sl_power_manager_common.o
LOAD ./simplicity_sdk_2025.6.1/platform/service/power_manager/src/common/sl_power_manager_em4.o
LOAD ./simplicity_sdk_2025.6.1/platform/service/power_manager/src/sleep_loop/sl_power_manager.o
LOAD ./simplicity_sdk_2025.6.1/platform/service/power_manager/src/sleep_loop/sl_power_manager_debug.o
LOAD ./simplicity_sdk_2025.6.1/platform/service/power_manager/src/sleep_loop/sl_power_manager_hal_s2.o
LOAD ./simplicity_sdk_2025.6.1/platform/service/sl_main/src/sl_main_init.o
LOAD ./simplicity_sdk_2025.6.1/platform/service/sl_main/src/sl_main_init_memory.o
LOAD ./simplicity_sdk_2025.6.1/platform/service/sl_main/src/sl_main_process_action.o
LOAD ./simplicity_sdk_2025.6.1/platform/service/sleeptimer/src/sl_sleeptimer.o
LOAD ./simplicity_sdk_2025.6.1/platform/service/sleeptimer/src/sl_sleeptimer_hal_burtc.o
LOAD ./simplicity_sdk_2025.6.1/platform/service/sleeptimer/src/sl_sleeptimer_hal_sysrtc.o
LOAD ./simplicity_sdk_2025.6.1/platform/service/sleeptimer/src/sl_sleeptimer_hal_timer.o
LOAD ./simplicity_sdk_2025.6.1/platform/service/udelay/src/sl_udelay.o
LOAD ./simplicity_sdk_2025.6.1/platform/service/udelay/src/sl_udelay_armv6m_gcc.o
LOAD c:/siliconlabs/simplicitystudio/v5/developer/toolchains/gnu_arm/12.2.rel1_2023.7/bin/../lib/gcc/arm-none-eabi/12.2.1/thumb/v8-m.main+fp/hard\libgcc.a
LOAD c:/siliconlabs/simplicitystudio/v5/developer/toolchains/gnu_arm/12.2.rel1_2023.7/bin/../lib/gcc/arm-none-eabi/12.2.1/thumb/v8-m.main+fp/hard\libc_nano.a
LOAD c:/siliconlabs/simplicitystudio/v5/developer/toolchains/gnu_arm/12.2.rel1_2023.7/bin/../lib/gcc/arm-none-eabi/12.2.1/thumb/v8-m.main+fp/hard\libm.a
LOAD c:/siliconlabs/simplicitystudio/v5/developer/toolchains/gnu_arm/12.2.rel1_2023.7/bin/../lib/gcc/arm-none-eabi/12.2.1/thumb/v8-m.main+fp/hard\libnosys.a
END GROUP
START GROUP
LOAD c:/siliconlabs/simplicitystudio/v5/developer/toolchains/gnu_arm/12.2.rel1_2023.7/bin/../lib/gcc/arm-none-eabi/12.2.1/thumb/v8-m.main+fp/hard\libgcc.a
LOAD c:/siliconlabs/simplicitystudio/v5/developer/toolchains/gnu_arm/12.2.rel1_2023.7/bin/../lib/gcc/arm-none-eabi/12.2.1/thumb/v8-m.main+fp/hard\libc_nano.a
LOAD c:/siliconlabs/simplicitystudio/v5/developer/toolchains/gnu_arm/12.2.rel1_2023.7/bin/../lib/gcc/arm-none-eabi/12.2.1/thumb/v8-m.main+fp/hard\libnosys.a
END GROUP
START GROUP
LOAD c:/siliconlabs/simplicitystudio/v5/developer/toolchains/gnu_arm/12.2.rel1_2023.7/bin/../lib/gcc/arm-none-eabi/12.2.1/thumb/v8-m.main+fp/hard\libgcc.a
LOAD c:/siliconlabs/simplicitystudio/v5/developer/toolchains/gnu_arm/12.2.rel1_2023.7/bin/../lib/gcc/arm-none-eabi/12.2.1/thumb/v8-m.main+fp/hard\libg_nano.a
LOAD c:/siliconlabs/simplicitystudio/v5/developer/toolchains/gnu_arm/12.2.rel1_2023.7/bin/../lib/gcc/arm-none-eabi/12.2.1/thumb/v8-m.main+fp/hard\libc_nano.a
END GROUP
START GROUP
LOAD c:/siliconlabs/simplicitystudio/v5/developer/toolchains/gnu_arm/12.2.rel1_2023.7/bin/../lib/gcc/arm-none-eabi/12.2.1/thumb/v8-m.main+fp/hard\libgcc.a
LOAD c:/siliconlabs/simplicitystudio/v5/developer/toolchains/gnu_arm/12.2.rel1_2023.7/bin/../lib/gcc/arm-none-eabi/12.2.1/thumb/v8-m.main+fp/hard\libc_nano.a
END GROUP
LOAD c:/siliconlabs/simplicitystudio/v5/developer/toolchains/gnu_arm/12.2.rel1_2023.7/bin/../lib/gcc/arm-none-eabi/12.2.1/thumb/v8-m.main+fp/hard/crtend.o
LOAD c:/siliconlabs/simplicitystudio/v5/developer/toolchains/gnu_arm/12.2.rel1_2023.7/bin/../lib/gcc/arm-none-eabi/12.2.1/thumb/v8-m.main+fp/hard/crtn.o

.vectors        0x08000000      0x170
                0x08000000                linker_vectors_begin = .
 *(.vectors)
 .vectors       0x08000000      0x170 ./simplicity_sdk_2025.6.1/platform/Device/SiliconLabs/FGM23/Source/startup_fgm23.o
                0x08000000                __Vectors
                0x08000170                linker_vectors_end = .
                0x08000170                __Vectors_End = .
                0x08000170                __Vectors_Size = (__Vectors_End - __Vectors)
                0x08000170                __lma_ramfuncs_start__ = .

.stack          0x20000000     0x1000
                0x20000000                . = ALIGN (0x8)
                0x20000000                __StackLimit = .
 *(.stack*)
 .stack         0x20000000     0x1000 ./simplicity_sdk_2025.6.1/platform/service/memory_manager/src/sl_memory_manager_region.o
                0x20001000                . = ALIGN (0x4)
                0x20001000                __StackTop = .
                0x20001000                PROVIDE (__stack = __StackTop)

.bss            0x20001000      0x47c
                0x20001000                . = ALIGN (0x4)
                0x20001000                __bss_start__ = .
 *(SORT_BY_ALIGNMENT(.bss*))
 .bss.object.0  0x20001000       0x18 c:/siliconlabs/simplicitystudio/v5/developer/toolchains/gnu_arm/12.2.rel1_2023.7/bin/../lib/gcc/arm-none-eabi/12.2.1/thumb/v8-m.main+fp/hard/crtbegin.o
 .bss.count.0   0x20001018        0x4 ./API/Connect/Connect.o
 .bss.irq_flag  0x2000101c        0x4 ./API/Connect/Connect.o
 .bss.ConnectLR
                0x20001020       0x5a ./API/Connect/Connect.o
                0x20001020                ConnectLR
 *fill*         0x2000107a        0x2 
 .bss.sli_uartdrv_default_handle
                0x2000107c        0x4 ./autogen/sl_uartdrv_init.o
 .bss.sl_uartdrv_usart_central_handle_data
                0x20001080       0x64 ./autogen/sl_uartdrv_init.o
                0x20001080                sl_uartdrv_usart_central_handle_data
 .bss.uartdrv_handle
                0x200010e4        0x4 ./simplicity_sdk_2025.6.1/hardware/driver/configuration_over_swo/src/sl_cos.o
 .bss.gpio_interrupts
                0x200010e8      0x168 ./simplicity_sdk_2025.6.1/platform/driver/gpio/src/sl_gpio.o
 .bss.dmaXfer   0x20001250      0x100 ./simplicity_sdk_2025.6.1/platform/emdrv/dmadrv/src/dmadrv.o
 .bss.chTable   0x20001350       0x80 ./simplicity_sdk_2025.6.1/platform/emdrv/dmadrv/src/dmadrv.o
 .bss.uartdrvHandle
                0x200013d0       0x10 ./simplicity_sdk_2025.6.1/platform/emdrv/uartdrv/src/uartdrv.o
 .bss.minTicks  0x200013e0        0x4 ./simplicity_sdk_2025.6.1/platform/emdrv/ustimer/src/ustimer.o
 .bss.freq      0x200013e4        0x4 ./simplicity_sdk_2025.6.1/platform/emdrv/ustimer/src/ustimer.o
 .bss.vScaleEM01Config
                0x200013e8        0x1 ./simplicity_sdk_2025.6.1/platform/emlib/src/em_emu.o
 *fill*         0x200013e9        0x3 
 .bss.hfxo_startup_time_tc_initial
                0x200013ec        0x4 ./simplicity_sdk_2025.6.1/platform/service/hfxo_manager/src/sl_hfxo_manager.o
 .bss.hfxo_startup_time_sum_average
                0x200013f0        0x4 ./simplicity_sdk_2025.6.1/platform/service/hfxo_manager/src/sl_hfxo_manager.o
 .bss.hfxo_startup_time_table
                0x200013f4       0x28 ./simplicity_sdk_2025.6.1/platform/service/hfxo_manager/src/sl_hfxo_manager.o
 .bss.hfxo_last_startup_time
                0x2000141c        0x4 ./simplicity_sdk_2025.6.1/platform/service/hfxo_manager/src/sl_hfxo_manager.o
 .bss.hfxo_startup_time_tick
                0x20001420        0x4 ./simplicity_sdk_2025.6.1/platform/service/hfxo_manager/src/sl_hfxo_manager.o
 .bss.power_manager_em_transition_event_list
                0x20001424        0x4 ./simplicity_sdk_2025.6.1/platform/service/power_manager/src/common/sl_power_manager_common.o
 .bss.wakeup_time_config_overhead_tick
                0x20001428        0x4 ./simplicity_sdk_2025.6.1/platform/service/power_manager/src/sleep_loop/sl_power_manager.o
                0x20001428                wakeup_time_config_overhead_tick
 .bss.high_frequency_min_offtime_tick
                0x2000142c        0x4 ./simplicity_sdk_2025.6.1/platform/service/power_manager/src/sleep_loop/sl_power_manager.o
                0x2000142c                high_frequency_min_offtime_tick
 .bss.sleeptimer_frequency
                0x20001430        0x4 ./simplicity_sdk_2025.6.1/platform/service/power_manager/src/sleep_loop/sl_power_manager.o
 .bss.process_wakeup_overhead_tick
                0x20001434        0x4 ./simplicity_sdk_2025.6.1/platform/service/power_manager/src/sleep_loop/sl_power_manager_hal_s2.o
 .bss.cmu_sys_clock_register
                0x20001438        0x4 ./simplicity_sdk_2025.6.1/platform/service/power_manager/src/sleep_loop/sl_power_manager_hal_s2.o
                0x20001438                cmu_sys_clock_register
 .bss.cmu_dpll_ref_clock_register
                0x2000143c        0x4 ./simplicity_sdk_2025.6.1/platform/service/power_manager/src/sleep_loop/sl_power_manager_hal_s2.o
                0x2000143c                cmu_dpll_ref_clock_register
 .bss.cmu_em01_grpC_clock_register
                0x20001440        0x4 ./simplicity_sdk_2025.6.1/platform/service/power_manager/src/sleep_loop/sl_power_manager_hal_s2.o
                0x20001440                cmu_em01_grpC_clock_register
 .bss.cmu_em01_grpA_clock_register
                0x20001444        0x4 ./simplicity_sdk_2025.6.1/platform/service/power_manager/src/sleep_loop/sl_power_manager_hal_s2.o
                0x20001444                cmu_em01_grpA_clock_register
 .bss.max_millisecond_conversion
                0x20001448        0x4 ./simplicity_sdk_2025.6.1/platform/service/sleeptimer/src/sl_sleeptimer.o
 .bss.last_delta_update_count
                0x2000144c        0x4 ./simplicity_sdk_2025.6.1/platform/service/sleeptimer/src/sl_sleeptimer.o
 .bss.timer_head
                0x20001450        0x4 ./simplicity_sdk_2025.6.1/platform/service/sleeptimer/src/sl_sleeptimer.o
 .bss.timer_frequency
                0x20001454        0x4 ./simplicity_sdk_2025.6.1/platform/service/sleeptimer/src/sl_sleeptimer.o
 .bss.overflow_counter
                0x20001458        0x4 ./simplicity_sdk_2025.6.1/platform/service/sleeptimer/src/sl_sleeptimer.o
 .bss.__stdio_exit_handler
                0x2000145c        0x4 c:/siliconlabs/simplicitystudio/v5/developer/toolchains/gnu_arm/12.2.rel1_2023.7/bin/../lib/gcc/arm-none-eabi/12.2.1/thumb/v8-m.main+fp/hard\libc_nano.a(libc_a-findfp.o)
                0x2000145c                __stdio_exit_handler
 .bss.completed.1
                0x20001460        0x1 c:/siliconlabs/simplicitystudio/v5/developer/toolchains/gnu_arm/12.2.rel1_2023.7/bin/../lib/gcc/arm-none-eabi/12.2.1/thumb/v8-m.main+fp/hard/crtbegin.o
 .bss.bt1_press
                0x20001461        0x1 ./API/Button/simple_button_baremetal.o
                0x20001461                bt1_press
 .bss.bt0_press
                0x20001462        0x1 ./API/Button/simple_button_baremetal.o
                0x20001462                bt0_press
 .bss.status_atual
                0x20001463        0x1 ./app.o
                0x20001463                status_atual
 .bss.initialized
                0x20001464        0x1 ./simplicity_sdk_2025.6.1/platform/emdrv/dmadrv/src/dmadrv.o
 .bss.uartdrvHandleIsInitialized
                0x20001465        0x1 ./simplicity_sdk_2025.6.1/platform/emdrv/uartdrv/src/uartdrv.o
 .bss.timeElapsed
                0x20001466        0x1 ./simplicity_sdk_2025.6.1/platform/emdrv/ustimer/src/ustimer.o
 .bss.pclkDiv   0x20001467        0x1 ./simplicity_sdk_2025.6.1/platform/emlib/src/em_cmu.o
 .bss.hfxo_measurement_on
                0x20001468        0x1 ./simplicity_sdk_2025.6.1/platform/service/hfxo_manager/src/sl_hfxo_manager.o
 .bss.hfxo_startup_time_table_index
                0x20001469        0x1 ./simplicity_sdk_2025.6.1/platform/service/hfxo_manager/src/sl_hfxo_manager.o
 .bss.error_flag
                0x2000146a        0x1 ./simplicity_sdk_2025.6.1/platform/service/hfxo_manager/src/sl_hfxo_manager_hal_s2.o
 .bss.is_interrupt_manager_initialized
                0x2000146b        0x1 ./simplicity_sdk_2025.6.1/platform/service/interrupt_manager/src/sl_interrupt_manager_cortexm.o
 .bss.is_restored_from_hfxo_isr_internal
                0x2000146c        0x1 ./simplicity_sdk_2025.6.1/platform/service/power_manager/src/sleep_loop/sl_power_manager.o
 .bss.is_restored_from_hfxo_isr
                0x2000146d        0x1 ./simplicity_sdk_2025.6.1/platform/service/power_manager/src/sleep_loop/sl_power_manager.o
 .bss.is_actively_waiting_for_clock_restore
                0x2000146e        0x1 ./simplicity_sdk_2025.6.1/platform/service/power_manager/src/sleep_loop/sl_power_manager.o
 .bss.is_hf_x_oscillator_not_preserved
                0x2000146f        0x1 ./simplicity_sdk_2025.6.1/platform/service/power_manager/src/sleep_loop/sl_power_manager.o
 .bss.is_states_saved
                0x20001470        0x1 ./simplicity_sdk_2025.6.1/platform/service/power_manager/src/sleep_loop/sl_power_manager.o
 .bss.is_sleeping_waiting_for_clock_restore
                0x20001471        0x1 ./simplicity_sdk_2025.6.1/platform/service/power_manager/src/sleep_loop/sl_power_manager.o
 .bss.waiting_clock_restore_from_em
                0x20001472        0x1 ./simplicity_sdk_2025.6.1/platform/service/power_manager/src/sleep_loop/sl_power_manager.o
 .bss.requirement_em1
                0x20001473        0x1 ./simplicity_sdk_2025.6.1/platform/service/power_manager/src/sleep_loop/sl_power_manager.o
 .bss.current_em
                0x20001474        0x1 ./simplicity_sdk_2025.6.1/platform/service/power_manager/src/sleep_loop/sl_power_manager.o
 .bss.is_initialized
                0x20001475        0x1 ./simplicity_sdk_2025.6.1/platform/service/power_manager/src/sleep_loop/sl_power_manager.o
 .bss.is_hf_x_oscillator_already_started
                0x20001476        0x1 ./simplicity_sdk_2025.6.1/platform/service/power_manager/src/sleep_loop/sl_power_manager_hal_s2.o
 .bss.is_dpll_used
                0x20001477        0x1 ./simplicity_sdk_2025.6.1/platform/service/power_manager/src/sleep_loop/sl_power_manager_hal_s2.o
 .bss.is_hf_x_oscillator_used
                0x20001478        0x1 ./simplicity_sdk_2025.6.1/platform/service/power_manager/src/sleep_loop/sl_power_manager_hal_s2.o
 .bss.sleep_on_isr_exit
                0x20001479        0x1 ./simplicity_sdk_2025.6.1/platform/service/sleeptimer/src/sl_sleeptimer.o
 .bss.next_timer_to_expire_is_power_manager
                0x2000147a        0x1 ./simplicity_sdk_2025.6.1/platform/service/sleeptimer/src/sl_sleeptimer.o
 .bss.is_sleeptimer_initialized
                0x2000147b        0x1 ./simplicity_sdk_2025.6.1/platform/service/sleeptimer/src/sl_sleeptimer.o
 *(COMMON)
                0x2000147c                . = ALIGN (0x4)
                0x2000147c                __bss_end__ = .

.noinit         0x2000147c        0x0
 *(.noinit*)
                0x2000147c                . = ALIGN (0x4)

text_application_ram
                0x2000147c        0x0 load address 0x08000170
                0x2000147c                . = ALIGN (0x4)
                0x2000147c                __vma_ramfuncs_start__ = .
                0x2000147c                __text_application_ram_start__ = .
 *(text_application_ram)
                0x2000147c                . = ALIGN (0x4)
                0x2000147c                __vma_ramfuncs_end__ = .
                0x2000147c                __text_application_ram_end__ = .

.rodata         0x08000170        0x0
                0x08000170                __lma_ramfuncs_end__ = .
                0x08000170                __rodata_start__ = .
                0x08000170                __rodata_end__ = .

.text           0x08000170     0x86f0
                0x08000170                linker_code_begin = .
 *(SORT_BY_ALIGNMENT(.text*))
 .text          0x08000170        0x8 ./simplicity_sdk_2025.6.1/platform/service/udelay/src/sl_udelay_armv6m_gcc.o
                0x08000170                sli_delay_loop
 .text.deregister_tm_clones
                0x08000178       0x1c c:/siliconlabs/simplicitystudio/v5/developer/toolchains/gnu_arm/12.2.rel1_2023.7/bin/../lib/gcc/arm-none-eabi/12.2.1/thumb/v8-m.main+fp/hard/crtbegin.o
 .text.register_tm_clones
                0x08000194       0x28 c:/siliconlabs/simplicitystudio/v5/developer/toolchains/gnu_arm/12.2.rel1_2023.7/bin/../lib/gcc/arm-none-eabi/12.2.1/thumb/v8-m.main+fp/hard/crtbegin.o
 .text.__do_global_dtors_aux
                0x080001bc       0x28 c:/siliconlabs/simplicitystudio/v5/developer/toolchains/gnu_arm/12.2.rel1_2023.7/bin/../lib/gcc/arm-none-eabi/12.2.1/thumb/v8-m.main+fp/hard/crtbegin.o
 .text.frame_dummy
                0x080001e4       0x24 c:/siliconlabs/simplicitystudio/v5/developer/toolchains/gnu_arm/12.2.rel1_2023.7/bin/../lib/gcc/arm-none-eabi/12.2.1/thumb/v8-m.main+fp/hard/crtbegin.o
 .text          0x08000208       0x7c c:/siliconlabs/simplicitystudio/v5/developer/toolchains/gnu_arm/12.2.rel1_2023.7/bin/../lib/gcc/arm-none-eabi/12.2.1/thumb/v8-m.main+fp/hard/crt0.o
                0x08000208                _stack_init
                0x08000210                _start
                0x08000210                _mainCRTStartup
 .text.sl_button_on_change
                0x08000284       0x3c ./API/Button/simple_button_baremetal.o
                0x08000284                sl_button_on_change
 .text.connect_init
                0x080002c0       0x7c ./API/Connect/Connect.o
                0x080002c0                connect_init
 .text.gate_status
                0x0800033c       0x10 ./API/Connect/Connect.o
                0x0800033c                gate_status
 .text.packet_receive
                0x0800034c      0x128 ./API/Connect/Connect.o
                0x0800034c                packet_receive
 .text.rx_done_callback
                0x08000474       0x10 ./API/Connect/Connect.o
                0x08000474                rx_done_callback
 .text.gate_packet_transmit
                0x08000484       0x18 ./API/Connect/Connect.o
                0x08000484                gate_packet_transmit
 .text.TIMER0_IRQHandler
                0x0800049c       0x44 ./API/Connect/Connect.o
                0x0800049c                TIMER0_IRQHandler
 .text.app_process_action
                0x080004e0       0x3c ./app.o
                0x080004e0                app_process_action
 .text.sl_simple_button_init_instances
                0x0800051c       0x18 ./autogen/sl_simple_button_instances.o
                0x0800051c                sl_simple_button_init_instances
 .text.sl_simple_led_init_instances
                0x08000534       0x18 ./autogen/sl_simple_led_instances.o
                0x08000534                sl_simple_led_init_instances
 .text.sl_uartdrv_set_default
                0x0800054c       0x14 ./autogen/sl_uartdrv_init.o
                0x0800054c                sl_uartdrv_set_default
 .text.sl_uartdrv_init_instances
                0x08000560       0x1c ./autogen/sl_uartdrv_init.o
                0x08000560                sl_uartdrv_init_instances
 .text.sl_uartdrv_get_default
                0x0800057c        0xc ./autogen/sl_uartdrv_init.o
                0x0800057c                sl_uartdrv_get_default
 .text.sl_board_init
                0x08000588       0x18 ./simplicity_sdk_2025.6.1/hardware/board/src/sl_board_init.o
                0x08000588                sl_board_init
 .text.sl_board_preinit
                0x080005a0       0x10 ./simplicity_sdk_2025.6.1/hardware/board/src/sl_board_init.o
                0x080005a0                sl_board_preinit
 .text.sli_cos_swo_itm_8_write
                0x080005b0       0xa4 ./simplicity_sdk_2025.6.1/hardware/driver/configuration_over_swo/src/sl_cos.o
 .text.sli_cos_vcom_write
                0x08000654       0x58 ./simplicity_sdk_2025.6.1/hardware/driver/configuration_over_swo/src/sl_cos.o
 .text.cs_low   0x080006ac       0x1c ./simplicity_sdk_2025.6.1/hardware/driver/mx25_flash_shutdown/src/sl_mx25_flash_shutdown_eusart/sl_mx25_flash_shutdown.o
 .text.cs_high  0x080006c8       0x1c ./simplicity_sdk_2025.6.1/hardware/driver/mx25_flash_shutdown/src/sl_mx25_flash_shutdown_eusart/sl_mx25_flash_shutdown.o
 .text.sl_mx25_flash_shutdown
                0x080006e4      0x158 ./simplicity_sdk_2025.6.1/hardware/driver/mx25_flash_shutdown/src/sl_mx25_flash_shutdown_eusart/sl_mx25_flash_shutdown.o
                0x080006e4                sl_mx25_flash_shutdown
 .text.CopyToRam
                0x0800083c       0x20 ./simplicity_sdk_2025.6.1/platform/Device/SiliconLabs/FGM23/Source/startup_fgm23.o
                0x0800083c                CopyToRam
 .text.Reset_Handler
                0x0800085c       0x6c ./simplicity_sdk_2025.6.1/platform/Device/SiliconLabs/FGM23/Source/startup_fgm23.o
                0x0800085c                Reset_Handler
 .text.SystemInit
                0x080008c8       0x64 ./simplicity_sdk_2025.6.1/platform/Device/SiliconLabs/FGM23/Source/system_fgm23.o
                0x080008c8                SystemInit
 .text.SystemHFRCODPLLClockSet
                0x0800092c        0xc ./simplicity_sdk_2025.6.1/platform/Device/SiliconLabs/FGM23/Source/system_fgm23.o
                0x0800092c                SystemHFRCODPLLClockSet
 .text.SystemHFXOClockSet
                0x08000938       0x24 ./simplicity_sdk_2025.6.1/platform/Device/SiliconLabs/FGM23/Source/system_fgm23.o
                0x08000938                SystemHFXOClockSet
 .text.sl_simple_button_init
                0x0800095c       0xa8 ./simplicity_sdk_2025.6.1/platform/driver/button/src/sl_simple_button.o
                0x0800095c                sl_simple_button_init
 .text.sl_debug_swo_init
                0x08000a04       0xd4 ./simplicity_sdk_2025.6.1/platform/driver/debug/src/sl_debug_swo.o
                0x08000a04                sl_debug_swo_init
 .text.sl_debug_swo_write_u8
                0x08000ad8       0x50 ./simplicity_sdk_2025.6.1/platform/driver/debug/src/sl_debug_swo.o
                0x08000ad8                sl_debug_swo_write_u8
 .text.sl_gpio_dispatch_interrupt
                0x08000b28       0x54 ./simplicity_sdk_2025.6.1/platform/driver/gpio/src/sl_gpio.o
 .text.sl_gpio_init
                0x08000b7c       0x3c ./simplicity_sdk_2025.6.1/platform/driver/gpio/src/sl_gpio.o
                0x08000b7c                sl_gpio_init
 .text.sl_gpio_set_pin_mode
                0x08000bb8       0x90 ./simplicity_sdk_2025.6.1/platform/driver/gpio/src/sl_gpio.o
                0x08000bb8                sl_gpio_set_pin_mode
 .text.sl_gpio_set_pin
                0x08000c48       0x68 ./simplicity_sdk_2025.6.1/platform/driver/gpio/src/sl_gpio.o
                0x08000c48                sl_gpio_set_pin
 .text.sl_gpio_clear_pin
                0x08000cb0       0x6c ./simplicity_sdk_2025.6.1/platform/driver/gpio/src/sl_gpio.o
                0x08000cb0                sl_gpio_clear_pin
 .text.sl_gpio_get_pin_output
                0x08000d1c       0x74 ./simplicity_sdk_2025.6.1/platform/driver/gpio/src/sl_gpio.o
                0x08000d1c                sl_gpio_get_pin_output
 .text.sl_gpio_get_pin_input
                0x08000d90       0x74 ./simplicity_sdk_2025.6.1/platform/driver/gpio/src/sl_gpio.o
                0x08000d90                sl_gpio_get_pin_input
 .text.sl_gpio_configure_external_interrupt
                0x08000e04      0x108 ./simplicity_sdk_2025.6.1/platform/driver/gpio/src/sl_gpio.o
                0x08000e04                sl_gpio_configure_external_interrupt
 .text.sl_gpio_deconfigure_external_interrupt
                0x08000f0c       0x58 ./simplicity_sdk_2025.6.1/platform/driver/gpio/src/sl_gpio.o
                0x08000f0c                sl_gpio_deconfigure_external_interrupt
 .text.sl_gpio_configure_wakeup_em4_interrupt
                0x08000f64       0xd8 ./simplicity_sdk_2025.6.1/platform/driver/gpio/src/sl_gpio.o
                0x08000f64                sl_gpio_configure_wakeup_em4_interrupt
 .text.GPIO_EVEN_IRQHandler
                0x0800103c       0x28 ./simplicity_sdk_2025.6.1/platform/driver/gpio/src/sl_gpio.o
                0x0800103c                GPIO_EVEN_IRQHandler
 .text.GPIO_ODD_IRQHandler
                0x08001064       0x28 ./simplicity_sdk_2025.6.1/platform/driver/gpio/src/sl_gpio.o
                0x08001064                GPIO_ODD_IRQHandler
 .text.sl_simple_led_init
                0x0800108c       0x34 ./simplicity_sdk_2025.6.1/platform/driver/leddrv/src/sl_simple_led.o
                0x0800108c                sl_simple_led_init
 .text.StartTransfer
                0x080010c0      0x1c0 ./simplicity_sdk_2025.6.1/platform/emdrv/dmadrv/src/dmadrv.o
 .text.DMADRV_AllocateChannel
                0x08001280       0x64 ./simplicity_sdk_2025.6.1/platform/emdrv/dmadrv/src/dmadrv.o
                0x08001280                DMADRV_AllocateChannel
 .text.DMADRV_Init
                0x080012e4       0x64 ./simplicity_sdk_2025.6.1/platform/emdrv/dmadrv/src/dmadrv.o
                0x080012e4                DMADRV_Init
 .text.DMADRV_PauseTransfer
                0x08001348       0x40 ./simplicity_sdk_2025.6.1/platform/emdrv/dmadrv/src/dmadrv.o
                0x08001348                DMADRV_PauseTransfer
 .text.DMADRV_ResumeTransfer
                0x08001388       0x40 ./simplicity_sdk_2025.6.1/platform/emdrv/dmadrv/src/dmadrv.o
                0x08001388                DMADRV_ResumeTransfer
 .text.LDMA_IRQHandler
                0x080013c8       0x78 ./simplicity_sdk_2025.6.1/platform/emdrv/dmadrv/src/dmadrv.o
                0x080013c8                LDMA_IRQHandler
 .text.HwFcCtsIrqGetDrvHandle
                0x08001440       0x24 ./simplicity_sdk_2025.6.1/platform/emdrv/uartdrv/src/uartdrv.o
 .text.DequeueBuffer
                0x08001464       0x54 ./simplicity_sdk_2025.6.1/platform/emdrv/uartdrv/src/uartdrv.o
 .text.GetTailBuffer
                0x080014b8       0x38 ./simplicity_sdk_2025.6.1/platform/emdrv/uartdrv/src/uartdrv.o
 .text.CheckParams
                0x080014f0       0x28 ./simplicity_sdk_2025.6.1/platform/emdrv/uartdrv/src/uartdrv.o
 .text.addHandle
                0x08001518       0x64 ./simplicity_sdk_2025.6.1/platform/emdrv/uartdrv/src/uartdrv.o
 .text.InitializeDma
                0x0800157c       0x30 ./simplicity_sdk_2025.6.1/platform/emdrv/uartdrv/src/uartdrv.o
 .text.EnqueueBuffer
                0x080015ac       0x88 ./simplicity_sdk_2025.6.1/platform/emdrv/uartdrv/src/uartdrv.o
 .text.StartReceiveDma
                0x08001634       0x58 ./simplicity_sdk_2025.6.1/platform/emdrv/uartdrv/src/uartdrv.o
 .text.StartTransmitDma
                0x0800168c       0x8c ./simplicity_sdk_2025.6.1/platform/emdrv/uartdrv/src/uartdrv.o
 .text.TransmitDmaComplete
                0x08001718       0x9c ./simplicity_sdk_2025.6.1/platform/emdrv/uartdrv/src/uartdrv.o
 .text.UARTDRV_ForceTransmit
                0x080017b4       0xd0 ./simplicity_sdk_2025.6.1/platform/emdrv/uartdrv/src/uartdrv.o
                0x080017b4                UARTDRV_ForceTransmit
 .text.UARTDRV_PauseTransmit
                0x08001884       0x34 ./simplicity_sdk_2025.6.1/platform/emdrv/uartdrv/src/uartdrv.o
                0x08001884                UARTDRV_PauseTransmit
 .text.UARTDRV_ResumeTransmit
                0x080018b8       0x48 ./simplicity_sdk_2025.6.1/platform/emdrv/uartdrv/src/uartdrv.o
                0x080018b8                UARTDRV_ResumeTransmit
 .text.InitializeGpioFlowControl
                0x08001900       0x3c ./simplicity_sdk_2025.6.1/platform/emdrv/uartdrv/src/uartdrv.o
 .text.UARTDRV_InitUart
                0x0800193c      0x1d0 ./simplicity_sdk_2025.6.1/platform/emdrv/uartdrv/src/uartdrv.o
                0x0800193c                UARTDRV_InitUart
 .text.UARTDRV_Receive
                0x08001b0c       0x68 ./simplicity_sdk_2025.6.1/platform/emdrv/uartdrv/src/uartdrv.o
                0x08001b0c                UARTDRV_Receive
 .text.ReceiveDmaComplete
                0x08001b74      0x144 ./simplicity_sdk_2025.6.1/platform/emdrv/uartdrv/src/uartdrv.o
 .text.UARTDRV_Transmit
                0x08001cb8       0x9c ./simplicity_sdk_2025.6.1/platform/emdrv/uartdrv/src/uartdrv.o
                0x08001cb8                UARTDRV_Transmit
 .text.TIMER_MaxCount
                0x08001d54       0x80 ./simplicity_sdk_2025.6.1/platform/emdrv/ustimer/src/ustimer.o
 .text.TIMER_TopSet
                0x08001dd4       0x38 ./simplicity_sdk_2025.6.1/platform/emdrv/ustimer/src/ustimer.o
 .text.TIMER_CompareSet
                0x08001e0c       0x3c ./simplicity_sdk_2025.6.1/platform/emdrv/ustimer/src/ustimer.o
 .text.DelayTicksEM1
                0x08001e48       0x74 ./simplicity_sdk_2025.6.1/platform/emdrv/ustimer/src/ustimer.o
 .text.USTIMER_Init
                0x08001ebc       0xe4 ./simplicity_sdk_2025.6.1/platform/emdrv/ustimer/src/ustimer.o
                0x08001ebc                USTIMER_Init
 .text.USTIMER_Delay
                0x08001fa0       0x58 ./simplicity_sdk_2025.6.1/platform/emdrv/ustimer/src/ustimer.o
                0x08001fa0                USTIMER_Delay
 .text.TIMER1_IRQHandler
                0x08001ff8       0x24 ./simplicity_sdk_2025.6.1/platform/emdrv/ustimer/src/ustimer.o
                0x08001ff8                TIMER1_IRQHandler
 .text.rhclkPrescMax
                0x0800201c       0x10 ./simplicity_sdk_2025.6.1/platform/emlib/src/em_cmu.o
 .text.BUS_RegBitWrite
                0x0800202c       0x30 ./simplicity_sdk_2025.6.1/platform/emlib/src/em_cmu.o
 .text.em01GrpaClkGet
                0x0800205c       0x74 ./simplicity_sdk_2025.6.1/platform/emlib/src/em_cmu.o
 .text.em01GrpcClkGet
                0x080020d0       0x70 ./simplicity_sdk_2025.6.1/platform/emlib/src/em_cmu.o
 .text.eusart0ClkGet
                0x08002140       0x74 ./simplicity_sdk_2025.6.1/platform/emlib/src/em_cmu.o
 .text.iadcClkGet
                0x080021b4       0x64 ./simplicity_sdk_2025.6.1/platform/emlib/src/em_cmu.o
 .text.em23GrpaClkGet
                0x08002218       0x58 ./simplicity_sdk_2025.6.1/platform/emlib/src/em_cmu.o
 .text.wdog0ClkGet
                0x08002270       0x64 ./simplicity_sdk_2025.6.1/platform/emlib/src/em_cmu.o
 .text.wdog1ClkGet
                0x080022d4       0x64 ./simplicity_sdk_2025.6.1/platform/emlib/src/em_cmu.o
 .text.sysrtcClkGet
                0x08002338       0x58 ./simplicity_sdk_2025.6.1/platform/emlib/src/em_cmu.o
 .text.lcdClkGet
                0x08002390       0x54 ./simplicity_sdk_2025.6.1/platform/emlib/src/em_cmu.o
 .text.vdac0ClkGet
                0x080023e4       0x74 ./simplicity_sdk_2025.6.1/platform/emlib/src/em_cmu.o
 .text.pcnt0ClkGet
                0x08002458       0x50 ./simplicity_sdk_2025.6.1/platform/emlib/src/em_cmu.o
 .text.lesenseHFClkGet
                0x080024a8       0x48 ./simplicity_sdk_2025.6.1/platform/emlib/src/em_cmu.o
 .text.em4GrpaClkGet
                0x080024f0       0x58 ./simplicity_sdk_2025.6.1/platform/emlib/src/em_cmu.o
 .text.dpllRefClkGet
                0x08002548       0x58 ./simplicity_sdk_2025.6.1/platform/emlib/src/em_cmu.o
 .text.HFRCODPLLDevinfoGet
                0x080025a0      0x10c ./simplicity_sdk_2025.6.1/platform/emlib/src/em_cmu.o
 .text.BUS_RegMaskedWrite
                0x080026ac       0x34 ./simplicity_sdk_2025.6.1/platform/emlib/src/em_cmu.o
 .text.HFRCOEM23DevinfoGet
                0x080026e0       0xb8 ./simplicity_sdk_2025.6.1/platform/emlib/src/em_cmu.o
 .text.CMU_ClockDivGet
                0x08002798       0x94 ./simplicity_sdk_2025.6.1/platform/emlib/src/em_cmu.o
                0x08002798                CMU_ClockDivGet
 .text.flashWaitStateControl
                0x0800282c       0x74 ./simplicity_sdk_2025.6.1/platform/emlib/src/em_cmu.o
 .text.CMU_ClockEnable
                0x080028a0       0x4c ./simplicity_sdk_2025.6.1/platform/emlib/src/em_cmu.o
                0x080028a0                CMU_ClockEnable
 .text.CMU_ClockFreqGet
                0x080028ec      0x3cc ./simplicity_sdk_2025.6.1/platform/emlib/src/em_cmu.o
                0x080028ec                CMU_ClockFreqGet
 .text.rhclkPrescOptimize
                0x08002cb8       0x20 ./simplicity_sdk_2025.6.1/platform/emlib/src/em_cmu.o
 .text.CMU_ClockSelectGet
                0x08002cd8      0x1d4 ./simplicity_sdk_2025.6.1/platform/emlib/src/em_cmu.o
                0x08002cd8                CMU_ClockSelectGet
 .text.sli_em_cmu_SYSTICEXTCLKENClear
                0x08002eac       0x34 ./simplicity_sdk_2025.6.1/platform/emlib/src/em_cmu.o
                0x08002eac                sli_em_cmu_SYSTICEXTCLKENClear
 .text.CMU_HFXOInit
                0x08002ee0      0x284 ./simplicity_sdk_2025.6.1/platform/emlib/src/em_cmu.o
                0x08002ee0                CMU_HFXOInit
 .text.CMU_HFXOCTuneDeltaGet
                0x08003164        0xc ./simplicity_sdk_2025.6.1/platform/emlib/src/em_cmu.o
                0x08003164                CMU_HFXOCTuneDeltaGet
 .text.CMU_HFXOPrecisionSet
                0x08003170        0xc ./simplicity_sdk_2025.6.1/platform/emlib/src/em_cmu.o
                0x08003170                CMU_HFXOPrecisionSet
 .text.CMU_ClockDivSet
                0x0800317c      0x114 ./simplicity_sdk_2025.6.1/platform/emlib/src/em_cmu.o
                0x0800317c                CMU_ClockDivSet
 .text.sli_em_cmu_SYSCLKInitPreClockSelect
                0x08003290       0x28 ./simplicity_sdk_2025.6.1/platform/emlib/src/em_cmu.o
                0x08003290                sli_em_cmu_SYSCLKInitPreClockSelect
 .text.pclkDivOptimize
                0x080032b8       0x24 ./simplicity_sdk_2025.6.1/platform/emlib/src/em_cmu.o
 .text.sli_em_cmu_SYSCLKInitPostClockSelect
                0x080032dc       0x50 ./simplicity_sdk_2025.6.1/platform/emlib/src/em_cmu.o
                0x080032dc                sli_em_cmu_SYSCLKInitPostClockSelect
 .text.CMU_HFRCODPLLBandSet
                0x0800332c      0x148 ./simplicity_sdk_2025.6.1/platform/emlib/src/em_cmu.o
                0x0800332c                CMU_HFRCODPLLBandSet
 .text.CMU_HFRCOEM23BandSet
                0x08003474       0x5c ./simplicity_sdk_2025.6.1/platform/emlib/src/em_cmu.o
                0x08003474                CMU_HFRCOEM23BandSet
 .text.EMU_EM23Init
                0x080034d0       0x18 ./simplicity_sdk_2025.6.1/platform/emlib/src/em_emu.o
                0x080034d0                EMU_EM23Init
 .text.EMU_EM4Init
                0x080034e8       0x14 ./simplicity_sdk_2025.6.1/platform/emlib/src/em_emu.o
                0x080034e8                EMU_EM4Init
 .text.EMU_VScaleEM01
                0x080034fc       0xb8 ./simplicity_sdk_2025.6.1/platform/emlib/src/em_emu.o
                0x080034fc                EMU_VScaleEM01
 .text.EMU_VScaleEM01ByClock
                0x080035b4       0x38 ./simplicity_sdk_2025.6.1/platform/emlib/src/em_emu.o
                0x080035b4                EMU_VScaleEM01ByClock
 .text.EMU_EM01Init
                0x080035ec       0x18 ./simplicity_sdk_2025.6.1/platform/emlib/src/em_emu.o
                0x080035ec                EMU_EM01Init
 .text.EMU_DCDCModeSet
                0x08003604       0xd0 ./simplicity_sdk_2025.6.1/platform/emlib/src/em_emu.o
                0x08003604                EMU_DCDCModeSet
 .text.EMU_DCDCInit
                0x080036d4       0x7c ./simplicity_sdk_2025.6.1/platform/emlib/src/em_emu.o
                0x080036d4                EMU_DCDCInit
 .text.EMU_DCDCSetPFMXModePeakCurrent
                0x08003750       0x74 ./simplicity_sdk_2025.6.1/platform/emlib/src/em_emu.o
                0x08003750                EMU_DCDCSetPFMXModePeakCurrent
 .text.EUSART_ClockGet
                0x080037c4       0x3c ./simplicity_sdk_2025.6.1/platform/emlib/src/em_eusart.o
 .text.EUSART_Reset
                0x08003800       0x58 ./simplicity_sdk_2025.6.1/platform/emlib/src/em_eusart.o
                0x08003800                EUSART_Reset
 .text.EUSART_Enable
                0x08003858       0x78 ./simplicity_sdk_2025.6.1/platform/emlib/src/em_eusart.o
                0x08003858                EUSART_Enable
 .text.EUSART_BaudrateSet
                0x080038d0      0x1dc ./simplicity_sdk_2025.6.1/platform/emlib/src/em_eusart.o
                0x080038d0                EUSART_BaudrateSet
 .text.EUSART_SyncInitCommon
                0x08003aac      0x1a0 ./simplicity_sdk_2025.6.1/platform/emlib/src/em_eusart.o
 .text.EUSART_SpiInit
                0x08003c4c       0xbc ./simplicity_sdk_2025.6.1/platform/emlib/src/em_eusart.o
                0x08003c4c                EUSART_SpiInit
 .text.BUS_RegBitWrite
                0x08003d08       0x30 ./simplicity_sdk_2025.6.1/platform/emlib/src/em_ldma.o
 .text.LDMA_EnableChannelRequest
                0x08003d38       0x2c ./simplicity_sdk_2025.6.1/platform/emlib/src/em_ldma.o
                0x08003d38                LDMA_EnableChannelRequest
 .text.LDMA_Init
                0x08003d64       0x94 ./simplicity_sdk_2025.6.1/platform/emlib/src/em_ldma.o
                0x08003d64                LDMA_Init
 .text.LDMA_StartTransfer
                0x08003df8      0x104 ./simplicity_sdk_2025.6.1/platform/emlib/src/em_ldma.o
                0x08003df8                LDMA_StartTransfer
 .text.PRS_ConvertToSyncSource
                0x08003efc       0x6c ./simplicity_sdk_2025.6.1/platform/emlib/src/em_prs.o
                0x08003efc                PRS_ConvertToSyncSource
 .text.PRS_ConvertToSyncSignal
                0x08003f68       0x80 ./simplicity_sdk_2025.6.1/platform/emlib/src/em_prs.o
                0x08003f68                PRS_ConvertToSyncSignal
 .text.PRS_ConnectSignal
                0x08003fe8       0x68 ./simplicity_sdk_2025.6.1/platform/emlib/src/em_prs.o
                0x08003fe8                PRS_ConnectSignal
 .text.PRS_ConnectConsumer
                0x08004050       0x38 ./simplicity_sdk_2025.6.1/platform/emlib/src/em_prs.o
                0x08004050                PRS_ConnectConsumer
 .text.TIMER_Valid
                0x08004088       0x44 ./simplicity_sdk_2025.6.1/platform/emlib/src/em_timer.o
 .text.timerPrsConfig
                0x080040cc       0x84 ./simplicity_sdk_2025.6.1/platform/emlib/src/em_timer.o
 .text.TIMER_Init
                0x08004150       0xe4 ./simplicity_sdk_2025.6.1/platform/emlib/src/em_timer.o
                0x08004150                TIMER_Init
 .text.TIMER_InitCC
                0x08004234       0xd4 ./simplicity_sdk_2025.6.1/platform/emlib/src/em_timer.o
                0x08004234                TIMER_InitCC
 .text.prsRxInput
                0x08004308       0x20 ./simplicity_sdk_2025.6.1/platform/emlib/src/em_usart.o
 .text.USART_BaudrateAsyncSet
                0x08004328       0xf0 ./simplicity_sdk_2025.6.1/platform/emlib/src/em_usart.o
                0x08004328                USART_BaudrateAsyncSet
 .text.USART_BaudrateCalc
                0x08004418       0xac ./simplicity_sdk_2025.6.1/platform/emlib/src/em_usart.o
                0x08004418                USART_BaudrateCalc
 .text.USART_Enable
                0x080044c4       0x3c ./simplicity_sdk_2025.6.1/platform/emlib/src/em_usart.o
                0x080044c4                USART_Enable
 .text.USART_Reset
                0x08004500       0x64 ./simplicity_sdk_2025.6.1/platform/emlib/src/em_usart.o
                0x08004500                USART_Reset
 .text.USART_InitAsync
                0x08004564       0xd4 ./simplicity_sdk_2025.6.1/platform/emlib/src/em_usart.o
                0x08004564                USART_InitAsync
 .text.sl_hal_gpio_clear_pin
                0x08004638       0x6c ./simplicity_sdk_2025.6.1/platform/peripheral/src/sl_hal_gpio.o
                0x08004638                sl_hal_gpio_clear_pin
 .text.sl_hal_gpio_get_pin_input
                0x080046a4       0x70 ./simplicity_sdk_2025.6.1/platform/peripheral/src/sl_hal_gpio.o
                0x080046a4                sl_hal_gpio_get_pin_input
 .text.sl_hal_gpio_get_pin_output
                0x08004714       0x70 ./simplicity_sdk_2025.6.1/platform/peripheral/src/sl_hal_gpio.o
                0x08004714                sl_hal_gpio_get_pin_output
 .text.sl_hal_gpio_get_em4_interrupt_number
                0x08004784       0x94 ./simplicity_sdk_2025.6.1/platform/peripheral/src/sl_hal_gpio.o
                0x08004784                sl_hal_gpio_get_em4_interrupt_number
 .text.sl_hal_gpio_set_pin_mode
                0x08004818      0x100 ./simplicity_sdk_2025.6.1/platform/peripheral/src/sl_hal_gpio.o
                0x08004818                sl_hal_gpio_set_pin_mode
 .text.sl_hal_gpio_configure_external_interrupt
                0x08004918      0x1a8 ./simplicity_sdk_2025.6.1/platform/peripheral/src/sl_hal_gpio.o
                0x08004918                sl_hal_gpio_configure_external_interrupt
 .text.sl_hal_gpio_enable_pin_em4_wakeup
                0x08004ac0       0x8c ./simplicity_sdk_2025.6.1/platform/peripheral/src/sl_hal_gpio.o
                0x08004ac0                sl_hal_gpio_enable_pin_em4_wakeup
 .text.sl_hal_gpio_configure_wakeup_em4_external_interrupt
                0x08004b4c       0xac ./simplicity_sdk_2025.6.1/platform/peripheral/src/sl_hal_gpio.o
                0x08004b4c                sl_hal_gpio_configure_wakeup_em4_external_interrupt
 .text.sl_hal_sysrtc_wait_ready
                0x08004bf8       0x24 ./simplicity_sdk_2025.6.1/platform/peripheral/src/sl_hal_sysrtc.o
                0x08004bf8                sl_hal_sysrtc_wait_ready
 .text.sl_hal_sysrtc_stop
                0x08004c1c       0x3c ./simplicity_sdk_2025.6.1/platform/peripheral/src/sl_hal_sysrtc.o
                0x08004c1c                sl_hal_sysrtc_stop
 .text.sl_hal_sysrtc_enable
                0x08004c58       0x18 ./simplicity_sdk_2025.6.1/platform/peripheral/src/sl_hal_sysrtc.o
                0x08004c58                sl_hal_sysrtc_enable
 .text.sl_hal_sysrtc_disable
                0x08004c70       0x20 ./simplicity_sdk_2025.6.1/platform/peripheral/src/sl_hal_sysrtc.o
                0x08004c70                sl_hal_sysrtc_disable
 .text.sl_hal_sysrtc_init
                0x08004c90       0x30 ./simplicity_sdk_2025.6.1/platform/peripheral/src/sl_hal_sysrtc.o
                0x08004c90                sl_hal_sysrtc_init
 .text.sl_hal_sysrtc_init_group
                0x08004cc0       0x58 ./simplicity_sdk_2025.6.1/platform/peripheral/src/sl_hal_sysrtc.o
                0x08004cc0                sl_hal_sysrtc_init_group
 .text.sl_hal_timer_wait_sync
                0x08004d18       0x50 ./simplicity_sdk_2025.6.1/platform/peripheral/src/sl_hal_timer.o
                0x08004d18                sl_hal_timer_wait_sync
 .text.sl_hal_timer_wait_ready
                0x08004d68       0x48 ./simplicity_sdk_2025.6.1/platform/peripheral/src/sl_hal_timer.o
                0x08004d68                sl_hal_timer_wait_ready
 .text.sl_hal_timer_enable
                0x08004db0       0x4c ./simplicity_sdk_2025.6.1/platform/peripheral/src/sl_hal_timer.o
                0x08004db0                sl_hal_timer_enable
 .text.sl_hal_timer_disable
                0x08004dfc       0x4c ./simplicity_sdk_2025.6.1/platform/peripheral/src/sl_hal_timer.o
                0x08004dfc                sl_hal_timer_disable
 .text.sl_hal_timer_start
                0x08004e48       0x5c ./simplicity_sdk_2025.6.1/platform/peripheral/src/sl_hal_timer.o
                0x08004e48                sl_hal_timer_start
 .text.sl_hal_timer_init
                0x08004ea4      0x110 ./simplicity_sdk_2025.6.1/platform/peripheral/src/sl_hal_timer.o
                0x08004ea4                sl_hal_timer_init
 .text.BUS_RegBitWrite
                0x08004fb4       0x30 ./simplicity_sdk_2025.6.1/platform/service/clock_manager/src/sl_clock_manager_hal_s2.o
 .text.init_lfrco
                0x08004fe4       0x20 ./simplicity_sdk_2025.6.1/platform/service/clock_manager/src/sl_clock_manager_init_hal_s2.o
 .text.init_hfxo
                0x08005004       0x7c ./simplicity_sdk_2025.6.1/platform/service/clock_manager/src/sl_clock_manager_init_hal_s2.o
 .text.init_hfrcodpll
                0x08005080       0x10 ./simplicity_sdk_2025.6.1/platform/service/clock_manager/src/sl_clock_manager_init_hal_s2.o
 .text.init_hfrcoem23
                0x08005090       0x10 ./simplicity_sdk_2025.6.1/platform/service/clock_manager/src/sl_clock_manager_init_hal_s2.o
 .text.init_clock_branches
                0x080050a0      0x14c ./simplicity_sdk_2025.6.1/platform/service/clock_manager/src/sl_clock_manager_init_hal_s2.o
 .text.sli_clock_manager_hal_init
                0x080051ec       0x38 ./simplicity_sdk_2025.6.1/platform/service/clock_manager/src/sl_clock_manager_init_hal_s2.o
                0x080051ec                sli_clock_manager_hal_init
 .text.sl_device_init_dcdc
                0x08005224       0x30 ./simplicity_sdk_2025.6.1/platform/service/device_init/src/sl_device_init_dcdc_s2.o
                0x08005224                sl_device_init_dcdc
 .text.sl_hfxo_manager_init
                0x08005254       0x64 ./simplicity_sdk_2025.6.1/platform/service/hfxo_manager/src/sl_hfxo_manager.o
                0x08005254                sl_hfxo_manager_init
 .text.sli_hfxo_manager_begin_startup_measurement
                0x080052b8       0x1c ./simplicity_sdk_2025.6.1/platform/service/hfxo_manager/src/sl_hfxo_manager.o
                0x080052b8                sli_hfxo_manager_begin_startup_measurement
 .text.sli_hfxo_manager_retrieve_begining_startup_measurement
                0x080052d4       0x30 ./simplicity_sdk_2025.6.1/platform/service/hfxo_manager/src/sl_hfxo_manager.o
                0x080052d4                sli_hfxo_manager_retrieve_begining_startup_measurement
 .text.sli_hfxo_manager_end_startup_measurement
                0x08005304       0xdc ./simplicity_sdk_2025.6.1/platform/service/hfxo_manager/src/sl_hfxo_manager.o
                0x08005304                sli_hfxo_manager_end_startup_measurement
 .text.sli_hfxo_manager_get_startup_time
                0x080053e0        0xc ./simplicity_sdk_2025.6.1/platform/service/hfxo_manager/src/sl_hfxo_manager.o
                0x080053e0                sli_hfxo_manager_get_startup_time
 .text.sli_hfxo_manager_init_hardware
                0x080053ec       0x54 ./simplicity_sdk_2025.6.1/platform/service/hfxo_manager/src/sl_hfxo_manager_hal_s2.o
                0x080053ec                sli_hfxo_manager_init_hardware
 .text.sli_hfxo_manager_is_hfxo_ready
                0x08005440       0x30 ./simplicity_sdk_2025.6.1/platform/service/hfxo_manager/src/sl_hfxo_manager_hal_s2.o
                0x08005440                sli_hfxo_manager_is_hfxo_ready
 .text.sl_hfxo_manager_irq_handler
                0x08005470       0x6c ./simplicity_sdk_2025.6.1/platform/service/hfxo_manager/src/sl_hfxo_manager_hal_s2.o
                0x08005470                sl_hfxo_manager_irq_handler
 .text.__NVIC_SetPriority
                0x080054dc       0x28 ./simplicity_sdk_2025.6.1/platform/service/interrupt_manager/src/sl_interrupt_manager_cortexm.o
 .text.__NVIC_GetPriority
                0x08005504       0x24 ./simplicity_sdk_2025.6.1/platform/service/interrupt_manager/src/sl_interrupt_manager_cortexm.o
 .text.enable_interrupt
                0x08005528       0x1c ./simplicity_sdk_2025.6.1/platform/service/interrupt_manager/src/sl_interrupt_manager_cortexm.o
 .text.sl_interrupt_manager_enable_irq
                0x08005544       0x20 ./simplicity_sdk_2025.6.1/platform/service/interrupt_manager/src/sl_interrupt_manager_cortexm.o
                0x08005544                sl_interrupt_manager_enable_irq
 .text.sl_interrupt_manager_is_irq_disabled
                0x08005564       0x34 ./simplicity_sdk_2025.6.1/platform/service/interrupt_manager/src/sl_interrupt_manager_cortexm.o
                0x08005564                sl_interrupt_manager_is_irq_disabled
 .text.sl_interrupt_manager_is_irq_blocked
                0x08005598       0x70 ./simplicity_sdk_2025.6.1/platform/service/interrupt_manager/src/sl_interrupt_manager_cortexm.o
                0x08005598                sl_interrupt_manager_is_irq_blocked
 .text.sl_interrupt_manager_clear_irq_pending
                0x08005608       0x1c ./simplicity_sdk_2025.6.1/platform/service/interrupt_manager/src/sl_interrupt_manager_cortexm.o
                0x08005608                sl_interrupt_manager_clear_irq_pending
 .text.sl_interrupt_manager_set_irq_priority
                0x08005624       0x38 ./simplicity_sdk_2025.6.1/platform/service/interrupt_manager/src/sl_interrupt_manager_cortexm.o
                0x08005624                sl_interrupt_manager_set_irq_priority
 .text.sl_interrupt_manager_init
                0x0800565c       0x38 ./simplicity_sdk_2025.6.1/platform/service/interrupt_manager/src/sl_interrupt_manager_cortexm.o
                0x0800565c                sl_interrupt_manager_init
 .text.sli_power_manager_em_transition_event_list_init
                0x08005694       0x10 ./simplicity_sdk_2025.6.1/platform/service/power_manager/src/common/sl_power_manager_common.o
                0x08005694                sli_power_manager_em_transition_event_list_init
 .text.sl_power_manager_init
                0x080056a4       0x84 ./simplicity_sdk_2025.6.1/platform/service/power_manager/src/sleep_loop/sl_power_manager.o
                0x080056a4                sl_power_manager_init
 .text.sl_power_manager_schedule_wakeup_get_restore_overhead_tick
                0x08005728        0xc ./simplicity_sdk_2025.6.1/platform/service/power_manager/src/sleep_loop/sl_power_manager.o
                0x08005728                sl_power_manager_schedule_wakeup_get_restore_overhead_tick
 .text.sli_power_manager_convert_delay_us_to_tick
                0x08005734       0x24 ./simplicity_sdk_2025.6.1/platform/service/power_manager/src/sleep_loop/sl_power_manager.o
                0x08005734                sli_power_manager_convert_delay_us_to_tick
 .text.sli_hfxo_manager_notify_ready_for_power_manager
                0x08005758       0x40 ./simplicity_sdk_2025.6.1/platform/service/power_manager/src/sleep_loop/sl_power_manager.o
                0x08005758                sli_hfxo_manager_notify_ready_for_power_manager
 .text.sli_hfxo_notify_ready_for_power_manager_from_prs
                0x08005798       0x18 ./simplicity_sdk_2025.6.1/platform/service/power_manager/src/sleep_loop/sl_power_manager.o
                0x08005798                sli_hfxo_notify_ready_for_power_manager_from_prs
 .text.sli_power_manager_em23_voltage_scaling_enable_fast_wakeup
                0x080057b0       0x5c ./simplicity_sdk_2025.6.1/platform/service/power_manager/src/sleep_loop/sl_power_manager_hal_s2.o
                0x080057b0                sli_power_manager_em23_voltage_scaling_enable_fast_wakeup
 .text.sli_power_manager_init_hardware
                0x0800580c       0xfc ./simplicity_sdk_2025.6.1/platform/service/power_manager/src/sleep_loop/sl_power_manager_hal_s2.o
                0x0800580c                sli_power_manager_init_hardware
 .text.CHIP_Init
                0x08005908       0x7c ./simplicity_sdk_2025.6.1/platform/service/sl_main/src/sl_main_init.o
 .text.sl_sleeptimer_init
                0x08005984       0x78 ./simplicity_sdk_2025.6.1/platform/service/sleeptimer/src/sl_sleeptimer.o
                0x08005984                sl_sleeptimer_init
 .text.sleeptimer_hal_init_timer
                0x080059fc       0x7c ./simplicity_sdk_2025.6.1/platform/service/sleeptimer/src/sl_sleeptimer_hal_sysrtc.o
                0x080059fc                sleeptimer_hal_init_timer
 .text.sli_sleeptimer_hal_power_manager_integration_init
                0x08005a78       0x34 ./simplicity_sdk_2025.6.1/platform/service/sleeptimer/src/sl_sleeptimer_hal_sysrtc.o
                0x08005a78                sli_sleeptimer_hal_power_manager_integration_init
 .text.sli_sleeptimer_hal_hfxo_manager_integration_init
                0x08005aac       0x30 ./simplicity_sdk_2025.6.1/platform/service/sleeptimer/src/sl_sleeptimer_hal_sysrtc.o
                0x08005aac                sli_sleeptimer_hal_hfxo_manager_integration_init
 .text.sl_udelay_wait
                0x08005adc       0x6c ./simplicity_sdk_2025.6.1/platform/service/udelay/src/sl_udelay.o
                0x08005adc                sl_udelay_wait
 .text          0x08005b48       0x30 c:/siliconlabs/simplicitystudio/v5/developer/toolchains/gnu_arm/12.2.rel1_2023.7/bin/../lib/gcc/arm-none-eabi/12.2.1/thumb/v8-m.main+fp/hard\libgcc.a(_aeabi_uldivmod.o)
                0x08005b48                __aeabi_uldivmod
 .text.__udivmoddi4
                0x08005b78      0x2ec c:/siliconlabs/simplicitystudio/v5/developer/toolchains/gnu_arm/12.2.rel1_2023.7/bin/../lib/gcc/arm-none-eabi/12.2.1/thumb/v8-m.main+fp/hard\libgcc.a(_udivmoddi4.o)
                0x08005b78                __udivmoddi4
 .text          0x08005e64        0x4 c:/siliconlabs/simplicitystudio/v5/developer/toolchains/gnu_arm/12.2.rel1_2023.7/bin/../lib/gcc/arm-none-eabi/12.2.1/thumb/v8-m.main+fp/hard\libgcc.a(_dvmd_tls.o)
                0x08005e64                __aeabi_idiv0
                0x08005e64                __aeabi_ldiv0
 .text.exit     0x08005e68       0x24 c:/siliconlabs/simplicitystudio/v5/developer/toolchains/gnu_arm/12.2.rel1_2023.7/bin/../lib/gcc/arm-none-eabi/12.2.1/thumb/v8-m.main+fp/hard\libc_nano.a(libc_a-exit.o)
                0x08005e68                exit
 .text.__libc_init_array
                0x08005e8c       0x48 c:/siliconlabs/simplicitystudio/v5/developer/toolchains/gnu_arm/12.2.rel1_2023.7/bin/../lib/gcc/arm-none-eabi/12.2.1/thumb/v8-m.main+fp/hard\libc_nano.a(libc_a-init.o)
                0x08005e8c                __libc_init_array
 .text.simple_button_init
                0x08005ed4        0x2 ./API/Button/simple_button_baremetal.o
                0x08005ed4                simple_button_init
 .text.simple_button_process_action
                0x08005ed6        0x2 ./API/Button/simple_button_baremetal.o
                0x08005ed6                simple_button_process_action
 .text.calculate_checksum
                0x08005ed8       0x30 ./API/Connect/Connect.o
                0x08005ed8                calculate_checksum
 .text.montar_pacote
                0x08005f08       0x84 ./API/Connect/Connect.o
                0x08005f08                montar_pacote
 .text.gate_packet_demount
                0x08005f8c       0xd6 ./API/Connect/Connect.o
                0x08005f8c                gate_packet_demount
 .text.gate_cmd
                0x08006062       0x46 ./API/Connect/Connect.o
                0x08006062                gate_cmd
 .text.gate_get_status
                0x080060a8       0x2a ./API/Connect/Connect.o
                0x080060a8                gate_get_status
 .text.app_init
                0x080060d2        0xc ./app.o
                0x080060d2                app_init
 .text.main     0x080060de       0x14 ./main.o
                0x080060de                main
 .text.sl_board_default_init
                0x080060f2        0x8 ./autogen/sl_board_default_init.o
                0x080060f2                sl_board_default_init
 .text.sli_driver_permanent_allocation
                0x080060fa        0x2 ./autogen/sl_event_handler.o
                0x080060fa                sli_driver_permanent_allocation
 .text.sli_service_permanent_allocation
                0x080060fc        0x2 ./autogen/sl_event_handler.o
                0x080060fc                sli_service_permanent_allocation
 .text.sli_stack_permanent_allocation
                0x080060fe        0x2 ./autogen/sl_event_handler.o
                0x080060fe                sli_stack_permanent_allocation
 .text.sli_internal_permanent_allocation
                0x08006100        0x2 ./autogen/sl_event_handler.o
                0x08006100                sli_internal_permanent_allocation
 .text.sl_platform_init
                0x08006102       0x14 ./autogen/sl_event_handler.o
                0x08006102                sl_platform_init
 .text.sli_internal_init_early
                0x08006116        0x2 ./autogen/sl_event_handler.o
                0x08006116                sli_internal_init_early
 .text.sl_driver_init
                0x08006118       0x1c ./autogen/sl_event_handler.o
                0x08006118                sl_driver_init
 .text.sl_service_init
                0x08006134        0xc ./autogen/sl_event_handler.o
                0x08006134                sl_service_init
 .text.sl_stack_init
                0x08006140        0x2 ./autogen/sl_event_handler.o
                0x08006140                sl_stack_init
 .text.sl_internal_app_init
                0x08006142        0x2 ./autogen/sl_event_handler.o
                0x08006142                sl_internal_app_init
 .text.sli_platform_process_action
                0x08006144        0x2 ./autogen/sl_event_handler.o
                0x08006144                sli_platform_process_action
 .text.sli_service_process_action
                0x08006146        0x2 ./autogen/sl_event_handler.o
                0x08006146                sli_service_process_action
 .text.sli_stack_process_action
                0x08006148        0x2 ./autogen/sl_event_handler.o
                0x08006148                sli_stack_process_action
 .text.sli_internal_app_process_action
                0x0800614a        0x2 ./autogen/sl_event_handler.o
                0x0800614a                sli_internal_app_process_action
 .text.sl_board_configure_vcom
                0x0800614c        0x4 ./simplicity_sdk_2025.6.1/hardware/board/src/sl_board_control_gpio.o
                0x0800614c                sl_board_configure_vcom
 .text.sl_board_disable_vcom
                0x08006150       0x22 ./simplicity_sdk_2025.6.1/hardware/board/src/sl_board_control_gpio.o
                0x08006150                sl_board_disable_vcom
 .text.sli_cos_vcom_config
                0x08006172        0xa ./simplicity_sdk_2025.6.1/hardware/driver/configuration_over_swo/src/sl_cos.o
 .text.sl_cos_send_config
                0x0800617c       0x14 ./simplicity_sdk_2025.6.1/hardware/driver/configuration_over_swo/src/sl_cos.o
                0x0800617c                sl_cos_send_config
 .text.Default_Handler
                0x08006190        0x2 ./simplicity_sdk_2025.6.1/platform/Device/SiliconLabs/FGM23/Source/startup_fgm23.o
                0x08006190                ULFRCO_IRQHandler
                0x08006190                SW2_IRQHandler
                0x08006190                TIMER2_IRQHandler
                0x08006190                DebugMon_Handler
                0x08006190                USART0_TX_IRQHandler
                0x08006190                IADC_IRQHandler
                0x08006190                EUSART0_TX_IRQHandler
                0x08006190                I2C0_IRQHandler
                0x08006190                LFXO_IRQHandler
                0x08006190                VDAC_IRQHandler
                0x08006190                HardFault_Handler
                0x08006190                SMU_SECURE_IRQHandler
                0x08006190                SysTick_Handler
                0x08006190                SYSRTC_SEQ_IRQHandler
                0x08006190                EMUEFP_IRQHandler
                0x08006190                EUSART2_TX_IRQHandler
                0x08006190                PendSV_Handler
                0x08006190                NMI_Handler
                0x08006190                SYNTH_IRQHandler
                0x08006190                HOSTMAILBOX_IRQHandler
                0x08006190                I2C1_IRQHandler
                0x08006190                WDOG0_IRQHandler
                0x08006190                TIMER3_IRQHandler
                0x08006190                SYSCFG_IRQHandler
                0x08006190                RFECA1_IRQHandler
                0x08006190                EMUDG_IRQHandler
                0x08006190                MSC_IRQHandler
                0x08006190                DPLL0_IRQHandler
                0x08006190                UsageFault_Handler
                0x08006190                WDOG1_IRQHandler
                0x08006190                M33CTI1_IRQHandler
                0x08006190                TIMER4_IRQHandler
                0x08006190                SEMBTX_IRQHandler
                0x08006190                SW0_IRQHandler
                0x08006190                LCD_IRQHandler
                0x08006190                LETIMER0_IRQHandler
                0x08006190                EUSART1_RX_IRQHandler
                0x08006190                HFRCO0_IRQHandler
                0x08006190                SecureFault_Handler
                0x08006190                BUFC_IRQHandler
                0x08006190                DCDC_IRQHandler
                0x08006190                MODEM_IRQHandler
                0x08006190                Default_Handler
                0x08006190                RAC_SEQ_IRQHandler
                0x08006190                FRC_PRI_IRQHandler
                0x08006190                EMU_IRQHandler
                0x08006190                SW3_IRQHandler
                0x08006190                KERNEL0_IRQHandler
                0x08006190                FRC_IRQHandler
                0x08006190                PCNT0_IRQHandler
                0x08006190                KERNEL1_IRQHandler
                0x08006190                AGC_IRQHandler
                0x08006190                EUSART1_TX_IRQHandler
                0x08006190                KEYSCAN_IRQHandler
                0x08006190                sl_app_properties
                0x08006190                HFRCOEM23_IRQHandler
                0x08006190                BURTC_IRQHandler
                0x08006190                SEMBRX_IRQHandler
                0x08006190                RFECA0_IRQHandler
                0x08006190                LFRCO_IRQHandler
                0x08006190                ACMP0_IRQHandler
                0x08006190                USART0_RX_IRQHandler
                0x08006190                MemManage_Handler
                0x08006190                SVC_Handler
                0x08006190                EUSART2_RX_IRQHandler
                0x08006190                SMU_S_PRIVILEGED_IRQHandler
                0x08006190                SW1_IRQHandler
                0x08006190                CMU_IRQHandler
                0x08006190                EUSART0_RX_IRQHandler
                0x08006190                RAC_RSM_IRQHandler
                0x08006190                SETAMPERHOST_IRQHandler
                0x08006190                LESENSE_IRQHandler
                0x08006190                AES_IRQHandler
                0x08006190                M33CTI0_IRQHandler
                0x08006190                ICACHE0_IRQHandler
                0x08006190                SMU_NS_PRIVILEGED_IRQHandler
                0x08006190                FPUEXH_IRQHandler
                0x08006190                PROTIMER_IRQHandler
                0x08006190                ACMP1_IRQHandler
                0x08006190                BusFault_Handler
                0x08006190                MPAHBRAM_IRQHandler
 .text.CopyMemory
                0x08006192       0x14 ./simplicity_sdk_2025.6.1/platform/Device/SiliconLabs/FGM23/Source/startup_fgm23.o
                0x08006192                CopyMemory
 .text.assertEFM
                0x080061a6        0x2 ./simplicity_sdk_2025.6.1/platform/common/src/sl_assert.o
                0x080061a6                assertEFM
 .text.sl_slist_init
                0x080061a8        0x6 ./simplicity_sdk_2025.6.1/platform/common/src/sl_slist.o
                0x080061a8                sl_slist_init
 .text._exit    0x080061ae        0x2 ./simplicity_sdk_2025.6.1/platform/common/src/sl_syscalls.o
                0x080061ae                _exit
 .text.sl_button_init
                0x080061b0        0xe ./simplicity_sdk_2025.6.1/platform/driver/button/src/sl_button.o
                0x080061b0                sl_button_init
 .text.sl_button_get_state
                0x080061be        0xe ./simplicity_sdk_2025.6.1/platform/driver/button/src/sl_button.o
                0x080061be                sl_button_get_state
 .text.sli_simple_button_on_change
                0x080061cc       0x3a ./simplicity_sdk_2025.6.1/platform/driver/button/src/sl_simple_button.o
 .text.sl_simple_button_get_state
                0x08006206        0x6 ./simplicity_sdk_2025.6.1/platform/driver/button/src/sl_simple_button.o
                0x08006206                sl_simple_button_get_state
 .text.sl_simple_button_poll_step
                0x0800620c       0x68 ./simplicity_sdk_2025.6.1/platform/driver/button/src/sl_simple_button.o
                0x0800620c                sl_simple_button_poll_step
 .text.sl_simple_button_enable
                0x08006274       0x16 ./simplicity_sdk_2025.6.1/platform/driver/button/src/sl_simple_button.o
                0x08006274                sl_simple_button_enable
 .text.sl_simple_button_disable
                0x0800628a       0x1e ./simplicity_sdk_2025.6.1/platform/driver/button/src/sl_simple_button.o
                0x0800628a                sl_simple_button_disable
 .text.sl_debug_swo_enable_itm
                0x080062a8       0x16 ./simplicity_sdk_2025.6.1/platform/driver/debug/src/sl_debug_swo.o
                0x080062a8                sl_debug_swo_enable_itm
 .text.sl_debug_swo_disable_itm
                0x080062be       0x18 ./simplicity_sdk_2025.6.1/platform/driver/debug/src/sl_debug_swo.o
                0x080062be                sl_debug_swo_disable_itm
 .text.sl_led_init
                0x080062d6        0xa ./simplicity_sdk_2025.6.1/platform/driver/leddrv/src/sl_led.o
                0x080062d6                sl_led_init
 .text.sl_led_turn_on
                0x080062e0        0xa ./simplicity_sdk_2025.6.1/platform/driver/leddrv/src/sl_led.o
                0x080062e0                sl_led_turn_on
 .text.sl_led_turn_off
                0x080062ea        0xa ./simplicity_sdk_2025.6.1/platform/driver/leddrv/src/sl_led.o
                0x080062ea                sl_led_turn_off
 .text.sl_led_toggle
                0x080062f4        0xa ./simplicity_sdk_2025.6.1/platform/driver/leddrv/src/sl_led.o
                0x080062f4                sl_led_toggle
 .text.sl_simple_led_turn_on
                0x080062fe       0x28 ./simplicity_sdk_2025.6.1/platform/driver/leddrv/src/sl_simple_led.o
                0x080062fe                sl_simple_led_turn_on
 .text.sl_simple_led_turn_off
                0x08006326       0x28 ./simplicity_sdk_2025.6.1/platform/driver/leddrv/src/sl_simple_led.o
                0x08006326                sl_simple_led_turn_off
 .text.sl_simple_led_toggle
                0x0800634e       0x1c ./simplicity_sdk_2025.6.1/platform/driver/leddrv/src/sl_simple_led.o
                0x0800634e                sl_simple_led_toggle
 .text.sl_simple_led_get_state
                0x0800636a       0x2e ./simplicity_sdk_2025.6.1/platform/driver/leddrv/src/sl_simple_led.o
                0x0800636a                sl_simple_led_get_state
 .text.DMADRV_MemoryPeripheral
                0x08006398       0x36 ./simplicity_sdk_2025.6.1/platform/emdrv/dmadrv/src/dmadrv.o
                0x08006398                DMADRV_MemoryPeripheral
 .text.DMADRV_PeripheralMemory
                0x080063ce       0x36 ./simplicity_sdk_2025.6.1/platform/emdrv/dmadrv/src/dmadrv.o
                0x080063ce                DMADRV_PeripheralMemory
 .text.em1RequestAdd
                0x08006404       0x24 ./simplicity_sdk_2025.6.1/platform/emdrv/uartdrv/src/uartdrv.o
 .text.emRequestInit
                0x08006428        0x6 ./simplicity_sdk_2025.6.1/platform/emdrv/uartdrv/src/uartdrv.o
 .text.SetupGpioUart
                0x0800642e       0x2a ./simplicity_sdk_2025.6.1/platform/emdrv/uartdrv/src/uartdrv.o
 .text.InitializeQueues
                0x08006458       0x28 ./simplicity_sdk_2025.6.1/platform/emdrv/uartdrv/src/uartdrv.o
 .text.ConfigGpio
                0x08006480       0xe8 ./simplicity_sdk_2025.6.1/platform/emdrv/uartdrv/src/uartdrv.o
 .text.HwFcGetClearToSendPin
                0x08006568       0x36 ./simplicity_sdk_2025.6.1/platform/emdrv/uartdrv/src/uartdrv.o
 .text.HwFcManageClearToSend
                0x0800659e       0x66 ./simplicity_sdk_2025.6.1/platform/emdrv/uartdrv/src/uartdrv.o
 .text.EnableReceiver
                0x08006604       0x4c ./simplicity_sdk_2025.6.1/platform/emdrv/uartdrv/src/uartdrv.o
 .text.DisableReceiver
                0x08006650       0x42 ./simplicity_sdk_2025.6.1/platform/emdrv/uartdrv/src/uartdrv.o
 .text.EnableTransmitter
                0x08006692       0x60 ./simplicity_sdk_2025.6.1/platform/emdrv/uartdrv/src/uartdrv.o
 .text.DisableTransmitter
                0x080066f2       0x58 ./simplicity_sdk_2025.6.1/platform/emdrv/uartdrv/src/uartdrv.o
 .text.FcApplyState
                0x0800674a       0xbc ./simplicity_sdk_2025.6.1/platform/emdrv/uartdrv/src/uartdrv.o
 .text.traceClkGet
                0x08006806       0x16 ./simplicity_sdk_2025.6.1/platform/emlib/src/em_cmu.o
 .text.sysTickClkGet
                0x0800681c       0x3c ./simplicity_sdk_2025.6.1/platform/emlib/src/em_cmu.o
 .text.waitStateMax
                0x08006858        0xe ./simplicity_sdk_2025.6.1/platform/emlib/src/em_cmu.o
 .text.CMU_UpdateWaitStates
                0x08006866       0x16 ./simplicity_sdk_2025.6.1/platform/emlib/src/em_cmu.o
                0x08006866                CMU_UpdateWaitStates
 .text.pclkDivMax
                0x0800687c        0xe ./simplicity_sdk_2025.6.1/platform/emlib/src/em_cmu.o
 .text.EMU_Restore
                0x0800688a        0x2 ./simplicity_sdk_2025.6.1/platform/emlib/src/em_emu.o
                0x0800688a                EMU_Restore
 .text.EMU_EFPEM01VScale
                0x0800688c        0x2 ./simplicity_sdk_2025.6.1/platform/emlib/src/em_emu.o
                0x0800688c                EMU_EFPEM01VScale
 .text.EMU_DCDCUpdatedHook
                0x0800688e        0x2 ./simplicity_sdk_2025.6.1/platform/emlib/src/em_emu.o
                0x0800688e                EMU_DCDCUpdatedHook
 .text.EUSART_Disable
                0x08006890       0x3e ./simplicity_sdk_2025.6.1/platform/emlib/src/em_eusart.o
 .text.EUSART_Tx
                0x080068ce        0xc ./simplicity_sdk_2025.6.1/platform/emlib/src/em_eusart.o
                0x080068ce                EUSART_Tx
 .text.EUSART_Spi_TxRx
                0x080068da       0x18 ./simplicity_sdk_2025.6.1/platform/emlib/src/em_eusart.o
                0x080068da                EUSART_Spi_TxRx
 .text.TIMER_SyncWait
                0x080068f2       0x12 ./simplicity_sdk_2025.6.1/platform/emlib/src/em_timer.o
                0x080068f2                TIMER_SyncWait
 .text.USART_BaudrateGet
                0x08006904       0x2a ./simplicity_sdk_2025.6.1/platform/emlib/src/em_usart.o
                0x08006904                USART_BaudrateGet
 .text.USART_Tx
                0x0800692e        0xc ./simplicity_sdk_2025.6.1/platform/emlib/src/em_usart.o
                0x0800692e                USART_Tx
 .text.sl_hal_bus_reg_write_mask
                0x0800693a       0x1c ./simplicity_sdk_2025.6.1/platform/peripheral/src/sl_hal_gpio.o
 .text.sl_hal_gpio_get_external_interrupt_number
                0x08006956       0x30 ./simplicity_sdk_2025.6.1/platform/peripheral/src/sl_hal_gpio.o
                0x08006956                sl_hal_gpio_get_external_interrupt_number
 .text.sl_clock_manager_runtime_init
                0x08006986        0x8 ./simplicity_sdk_2025.6.1/platform/service/clock_manager/src/sl_clock_manager.o
                0x08006986                sl_clock_manager_runtime_init
 .text.sli_clock_manager_hal_runtime_init
                0x0800698e        0x4 ./simplicity_sdk_2025.6.1/platform/service/clock_manager/src/sl_clock_manager_hal_s2.o
                0x0800698e                sli_clock_manager_hal_runtime_init
 .text.sl_clock_manager_init
                0x08006992        0x8 ./simplicity_sdk_2025.6.1/platform/service/clock_manager/src/sl_clock_manager_init.o
                0x08006992                sl_clock_manager_init
 .text.sl_hfxo_manager_init_hardware
                0x0800699a        0x8 ./simplicity_sdk_2025.6.1/platform/service/hfxo_manager/src/sl_hfxo_manager.o
                0x0800699a                sl_hfxo_manager_init_hardware
 .text.HFXO0_IRQHandler
                0x080069a2        0x8 ./simplicity_sdk_2025.6.1/platform/service/hfxo_manager/src/sl_hfxo_manager_hal_s2.o
                0x080069a2                HFXO0_IRQHandler
 .text.set_priority
                0x080069aa        0xa ./simplicity_sdk_2025.6.1/platform/service/interrupt_manager/src/sl_interrupt_manager_cortexm.o
 .text.get_priority
                0x080069b4        0xa ./simplicity_sdk_2025.6.1/platform/service/interrupt_manager/src/sl_interrupt_manager_cortexm.o
 .text.sli_power_manager_init_em4
                0x080069be       0x18 ./simplicity_sdk_2025.6.1/platform/service/power_manager/src/common/sl_power_manager_em4.o
                0x080069be                sli_power_manager_init_em4
 .text.sli_power_manager_initiate_restore
                0x080069d6       0x14 ./simplicity_sdk_2025.6.1/platform/service/power_manager/src/sleep_loop/sl_power_manager.o
                0x080069d6                sli_power_manager_initiate_restore
 .text.sli_power_manager_get_default_high_frequency_minimum_offtime
                0x080069ea        0xc ./simplicity_sdk_2025.6.1/platform/service/power_manager/src/sleep_loop/sl_power_manager_hal_s2.o
                0x080069ea                sli_power_manager_get_default_high_frequency_minimum_offtime
 .text.app_init_pre_clock
                0x080069f6        0x2 ./simplicity_sdk_2025.6.1/platform/service/sl_main/src/sl_main_init.o
                0x080069f6                app_init_pre_clock
 .text.app_init_early
                0x080069f8        0x2 ./simplicity_sdk_2025.6.1/platform/service/sl_main/src/sl_main_init.o
                0x080069f8                app_init_early
 .text.sl_main_second_stage_init
                0x080069fa       0x18 ./simplicity_sdk_2025.6.1/platform/service/sl_main/src/sl_main_init.o
                0x080069fa                sl_main_second_stage_init
 .text.sl_main_init
                0x08006a12       0x30 ./simplicity_sdk_2025.6.1/platform/service/sl_main/src/sl_main_init.o
                0x08006a12                sl_main_init
 .text.app_permanent_memory_alloc
                0x08006a42        0x2 ./simplicity_sdk_2025.6.1/platform/service/sl_main/src/sl_main_init_memory.o
                0x08006a42                app_permanent_memory_alloc
 .text.sli_allocate_permanent_memory
                0x08006a44       0x18 ./simplicity_sdk_2025.6.1/platform/service/sl_main/src/sl_main_init_memory.o
                0x08006a44                sli_allocate_permanent_memory
 .text.sl_main_process_action
                0x08006a5c       0x14 ./simplicity_sdk_2025.6.1/platform/service/sl_main/src/sl_main_process_action.o
                0x08006a5c                sl_main_process_action
 .text.memset   0x08006a70       0x10 c:/siliconlabs/simplicitystudio/v5/developer/toolchains/gnu_arm/12.2.rel1_2023.7/bin/../lib/gcc/arm-none-eabi/12.2.1/thumb/v8-m.main+fp/hard\libc_nano.a(libc_a-memset.o)
                0x08006a70                memset
 .text.memcpy   0x08006a80       0x1a c:/siliconlabs/simplicitystudio/v5/developer/toolchains/gnu_arm/12.2.rel1_2023.7/bin/../lib/gcc/arm-none-eabi/12.2.1/thumb/v8-m.main+fp/hard\libc_nano.a(libc_a-memcpy-stub.o)
                0x08006a80                memcpy
 *(SORT_BY_ALIGNMENT(text_*))
 *fill*         0x08006a9a        0x2 
 text_system_timecritical19225
                0x08006a9c        0xc ./simplicity_sdk_2025.6.1/platform/Device/SiliconLabs/FGM23/Source/system_fgm23.o
                0x08006a9c                SystemHFRCODPLLClockGet
 text_system_timecritical20228
                0x08006aa8       0x40 ./simplicity_sdk_2025.6.1/platform/Device/SiliconLabs/FGM23/Source/system_fgm23.o
                0x08006aa8                SystemSYSCLKGet
 text_system_timecritical16181
                0x08006ae8       0x24 ./simplicity_sdk_2025.6.1/platform/Device/SiliconLabs/FGM23/Source/system_fgm23.o
                0x08006ae8                SystemHCLKGet
 text_system_timecritical21230
                0x08006b0c        0x8 ./simplicity_sdk_2025.6.1/platform/Device/SiliconLabs/FGM23/Source/system_fgm23.o
                0x08006b0c                SystemMaxCoreClockGet
 text_system_timecritical22232
                0x08006b14        0x8 ./simplicity_sdk_2025.6.1/platform/Device/SiliconLabs/FGM23/Source/system_fgm23.o
                0x08006b14                SystemFSRCOClockGet
 text_system_timecritical23234
                0x08006b1c        0xc ./simplicity_sdk_2025.6.1/platform/Device/SiliconLabs/FGM23/Source/system_fgm23.o
                0x08006b1c                SystemHFXOClockGet
 text_system_timecritical24237
                0x08006b28        0x8 ./simplicity_sdk_2025.6.1/platform/Device/SiliconLabs/FGM23/Source/system_fgm23.o
                0x08006b28                SystemCLKIN0Get
 text_system_timecritical25239
                0x08006b30       0x94 ./simplicity_sdk_2025.6.1/platform/Device/SiliconLabs/FGM23/Source/system_fgm23.o
                0x08006b30                SystemHFRCOEM23ClockGet
 text_system_timecritical26241
                0x08006bc4        0xc ./simplicity_sdk_2025.6.1/platform/Device/SiliconLabs/FGM23/Source/system_fgm23.o
                0x08006bc4                SystemLFXOClockGet
 text_gpio_timecritical39192
                0x08006bd0       0x6c ./simplicity_sdk_2025.6.1/platform/driver/gpio/src/sl_gpio.o
                0x08006bd0                sl_gpio_toggle_pin
 text_dmadrv_timecritical30168
                0x08006c3c       0x60 ./simplicity_sdk_2025.6.1/platform/emdrv/dmadrv/src/dmadrv.o
                0x08006c3c                DMADRV_TransferActive
 text_uartdrv_timecritical71160
                0x08006c9c       0x38 ./simplicity_sdk_2025.6.1/platform/emdrv/uartdrv/src/uartdrv.o
 text_uartdrv_timecritical72815
                0x08006cd4       0x40 ./simplicity_sdk_2025.6.1/platform/emdrv/uartdrv/src/uartdrv.o
 text_uartdrv_timecritical73855
                0x08006d14       0x50 ./simplicity_sdk_2025.6.1/platform/emdrv/uartdrv/src/uartdrv.o
 text_hal_gpio_timecritical29429
                0x08006d64       0x6c ./simplicity_sdk_2025.6.1/platform/peripheral/src/sl_hal_gpio.o
                0x08006d64                sl_hal_gpio_set_pin
 text_hal_gpio_timecritical30666
                0x08006dd0       0x6c ./simplicity_sdk_2025.6.1/platform/peripheral/src/sl_hal_gpio.o
                0x08006dd0                sl_hal_gpio_toggle_pin
 text_hal_sysrtc_timecritical31625
                0x08006e3c       0x30 ./simplicity_sdk_2025.6.1/platform/peripheral/src/sl_hal_sysrtc.o
                0x08006e3c                sl_hal_sysrtc_wait_sync_group
 text_hal_sysrtc_timecritical32658
                0x08006e6c       0x20 ./simplicity_sdk_2025.6.1/platform/peripheral/src/sl_hal_sysrtc.o
                0x08006e6c                sl_hal_sysrtc_enable_group_interrupts
 text_hal_sysrtc_timecritical33674
                0x08006e8c       0x20 ./simplicity_sdk_2025.6.1/platform/peripheral/src/sl_hal_sysrtc.o
                0x08006e8c                sl_hal_sysrtc_disable_group_interrupts
 text_hal_sysrtc_timecritical34690
                0x08006eac       0x20 ./simplicity_sdk_2025.6.1/platform/peripheral/src/sl_hal_sysrtc.o
                0x08006eac                sl_hal_sysrtc_clear_group_interrupts
 text_hal_sysrtc_timecritical35709
                0x08006ecc       0x20 ./simplicity_sdk_2025.6.1/platform/peripheral/src/sl_hal_sysrtc.o
                0x08006ecc                sl_hal_sysrtc_get_group_interrupts
 text_hal_sysrtc_timecritical36758
                0x08006eec       0x2c ./simplicity_sdk_2025.6.1/platform/peripheral/src/sl_hal_sysrtc.o
                0x08006eec                sl_hal_sysrtc_get_group_compare_channel_value
 text_hal_sysrtc_timecritical37775
                0x08006f18       0x28 ./simplicity_sdk_2025.6.1/platform/peripheral/src/sl_hal_sysrtc.o
                0x08006f18                sl_hal_sysrtc_set_group_compare_channel_value
 text_hal_sysrtc_timecritical38790
                0x08006f40       0x18 ./simplicity_sdk_2025.6.1/platform/peripheral/src/sl_hal_sysrtc.o
                0x08006f40                sl_hal_sysrtc_get_group_capture_channel_value
 text_clock_manager_timecritical2674
                0x08006f58       0x38 ./simplicity_sdk_2025.6.1/platform/service/clock_manager/src/sl_clock_manager_hal_s2.o
                0x08006f58                sli_clock_manager_hal_enable_bus_clock
 text_power_manager_timecritical49164
                0x08006f90       0x70 ./simplicity_sdk_2025.6.1/platform/service/power_manager/src/common/sl_power_manager_common.o
                0x08006f90                sli_power_manager_notify_em_transition
 text_power_manager_timecritical87131
                0x08007000       0x14 ./simplicity_sdk_2025.6.1/platform/service/power_manager/src/sleep_loop/sl_power_manager.o
 text_power_manager_timecritical91145
                0x08007014       0x74 ./simplicity_sdk_2025.6.1/platform/service/power_manager/src/sleep_loop/sl_power_manager.o
 text_power_manager_timecritical92148
                0x08007088       0x64 ./simplicity_sdk_2025.6.1/platform/service/power_manager/src/sleep_loop/sl_power_manager.o
 text_power_manager_timecritical36118
                0x080070ec       0xa8 ./simplicity_sdk_2025.6.1/platform/service/power_manager/src/sleep_loop/sl_power_manager.o
                0x080070ec                sli_power_manager_update_em_requirement
 text_power_manager_timecritical57118
                0x08007194       0x34 ./simplicity_sdk_2025.6.1/platform/service/power_manager/src/sleep_loop/sl_power_manager.o
                0x08007194                sli_power_manager_get_restore_delay
 text_power_manager_timecritical6476
                0x080071c8       0x88 ./simplicity_sdk_2025.6.1/platform/service/power_manager/src/sleep_loop/sl_power_manager_hal_s2.o
                0x080071c8                sli_power_manager_save_oscillators_usage
 text_power_manager_timecritical6891
                0x08007250       0x5c ./simplicity_sdk_2025.6.1/platform/service/power_manager/src/sleep_loop/sl_power_manager_hal_s2.o
                0x08007250                sli_power_manager_restore_high_freq_accuracy_clk
 text_power_manager_timecritical6994
                0x080072ac       0x18 ./simplicity_sdk_2025.6.1/platform/service/power_manager/src/sleep_loop/sl_power_manager_hal_s2.o
                0x080072ac                sli_power_manager_is_high_freq_accuracy_clk_ready
 text_power_manager_timecritical7097
                0x080072c4       0x88 ./simplicity_sdk_2025.6.1/platform/service/power_manager/src/sleep_loop/sl_power_manager_hal_s2.o
                0x080072c4                sli_power_manager_restore_states
 text_power_manager_timecritical72125
                0x0800734c       0x24 ./simplicity_sdk_2025.6.1/platform/service/power_manager/src/sleep_loop/sl_power_manager_hal_s2.o
                0x0800734c                sli_power_manager_get_wakeup_process_time_overhead
 text_sleeptimer_timecritical83125
                0x08007370       0x48 ./simplicity_sdk_2025.6.1/platform/service/sleeptimer/src/sl_sleeptimer.o
 text_sleeptimer_timecritical85131
                0x080073b8       0x3c ./simplicity_sdk_2025.6.1/platform/service/sleeptimer/src/sl_sleeptimer.o
 text_sleeptimer_timecritical90152
                0x080073f4       0x38 ./simplicity_sdk_2025.6.1/platform/service/sleeptimer/src/sl_sleeptimer.o
 text_sleeptimer_timecritical84128
                0x0800742c       0x40 ./simplicity_sdk_2025.6.1/platform/service/sleeptimer/src/sl_sleeptimer.o
 text_sleeptimer_timecritical82121
                0x0800746c       0x60 ./simplicity_sdk_2025.6.1/platform/service/sleeptimer/src/sl_sleeptimer.o
 text_sleeptimer_timecritical88140
                0x080074cc       0x8c ./simplicity_sdk_2025.6.1/platform/service/sleeptimer/src/sl_sleeptimer.o
 text_sleeptimer_timecritical89149
                0x08007558       0xc4 ./simplicity_sdk_2025.6.1/platform/service/sleeptimer/src/sl_sleeptimer.o
 text_sleeptimer_timecritical33263
                0x0800761c       0x60 ./simplicity_sdk_2025.6.1/platform/service/sleeptimer/src/sl_sleeptimer.o
                0x0800761c                sl_sleeptimer_stop_timer
 text_sleeptimer_timecritical34276
                0x0800767c       0x40 ./simplicity_sdk_2025.6.1/platform/service/sleeptimer/src/sl_sleeptimer.o
                0x0800767c                sl_sleeptimer_is_timer_running
 text_sleeptimer_timecritical39329
                0x080076bc        0xc ./simplicity_sdk_2025.6.1/platform/service/sleeptimer/src/sl_sleeptimer.o
                0x080076bc                sl_sleeptimer_get_timer_frequency
 text_sleeptimer_timecritical52121
                0x080076c8        0xc ./simplicity_sdk_2025.6.1/platform/service/sleeptimer/src/sl_sleeptimer.o
                0x080076c8                sli_sleeptimer_update_sleep_on_isr_exit
 text_sleeptimer_timecritical66151
                0x080076d4       0xac ./simplicity_sdk_2025.6.1/platform/service/sleeptimer/src/sl_sleeptimer.o
                0x080076d4                process_timer_irq
 text_sleeptimer_timecritical6554
                0x08007780       0x1c ./simplicity_sdk_2025.6.1/platform/service/sleeptimer/src/sl_sleeptimer_hal_sysrtc.o
                0x08007780                sleeptimer_hal_get_counter
 text_sleeptimer_timecritical6879
                0x0800779c       0x4c ./simplicity_sdk_2025.6.1/platform/service/sleeptimer/src/sl_sleeptimer_hal_sysrtc.o
                0x0800779c                sleeptimer_hal_set_compare_prs_hfxo_startup
 text_sleeptimer_timecritical6985
                0x080077e8       0x1c ./simplicity_sdk_2025.6.1/platform/service/sleeptimer/src/sl_sleeptimer_hal_sysrtc.o
                0x080077e8                sleeptimer_hal_get_timer_frequency
 text_sleeptimer_timecritical6770
                0x08007804       0x70 ./simplicity_sdk_2025.6.1/platform/service/sleeptimer/src/sl_sleeptimer_hal_sysrtc.o
                0x08007804                sleeptimer_hal_set_compare
 text_sleeptimer_timecritical71101
                0x08007874       0x34 ./simplicity_sdk_2025.6.1/platform/service/sleeptimer/src/sl_sleeptimer_hal_sysrtc.o
                0x08007874                sleeptimer_hal_disable_int
 text_sleeptimer_timecritical72109
                0x080078a8       0x14 ./simplicity_sdk_2025.6.1/platform/service/sleeptimer/src/sl_sleeptimer_hal_sysrtc.o
                0x080078a8                sleeptimer_hal_set_int
 text_sleeptimer_timecritical75143
                0x080078bc       0x20 ./simplicity_sdk_2025.6.1/platform/service/sleeptimer/src/sl_sleeptimer_hal_sysrtc.o
                0x080078bc                sleeptimer_hal_disable_prs_compare_and_capture_channel
 text_system_timecritical27244
                0x080078dc        0x6 ./simplicity_sdk_2025.6.1/platform/Device/SiliconLabs/FGM23/Source/system_fgm23.o
                0x080078dc                SystemLFRCOClockGet
 text_system_timecritical28246
                0x080078e2        0x6 ./simplicity_sdk_2025.6.1/platform/Device/SiliconLabs/FGM23/Source/system_fgm23.o
                0x080078e2                SystemULFRCOClockGet
 text_core_timecritical2307
                0x080078e8        0xa ./simplicity_sdk_2025.6.1/platform/common/src/sl_core_cortexm.o
                0x080078e8                CORE_ExitCritical
 text_core_timecritical4331
                0x080078f2        0x8 ./simplicity_sdk_2025.6.1/platform/common/src/sl_core_cortexm.o
                0x080078f2                CORE_EnterCritical
 text_core_timecritical7363
                0x080078fa        0xa ./simplicity_sdk_2025.6.1/platform/common/src/sl_core_cortexm.o
                0x080078fa                CORE_ExitAtomic
 text_core_timecritical9387
                0x08007904        0xc ./simplicity_sdk_2025.6.1/platform/common/src/sl_core_cortexm.o
                0x08007904                CORE_EnterAtomic
 text_power_manager_timecritical38182
                0x08007910       0x1a ./simplicity_sdk_2025.6.1/platform/emdrv/uartdrv/src/uartdrv.o
 text_power_manager_timecritical39200
                0x0800792a       0x1a ./simplicity_sdk_2025.6.1/platform/emdrv/uartdrv/src/uartdrv.o
 text_clock_manager_timecritical1352
                0x08007944        0xe ./simplicity_sdk_2025.6.1/platform/service/clock_manager/src/sl_clock_manager.o
                0x08007944                sl_clock_manager_get_clock_branch_frequency
 text_clock_manager_timecritical2380
                0x08007952        0xa ./simplicity_sdk_2025.6.1/platform/service/clock_manager/src/sl_clock_manager.o
                0x08007952                sl_clock_manager_enable_bus_clock
 text_clock_manager_timecritical3394
                0x0800795c        0xa ./simplicity_sdk_2025.6.1/platform/service/clock_manager/src/sl_clock_manager.o
                0x0800795c                sl_clock_manager_disable_bus_clock
 text_clock_manager_timecritical2561
                0x08007966      0x168 ./simplicity_sdk_2025.6.1/platform/service/clock_manager/src/sl_clock_manager_hal_s2.o
                0x08007966                sli_clock_manager_hal_get_clock_branch_frequency
 text_sleeptimer_timecritical29161
                0x08007ace       0x4c ./simplicity_sdk_2025.6.1/platform/service/sleeptimer/src/sl_sleeptimer.o
                0x08007ace                sl_sleeptimer_start_timer
 text_sleeptimer_timecritical37313
                0x08007b1a       0x18 ./simplicity_sdk_2025.6.1/platform/service/sleeptimer/src/sl_sleeptimer.o
                0x08007b1a                sl_sleeptimer_get_tick_count
 text_sleeptimer_timecritical53130
                0x08007b32        0x8 ./simplicity_sdk_2025.6.1/platform/service/sleeptimer/src/sl_sleeptimer.o
                0x08007b32                sli_sleeptimer_get_capture
 text_sleeptimer_timecritical54136
                0x08007b3a        0x8 ./simplicity_sdk_2025.6.1/platform/service/sleeptimer/src/sl_sleeptimer.o
                0x08007b3a                sli_sleeptimer_reset_prs_signal
 text_sleeptimer_timecritical61111
                0x08007b42        0x2 ./simplicity_sdk_2025.6.1/platform/service/sleeptimer/src/sl_sleeptimer_hal_sysrtc.o
                0x08007b42                sli_sleeptimer_set_pm_em_requirement
 text_sleeptimer_timecritical6662