Archive member included to satisfy reference by file (symbol)

c:/siliconlabs/simplicitystudio/v5/developer/toolchains/gnu_arm/12.2.rel1_2023.7/bin/../lib/gcc/arm-none-eabi/12.2.1/thumb/v8-m.main+fp/hard\libgcc.a(_aeabi_uldivmod.o)
                              ./simplicity_sdk_2025.6.1/platform/emdrv/ustimer/src/ustimer.o (__aeabi_uldivmod)
c:/siliconlabs/simplicitystudio/v5/developer/toolchains/gnu_arm/12.2.rel1_2023.7/bin/../lib/gcc/arm-none-eabi/12.2.1/thumb/v8-m.main+fp/hard\libgcc.a(_udivmoddi4.o)
                              c:/siliconlabs/simplicitystudio/v5/developer/toolchains/gnu_arm/12.2.rel1_2023.7/bin/../lib/gcc/arm-none-eabi/12.2.1/thumb/v8-m.main+fp/hard\libgcc.a(_aeabi_uldivmod.o) (__udivmoddi4)
c:/siliconlabs/simplicitystudio/v5/developer/toolchains/gnu_arm/12.2.rel1_2023.7/bin/../lib/gcc/arm-none-eabi/12.2.1/thumb/v8-m.main+fp/hard\libgcc.a(_dvmd_tls.o)
                              c:/siliconlabs/simplicitystudio/v5/developer/toolchains/gnu_arm/12.2.rel1_2023.7/bin/../lib/gcc/arm-none-eabi/12.2.1/thumb/v8-m.main+fp/hard\libgcc.a(_aeabi_uldivmod.o) (__aeabi_ldiv0)
c:/siliconlabs/simplicitystudio/v5/developer/toolchains/gnu_arm/12.2.rel1_2023.7/bin/../lib/gcc/arm-none-eabi/12.2.1/thumb/v8-m.main+fp/hard\libc_nano.a(libc_a-exit.o)
                              c:/siliconlabs/simplicitystudio/v5/developer/toolchains/gnu_arm/12.2.rel1_2023.7/bin/../lib/gcc/arm-none-eabi/12.2.1/thumb/v8-m.main+fp/hard/crt0.o (exit)
c:/siliconlabs/simplicitystudio/v5/developer/toolchains/gnu_arm/12.2.rel1_2023.7/bin/../lib/gcc/arm-none-eabi/12.2.1/thumb/v8-m.main+fp/hard\libc_nano.a(libc_a-findfp.o)
                              c:/siliconlabs/simplicitystudio/v5/developer/toolchains/gnu_arm/12.2.rel1_2023.7/bin/../lib/gcc/arm-none-eabi/12.2.1/thumb/v8-m.main+fp/hard\libc_nano.a(libc_a-exit.o) (__stdio_exit_handler)
c:/siliconlabs/simplicitystudio/v5/developer/toolchains/gnu_arm/12.2.rel1_2023.7/bin/../lib/gcc/arm-none-eabi/12.2.1/thumb/v8-m.main+fp/hard\libc_nano.a(libc_a-fwalk.o)
                              c:/siliconlabs/simplicitystudio/v5/developer/toolchains/gnu_arm/12.2.rel1_2023.7/bin/../lib/gcc/arm-none-eabi/12.2.1/thumb/v8-m.main+fp/hard\libc_nano.a(libc_a-findfp.o) (_fwalk_sglue)
c:/siliconlabs/simplicitystudio/v5/developer/toolchains/gnu_arm/12.2.rel1_2023.7/bin/../lib/gcc/arm-none-eabi/12.2.1/thumb/v8-m.main+fp/hard\libc_nano.a(libc_a-stdio.o)
                              c:/siliconlabs/simplicitystudio/v5/developer/toolchains/gnu_arm/12.2.rel1_2023.7/bin/../lib/gcc/arm-none-eabi/12.2.1/thumb/v8-m.main+fp/hard\libc_nano.a(libc_a-findfp.o) (__sread)
c:/siliconlabs/simplicitystudio/v5/developer/toolchains/gnu_arm/12.2.rel1_2023.7/bin/../lib/gcc/arm-none-eabi/12.2.1/thumb/v8-m.main+fp/hard\libc_nano.a(libc_a-memset.o)
                              c:/siliconlabs/simplicitystudio/v5/developer/toolchains/gnu_arm/12.2.rel1_2023.7/bin/../lib/gcc/arm-none-eabi/12.2.1/thumb/v8-m.main+fp/hard/crt0.o (memset)
c:/siliconlabs/simplicitystudio/v5/developer/toolchains/gnu_arm/12.2.rel1_2023.7/bin/../lib/gcc/arm-none-eabi/12.2.1/thumb/v8-m.main+fp/hard\libc_nano.a(libc_a-closer.o)
                              c:/siliconlabs/simplicitystudio/v5/developer/toolchains/gnu_arm/12.2.rel1_2023.7/bin/../lib/gcc/arm-none-eabi/12.2.1/thumb/v8-m.main+fp/hard\libc_nano.a(libc_a-stdio.o) (_close_r)
c:/siliconlabs/simplicitystudio/v5/developer/toolchains/gnu_arm/12.2.rel1_2023.7/bin/../lib/gcc/arm-none-eabi/12.2.1/thumb/v8-m.main+fp/hard\libc_nano.a(libc_a-reent.o)
                              c:/siliconlabs/simplicitystudio/v5/developer/toolchains/gnu_arm/12.2.rel1_2023.7/bin/../lib/gcc/arm-none-eabi/12.2.1/thumb/v8-m.main+fp/hard\libc_nano.a(libc_a-closer.o) (errno)
c:/siliconlabs/simplicitystudio/v5/developer/toolchains/gnu_arm/12.2.rel1_2023.7/bin/../lib/gcc/arm-none-eabi/12.2.1/thumb/v8-m.main+fp/hard\libc_nano.a(libc_a-impure.o)
                              c:/siliconlabs/simplicitystudio/v5/developer/toolchains/gnu_arm/12.2.rel1_2023.7/bin/../lib/gcc/arm-none-eabi/12.2.1/thumb/v8-m.main+fp/hard\libc_nano.a(libc_a-reent.o) (_impure_ptr)
c:/siliconlabs/simplicitystudio/v5/developer/toolchains/gnu_arm/12.2.rel1_2023.7/bin/../lib/gcc/arm-none-eabi/12.2.1/thumb/v8-m.main+fp/hard\libc_nano.a(libc_a-lseekr.o)
                              c:/siliconlabs/simplicitystudio/v5/developer/toolchains/gnu_arm/12.2.rel1_2023.7/bin/../lib/gcc/arm-none-eabi/12.2.1/thumb/v8-m.main+fp/hard\libc_nano.a(libc_a-stdio.o) (_lseek_r)
c:/siliconlabs/simplicitystudio/v5/developer/toolchains/gnu_arm/12.2.rel1_2023.7/bin/../lib/gcc/arm-none-eabi/12.2.1/thumb/v8-m.main+fp/hard\libc_nano.a(libc_a-readr.o)
                              c:/siliconlabs/simplicitystudio/v5/developer/toolchains/gnu_arm/12.2.rel1_2023.7/bin/../lib/gcc/arm-none-eabi/12.2.1/thumb/v8-m.main+fp/hard\libc_nano.a(libc_a-stdio.o) (_read_r)
[...]
Memory Configuration

Name             Origin             Length             Attributes
FLASH            0x08000000         0x0007e000         xr
RAM              0x20000000         0x00010000         xrw
*default*        0x00000000         0xffffffff

Linker script and memory map

LOAD c:/siliconlabs/simplicitystudio/v5/developer/toolchains/gnu_arm/12.2.rel1_2023.7/bin/../lib/gcc/arm-none-eabi/12.2.1/thumb/v8-m.main+fp/hard/crti.o
LOAD c:/siliconlabs/simplicitystudio/v5/developer/toolchains/gnu_arm/12.2.rel1_2023.7/bin/../lib/gcc/arm-none-eabi/12.2.1/thumb/v8-m.main+fp/hard/crtbegin.o
LOAD c:/siliconlabs/simplicitystudio/v5/developer/toolchains/gnu_arm/12.2.rel1_2023.7/bin/../lib/gcc/arm-none-eabi/12.2.1/thumb/v8-m.main+fp/hard/crt0.o
START GROUP
LOAD ./API/Connect/Connect.o
LOAD ./app.o
LOAD ./main.o
LOAD ./simple_button_baremetal.o
LOAD ./autogen/sl_board_default_init.o
LOAD ./autogen/sl_event_handler.o
LOAD ./autogen/sl_power_manager_handler.o
LOAD ./autogen/sl_simple_button_instances.o
LOAD ./autogen/sl_simple_led_instances.o
LOAD ./autogen/sl_uartdrv_init.o
LOAD ./simplicity_sdk_2025.6.1/hardware/board/src/sl_board_control_gpio.o
LOAD ./simplicity_sdk_2025.6.1/hardware/board/src/sl_board_init.o
LOAD ./simplicity_sdk_2025.6.1/hardware/driver/configuration_over_swo/src/sl_cos.o
LOAD ./simplicity_sdk_2025.6.1/hardware/driver/mx25_flash_shutdown/src/sl_mx25_flash_shutdown_eusart/sl_mx25_flash_shutdown.o
LOAD ./simplicity_sdk_2025.6.1/platform/Device/SiliconLabs/FGM23/Source/startup_fgm23.o
LOAD ./simplicity_sdk_2025.6.1/platform/Device/SiliconLabs/FGM23/Source/system_fgm23.o
LOAD ./simplicity_sdk_2025.6.1/platform/common/src/sl_assert.o
LOAD ./simplicity_sdk_2025.6.1/platform/common/src/sl_core_cortexm.o
LOAD ./simplicity_sdk_2025.6.1/platform/common/src/sl_slist.o
LOAD ./simplicity_sdk_2025.6.1/platform/common/src/sl_syscalls.o
LOAD ./simplicity_sdk_2025.6.1/platform/driver/button/src/sl_button.o
LOAD ./simplicity_sdk_2025.6.1/platform/driver/button/src/sl_simple_button.o
LOAD ./simplicity_sdk_2025.6.1/platform/driver/debug/src/sl_debug_swo.o
LOAD ./simplicity_sdk_2025.6.1/platform/driver/gpio/src/sl_gpio.o
LOAD ./simplicity_sdk_2025.6.1/platform/driver/leddrv/src/sl_led.o
LOAD ./simplicity_sdk_2025.6.1/platform/driver/leddrv/src/sl_simple_led.o
LOAD ./simplicity_sdk_2025.6.1/platform/emdrv/dmadrv/src/dmadrv.o
LOAD ./simplicity_sdk_2025.6.1/platform/emdrv/uartdrv/src/uartdrv.o
LOAD ./simplicity_sdk_2025.6.1/platform/emdrv/ustimer/src/ustimer.o
LOAD ./simplicity_sdk_2025.6.1/platform/emlib/src/em_burtc.o
LOAD ./simplicity_sdk_2025.6.1/platform/emlib/src/em_cmu.o
LOAD ./simplicity_sdk_2025.6.1/platform/emlib/src/em_emu.o
LOAD ./simplicity_sdk_2025.6.1/platform/emlib/src/em_eusart.o
LOAD ./simplicity_sdk_2025.6.1/platform/emlib/src/em_gpio.o
LOAD ./simplicity_sdk_2025.6.1/platform/emlib/src/em_ldma.o
LOAD ./simplicity_sdk_2025.6.1/platform/emlib/src/em_msc.o
LOAD ./simplicity_sdk_2025.6.1/platform/emlib/src/em_prs.o
LOAD ./simplicity_sdk_2025.6.1/platform/emlib/src/em_system.o
LOAD ./simplicity_sdk_2025.6.1/platform/emlib/src/em_timer.o
LOAD ./simplicity_sdk_2025.6.1/platform/emlib/src/em_usart.o
LOAD ./simplicity_sdk_2025.6.1/platform/peripheral/src/sl_hal_gpio.o
LOAD ./simplicity_sdk_2025.6.1/platform/peripheral/src/sl_hal_sysrtc.o
LOAD ./simplicity_sdk_2025.6.1/platform/peripheral/src/sl_hal_timer.o
LOAD ./simplicity_sdk_2025.6.1/platform/service/clock_manager/src/sl_clock_manager.o
LOAD ./simplicity_sdk_2025.6.1/platform/service/clock_manager/src/sl_clock_manager_hal_s2.o
LOAD ./simplicity_sdk_2025.6.1/platform/service/clock_manager/src/sl_clock_manager_init.o
LOAD ./simplicity_sdk_2025.6.1/platform/service/clock_manager/src/sl_clock_manager_init_hal_s2.o
LOAD ./simplicity_sdk_2025.6.1/platform/service/device_init/src/sl_device_init_dcdc_s2.o
LOAD ./simplicity_sdk_2025.6.1/platform/service/device_manager/clocks/sl_device_clock_efr32xg23.o
LOAD ./simplicity_sdk_2025.6.1/platform/service/device_manager/devices/sl_device_peripheral_hal_efr32xg23.o
LOAD ./simplicity_sdk_2025.6.1/platform/service/device_manager/src/sl_device_clock.o
LOAD ./simplicity_sdk_2025.6.1/platform/service/device_manager/src/sl_device_gpio.o
LOAD ./simplicity_sdk_2025.6.1/platform/service/device_manager/src/sl_device_peripheral.o
LOAD ./simplicity_sdk_2025.6.1/platform/service/hfxo_manager/src/sl_hfxo_manager.o
LOAD ./simplicity_sdk_2025.6.1/platform/service/hfxo_manager/src/sl_hfxo_manager_hal_s2.o
LOAD ./simplicity_sdk_2025.6.1/platform/service/interrupt_manager/src/sl_interrupt_manager_cortexm.o
LOAD ./simplicity_sdk_2025.6.1/platform/service/memory_manager/src/sl_memory_manager_region.o
LOAD ./simplicity_sdk_2025.6.1/platform/service/power_manager/src/common/sl_power_manager_common.o
LOAD ./simplicity_sdk_2025.6.1/platform/service/power_manager/src/common/sl_power_manager_em4.o
LOAD ./simplicity_sdk_2025.6.1/platform/service/power_manager/src/sleep_loop/sl_power_manager.o
LOAD ./simplicity_sdk_2025.6.1/platform/service/power_manager/src/sleep_loop/sl_power_manager_debug.o
LOAD ./simplicity_sdk_2025.6.1/platform/service/power_manager/src/sleep_loop/sl_power_manager_hal_s2.o
LOAD ./simplicity_sdk_2025.6.1/platform/service/sl_main/src/sl_main_init.o
LOAD ./simplicity_sdk_2025.6.1/platform/service/sl_main/src/sl_main_init_memory.o
LOAD ./simplicity_sdk_2025.6.1/platform/service/sl_main/src/sl_main_process_action.o
LOAD ./simplicity_sdk_2025.6.1/platform/service/sleeptimer/src/sl_sleeptimer.o
LOAD ./simplicity_sdk_2025.6.1/platform/service/sleeptimer/src/sl_sleeptimer_hal_burtc.o
LOAD ./simplicity_sdk_2025.6.1/platform/service/sleeptimer/src/sl_sleeptimer_hal_sysrtc.o
LOAD ./simplicity_sdk_2025.6.1/platform/service/sleeptimer/src/sl_sleeptimer_hal_timer.o
LOAD ./simplicity_sdk_2025.6.1/platform/service/udelay/src/sl_udelay.o
LOAD ./simplicity_sdk_2025.6.1/platform/service/udelay/src/sl_udelay_armv6m_gcc.o
LOAD c:/siliconlabs/simplicitystudio/v5/developer/toolchains/gnu_arm/12.2.rel1_2023.7/bin/../lib/gcc/arm-none-eabi/12.2.1/thumb/v8-m.main+fp/hard\libgcc.a
LOAD c:/siliconlabs/simplicitystudio/v5/developer/toolchains/gnu_arm/12.2.rel1_2023.7/bin/../lib/gcc/arm-none-eabi/12.2.1/thumb/v8-m.main+fp/hard\libc_nano.a
LOAD c:/siliconlabs/simplicitystudio/v5/developer/toolchains/gnu_arm/12.2.rel1_2023.7/bin/../lib/gcc/arm-none-eabi/12.2.1/thumb/v8-m.main+fp/hard\libm.a
LOAD c:/siliconlabs/simplicitystudio/v5/developer/toolchains/gnu_arm/12.2.rel1_2023.7/bin/../lib/gcc/arm-none-eabi/12.2.1/thumb/v8-m.main+fp/hard\libnosys.a
END GROUP
START GROUP
LOAD c:/siliconlabs/simplicitystudio/v5/developer/toolchains/gnu_arm/12.2.rel1_2023.7/bin/../lib/gcc/arm-none-eabi/12.2.1/thumb/v8-m.main+fp/hard\libgcc.a
LOAD c:/siliconlabs/simplicitystudio/v5/developer/toolchains/gnu_arm/12.2.rel1_2023.7/bin/../lib/gcc/arm-none-eabi/12.2.1/thumb/v8-m.main+fp/hard\libc_nano.a
LOAD c:/siliconlabs/simplicitystudio/v5/developer/toolchains/gnu_arm/12.2.rel1_2023.7/bin/../lib/gcc/arm-none-eabi/12.2.1/thumb/v8-m.main+fp/hard\libnosys.a
END GROUP
START GROUP
LOAD c:/siliconlabs/simplicitystudio/v5/developer/toolchains/gnu_arm/12.2.rel1_2023.7/bin/../lib/gcc/arm-none-eabi/12.2.1/thumb/v8-m.main+fp/hard\libgcc.a
LOAD c:/siliconlabs/simplicitystudio/v5/developer/toolchains/gnu_arm/12.2.rel1_2023.7/bin/../lib/gcc/arm-none-eabi/12.2.1/thumb/v8-m.main+fp/hard\libg_nano.a
LOAD c:/siliconlabs/simplicitystudio/v5/developer/toolchains/gnu_arm/12.2.rel1_2023.7/bin/../lib/gcc/arm-none-eabi/12.2.1/thumb/v8-m.main+fp/hard\libc_nano.a
END GROUP
START GROUP
LOAD c:/siliconlabs/simplicitystudio/v5/developer/toolchains/gnu_arm/12.2.rel1_2023.7/bin/../lib/gcc/arm-none-eabi/12.2.1/thumb/v8-m.main+fp/hard\libgcc.a
LOAD c:/siliconlabs/simplicitystudio/v5/developer/toolchains/gnu_arm/12.2.rel1_2023.7/bin/../lib/gcc/arm-none-eabi/12.2.1/thumb/v8-m.main+fp/hard\libc_nano.a
END GROUP
LOAD c:/siliconlabs/simplicitystudio/v5/developer/toolchains/gnu_arm/12.2.rel1_2023.7/bin/../lib/gcc/arm-none-eabi/12.2.1/thumb/v8-m.main+fp/hard/crtend.o
LOAD c:/siliconlabs/simplicitystudio/v5/developer/toolchains/gnu_arm/12.2.rel1_2023.7/bin/../lib/gcc/arm-none-eabi/12.2.1/thumb/v8-m.main+fp/hard/crtn.o

.vectors        0x08000000      0x170
                0x08000000                linker_vectors_begin = .
 *(.vectors)
 .vectors       0x08000000      0x170 ./simplicity_sdk_2025.6.1/platform/Device/SiliconLabs/FGM23/Source/startup_fgm23.o
                0x08000000                __Vectors
                0x08000170                linker_vectors_end = .
                0x08000170                __Vectors_End = .
                0x08000170                __Vectors_Size = (__Vectors_End - __Vectors)
                0x08000170                __lma_ramfuncs_start__ = .

.stack          0x20000000     0x1000
                0x20000000                . = ALIGN (0x8)
                0x20000000                __StackLimit = .
 *(.stack*)
 .stack         0x20000000     0x1000 ./simplicity_sdk_2025.6.1/platform/service/memory_manager/src/sl_memory_manager_region.o
                0x20001000                . = ALIGN (0x4)
                0x20001000                __StackTop = .
                0x20001000                PROVIDE (__stack = __StackTop)

.bss            0x20001000      0x47c
                0x20001000                . = ALIGN (0x4)
                0x20001000                __bss_start__ = .
 *(SORT_BY_ALIGNMENT(.bss*))
 .bss.object.0  0x20001000       0x18 c:/siliconlabs/simplicitystudio/v5/developer/toolchains/gnu_arm/12.2.rel1_2023.7/bin/../lib/gcc/arm-none-eabi/12.2.1/thumb/v8-m.main+fp/hard/crtbegin.o
 .bss.count.0   0x20001018        0x4 ./API/Connect/Connect.o
 .bss.irq_flag  0x2000101c        0x4 ./API/Connect/Connect.o
 .bss.ConnectLR
                0x20001020       0x5a ./API/Connect/Connect.o
                0x20001020                ConnectLR
 *fill*         0x2000107a        0x2 
 .bss.sli_uartdrv_default_handle
                0x2000107c        0x4 ./autogen/sl_uartdrv_init.o
 .bss.sl_uartdrv_usart_central_handle_data
                0x20001080       0x64 ./autogen/sl_uartdrv_init.o
                0x20001080                sl_uartdrv_usart_central_handle_data
 .bss.uartdrv_handle
                0x200010e4        0x4 ./simplicity_sdk_2025.6.1/hardware/driver/configuration_over_swo/src/sl_cos.o
 .bss.gpio_interrupts
                0x200010e8      0x168 ./simplicity_sdk_2025.6.1/platform/driver/gpio/src/sl_gpio.o
 .bss.dmaXfer   0x20001250      0x100 ./simplicity_sdk_2025.6.1/platform/emdrv/dmadrv/src/dmadrv.o
 .bss.chTable   0x20001350       0x80 ./simplicity_sdk_2025.6.1/platform/emdrv/dmadrv/src/dmadrv.o
 .bss.uartdrvHandle
                0x200013d0       0x10 ./simplicity_sdk_2025.6.1/platform/emdrv/uartdrv/src/uartdrv.o
 .bss.minTicks  0x200013e0        0x4 ./simplicity_sdk_2025.6.1/platform/emdrv/ustimer/src/ustimer.o
 .bss.freq      0x200013e4        0x4 ./simplicity_sdk_2025.6.1/platform/emdrv/ustimer/src/ustimer.o
 .bss.vScaleEM01Config
                0x200013e8        0x1 ./simplicity_sdk_2025.6.1/platform/emlib/src/em_emu.o
 *fill*         0x200013e9        0x3 
 .bss.hfxo_startup_time_tc_initial
                0x200013ec        0x4 ./simplicity_sdk_2025.6.1/platform/service/hfxo_manager/src/sl_hfxo_manager.o
 .bss.hfxo_startup_time_sum_average
                0x200013f0        0x4 ./simplicity_sdk_2025.6.1/platform/service/hfxo_manager/src/sl_hfxo_manager.o
 .bss.hfxo_startup_time_table
                0x200013f4       0x28 ./simplicity_sdk_2025.6.1/platform/service/hfxo_manager/src/sl_hfxo_manager.o
 .bss.hfxo_last_startup_time
                0x2000141c        0x4 ./simplicity_sdk_2025.6.1/platform/service/hfxo_manager/src/sl_hfxo_manager.o
 .bss.hfxo_startup_time_tick
                0x20001420        0x4 ./simplicity_sdk_2025.6.1/platform/service/hfxo_manager/src/sl_hfxo_manager.o
 .bss.power_manager_em_transition_event_list
                0x20001424        0x4 ./simplicity_sdk_2025.6.1/platform/service/power_manager/src/common/sl_power_manager_common.o
 .bss.wakeup_time_config_overhead_tick
                0x20001428        0x4 ./simplicity_sdk_2025.6.1/platform/service/power_manager/src/sleep_loop/sl_power_manager.o
                0x20001428                wakeup_time_config_overhead_tick
 .bss.high_frequency_min_offtime_tick
                0x2000142c        0x4 ./simplicity_sdk_2025.6.1/platform/service/power_manager/src/sleep_loop/sl_power_manager.o
                0x2000142c                high_frequency_min_offtime_tick
 .bss.sleeptimer_frequency
                0x20001430        0x4 ./simplicity_sdk_2025.6.1/platform/service/power_manager/src/sleep_loop/sl_power_manager.o
 .bss.process_wakeup_overhead_tick
                0x20001434        0x4 ./simplicity_sdk_2025.6.1/platform/service/power_manager/src/sleep_loop/sl_power_manager_hal_s2.o
 .bss.cmu_sys_clock_register
                0x20001438        0x4 ./simplicity_sdk_2025.6.1/platform/service/power_manager/src/sleep_loop/sl_power_manager_hal_s2.o
                0x20001438                cmu_sys_clock_register
 .bss.cmu_dpll_ref_clock_register
                0x2000143c        0x4 ./simplicity_sdk_2025.6.1/platform/service/power_manager/src/sleep_loop/sl_power_manager_hal_s2.o
                0x2000143c                cmu_dpll_ref_clock_register
 .bss.cmu_em01_grpC_clock_register
                0x20001440        0x4 ./simplicity_sdk_2025.6.1/platform/service/power_manager/src/sleep_loop/sl_power_manager_hal_s2.o
                0x20001440                cmu_em01_grpC_clock_register
 .bss.cmu_em01_grpA_clock_register
                0x20001444        0x4 ./simplicity_sdk_2025.6.1/platform/service/power_manager/src/sleep_loop/sl_power_manager_hal_s2.o
                0x20001444                cmu_em01_grpA_clock_register
 .bss.max_millisecond_conversion
                0x20001448        0x4 ./simplicity_sdk_2025.6.1/platform/service/sleeptimer/src/sl_sleeptimer.o
 .bss.last_delta_update_count
                0x2000144c        0x4 ./simplicity_sdk_2025.6.1/platform/service/sleeptimer/src/sl_sleeptimer.o
 .bss.timer_head
                0x20001450        0x4 ./simplicity_sdk_2025.6.1/platform/service/sleeptimer/src/sl_sleeptimer.o
 .bss.timer_frequency
                0x20001454        0x4 ./simplicity_sdk_2025.6.1/platform/service/sleeptimer/src/sl_sleeptimer.o
 .bss.overflow_counter
                0x20001458        0x4 ./simplicity_sdk_2025.6.1/platform/service/sleeptimer/src/sl_sleeptimer.o
 .bss.__stdio_exit_handler
                0x2000145c        0x4 c:/siliconlabs/simplicitystudio/v5/developer/toolchains/gnu_arm/12.2.rel1_2023.7/bin/../lib/gcc/arm-none-eabi/12.2.1/thumb/v8-m.main+fp/hard\libc_nano.a(libc_a-findfp.o)
                0x2000145c                __stdio_exit_handler
 .bss.completed.1
                0x20001460        0x1 c:/siliconlabs/simplicitystudio/v5/developer/toolchains/gnu_arm/12.2.rel1_2023.7/bin/../lib/gcc/arm-none-eabi/12.2.1/thumb/v8-m.main+fp/hard/crtbegin.o
 .bss.bt1_press
                0x20001461        0x1 ./simple_button_baremetal.o
                0x20001461                bt1_press
 .bss.bt0_press
                0x20001462        0x1 ./simple_button_baremetal.o
                0x20001462                bt0_press
 .bss.initialized
                0x20001463        0x1 ./simplicity_sdk_2025.6.1/platform/emdrv/dmadrv/src/dmadrv.o
 .bss.uartdrvHandleIsInitialized
                0x20001464        0x1 ./simplicity_sdk_2025.6.1/platform/emdrv/uartdrv/src/uartdrv.o
 .bss.timeElapsed
                0x20001465        0x1 ./simplicity_sdk_2025.6.1/platform/emdrv/ustimer/src/ustimer.o
 .bss.pclkDiv   0x20001466        0x1 ./simplicity_sdk_2025.6.1/platform/emlib/src/em_cmu.o
 .bss.hfxo_measurement_on
                0x20001467        0x1 ./simplicity_sdk_2025.6.1/platform/service/hfxo_manager/src/sl_hfxo_manager.o
 .bss.hfxo_startup_time_table_index
                0x20001468        0x1 ./simplicity_sdk_2025.6.1/platform/service/hfxo_manager/src/sl_hfxo_manager.o
 .bss.error_flag
                0x20001469        0x1 ./simplicity_sdk_2025.6.1/platform/service/hfxo_manager/src/sl_hfxo_manager_hal_s2.o
 .bss.is_interrupt_manager_initialized
                0x2000146a        0x1 ./simplicity_sdk_2025.6.1/platform/service/interrupt_manager/src/sl_interrupt_manager_cortexm.o
 .bss.is_restored_from_hfxo_isr_internal
                0x2000146b        0x1 ./simplicity_sdk_2025.6.1/platform/service/power_manager/src/sleep_loop/sl_power_manager.o
 .bss.is_restored_from_hfxo_isr
                0x2000146c        0x1 ./simplicity_sdk_2025.6.1/platform/service/power_manager/src/sleep_loop/sl_power_manager.o
 .bss.is_actively_waiting_for_clock_restore
                0x2000146d        0x1 ./simplicity_sdk_2025.6.1/platform/service/power_manager/src/sleep_loop/sl_power_manager.o
 .bss.is_hf_x_oscillator_not_preserved
                0x2000146e        0x1 ./simplicity_sdk_2025.6.1/platform/service/power_manager/src/sleep_loop/sl_power_manager.o
 .bss.is_states_saved
                0x2000146f        0x1 ./simplicity_sdk_2025.6.1/platform/service/power_manager/src/sleep_loop/sl_power_manager.o
 .bss.is_sleeping_waiting_for_clock_restore
                0x20001470        0x1 ./simplicity_sdk_2025.6.1/platform/service/power_manager/src/sleep_loop/sl_power_manager.o
 .bss.waiting_clock_restore_from_em
                0x20001471        0x1 ./simplicity_sdk_2025.6.1/platform/service/power_manager/src/sleep_loop/sl_power_manager.o
 .bss.requirement_em1
                0x20001472        0x1 ./simplicity_sdk_2025.6.1/platform/service/power_manager/src/sleep_loop/sl_power_manager.o
 .bss.current_em
                0x20001473        0x1 ./simplicity_sdk_2025.6.1/platform/service/power_manager/src/sleep_loop/sl_power_manager.o
 .bss.is_initialized
                0x20001474        0x1 ./simplicity_sdk_2025.6.1/platform/service/power_manager/src/sleep_loop/sl_power_manager.o
 .bss.is_hf_x_oscillator_already_started
                0x20001475        0x1 ./simplicity_sdk_2025.6.1/platform/service/power_manager/src/sleep_loop/sl_power_manager_hal_s2.o
 .bss.is_dpll_used
                0x20001476        0x1 ./simplicity_sdk_2025.6.1/platform/service/power_manager/src/sleep_loop/sl_power_manager_hal_s2.o
 .bss.is_hf_x_oscillator_used
                0x20001477        0x1 ./simplicity_sdk_2025.6.1/platform/service/power_manager/src/sleep_loop/sl_power_manager_hal_s2.o
 .bss.sleep_on_isr_exit
                0x20001478        0x1 ./simplicity_sdk_2025.6.1/platform/service/sleeptimer/src/sl_sleeptimer.o
 .bss.next_timer_to_expire_is_power_manager
                0x20001479        0x1 ./simplicity_sdk_2025.6.1/platform/service/sleeptimer/src/sl_sleeptimer.o
 .bss.is_sleeptimer_initialized
                0x2000147a        0x1 ./simplicity_sdk_2025.6.1/platform/service/sleeptimer/src/sl_sleeptimer.o
 *(COMMON)
                0x2000147c                . = ALIGN (0x4)
 *fill*         0x2000147b        0x1 
                0x2000147c                __bss_end__ = .

.noinit         0x2000147c        0x0
 *(.noinit*)
                0x2000147c                . = ALIGN (0x4)

text_application_ram
                0x2000147c        0x0 load address 0x08000170
                0x2000147c                . = ALIGN (0x4)
                0x2000147c                __vma_ramfuncs_start__ = .
                0x2000147c                __text_application_ram_start__ = .
 *(text_application_ram)
                0x2000147c                . = ALIGN (0x4)
                0x2000147c                __vma_ramfuncs_end__ = .
                0x2000147c                __text_application_ram_end__ = .

.rodata         0x08000170        0x0
                0x08000170                __lma_ramfuncs_end__ = .
                0x08000170                __rodata_start__ = .
                0x08000170                __rodata_end__ = .

.text           0x08000170     0x86f0
                0x08000170                linker_code_begin = .
 *(SORT_BY_ALIGNMENT(.text*))
 .text          0x08000170        0x8 ./simplicity_sdk_2025.6.1/platform/service/udelay/src/sl_udelay_armv6m_gcc.o
                0x08000170                sli_delay_loop
 .text.deregister_tm_clones
                0x08000178       0x1c c:/siliconlabs/simplicitystudio/v5/developer/toolchains/gnu_arm/12.2.rel1_2023.7/bin/../lib/gcc/arm-none-eabi/12.2.1/thumb/v8-m.main+fp/hard/crtbegin.o
 .text.register_tm_clones
                0x08000194       0x28 c:/siliconlabs/simplicitystudio/v5/developer/toolchains/gnu_arm/12.2.rel1_2023.7/bin/../lib/gcc/arm-none-eabi/12.2.1/thumb/v8-m.main+fp/hard/crtbegin.o
 .text.__do_global_dtors_aux
                0x080001bc       0x28 c:/siliconlabs/simplicitystudio/v5/developer/toolchains/gnu_arm/12.2.rel1_2023.7/bin/../lib/gcc/arm-none-eabi/12.2.1/thumb/v8-m.main+fp/hard/crtbegin.o
 .text.frame_dummy
                0x080001e4       0x24 c:/siliconlabs/simplicitystudio/v5/developer/toolchains/gnu_arm/12.2.rel1_2023.7/bin/../lib/gcc/arm-none-eabi/12.2.1/thumb/v8-m.main+fp/hard/crtbegin.o
 .text          0x08000208       0x7c c:/siliconlabs/simplicitystudio/v5/developer/toolchains/gnu_arm/12.2.rel1_2023.7/bin/../lib/gcc/arm-none-eabi/12.2.1/thumb/v8-m.main+fp/hard/crt0.o
                0x08000208                _stack_init
                0x08000210                _start
                0x08000210                _mainCRTStartup
 .text.connect_init
                0x08000284       0x7c ./API/Connect/Connect.o
                0x08000284                connect_init
 .text.packet_receive
                0x08000300      0x128 ./API/Connect/Connect.o
                0x08000300                packet_receive
 .text.rx_done_callback
                0x08000428       0x10 ./API/Connect/Connect.o
                0x08000428                rx_done_callback
 .text.gate_packet_transmit
                0x08000438       0x18 ./API/Connect/Connect.o
                0x08000438                gate_packet_transmit
 .text.TIMER0_IRQHandler
                0x08000450       0x44 ./API/Connect/Connect.o
                0x08000450                TIMER0_IRQHandler
 .text.app_process_action
                0x08000494       0x38 ./app.o
                0x08000494                app_process_action
 .text.sl_button_on_change
                0x080004cc       0x3c ./simple_button_baremetal.o
                0x080004cc                sl_button_on_change
 .text.sl_simple_button_init_instances
                0x08000508       0x18 ./autogen/sl_simple_button_instances.o
                0x08000508                sl_simple_button_init_instances
 .text.sl_simple_led_init_instances
                0x08000520       0x18 ./autogen/sl_simple_led_instances.o
                0x08000520                sl_simple_led_init_instances
 .text.sl_uartdrv_set_default
                0x08000538       0x14 ./autogen/sl_uartdrv_init.o
                0x08000538                sl_uartdrv_set_default
 .text.sl_uartdrv_init_instances
                0x0800054c       0x1c ./autogen/sl_uartdrv_init.o
                0x0800054c                sl_uartdrv_init_instances
 .text.sl_uartdrv_get_default
                0x08000568        0xc ./autogen/sl_uartdrv_init.o
                0x08000568                sl_uartdrv_get_default
 .text.sl_board_init
                0x08000574       0x18 ./simplicity_sdk_2025.6.1/hardware/board/src/sl_board_init.o
                0x08000574                sl_board_init
 .text.sl_board_preinit
                0x0800058c       0x10 ./simplicity_sdk_2025.6.1/hardware/board/src/sl_board_init.o
                0x0800058c                sl_board_preinit
 .text.sli_cos_swo_itm_8_write
                0x0800059c       0xa4 ./simplicity_sdk_2025.6.1/hardware/driver/configuration_over_swo/src/sl_cos.o
 .text.sli_cos_vcom_write
                0x08000640       0x58 ./simplicity_sdk_2025.6.1/hardware/driver/configuration_over_swo/src/sl_cos.o
 .text.cs_low   0x08000698       0x1c ./simplicity_sdk_2025.6.1/hardware/driver/mx25_flash_shutdown/src/sl_mx25_flash_shutdown_eusart/sl_mx25_flash_shutdown.o
 .text.cs_high  0x080006b4       0x1c ./simplicity_sdk_2025.6.1/hardware/driver/mx25_flash_shutdown/src/sl_mx25_flash_shutdown_eusart/sl_mx25_flash_shutdown.o
 .text.sl_mx25_flash_shutdown
                0x080006d0      0x158 ./simplicity_sdk_2025.6.1/hardware/driver/mx25_flash_shutdown/src/sl_mx25_flash_shutdown_eusart/sl_mx25_flash_shutdown.o
                0x080006d0                sl_mx25_flash_shutdown
 .text.CopyToRam
                0x08000828       0x20 ./simplicity_sdk_2025.6.1/platform/Device/SiliconLabs/FGM23/Source/startup_fgm23.o
                0x08000828                CopyToRam
 .text.Reset_Handler
                0x08000848       0x6c ./simplicity_sdk_2025.6.1/platform/Device/SiliconLabs/FGM23/Source/startup_fgm23.o
                0x08000848                Reset_Handler
 .text.SystemInit
                0x080008b4       0x64 ./simplicity_sdk_2025.6.1/platform/Device/SiliconLabs/FGM23/Source/system_fgm23.o
                0x080008b4                SystemInit
 .text.SystemHFRCODPLLClockSet
                0x08000918        0xc ./simplicity_sdk_2025.6.1/platform/Device/SiliconLabs/FGM23/Source/system_fgm23.o
                0x08000918                SystemHFRCODPLLClockSet
 .text.SystemHFXOClockSet
                0x08000924       0x24 ./simplicity_sdk_2025.6.1/platform/Device/SiliconLabs/FGM23/Source/system_fgm23.o
                0x08000924                SystemHFXOClockSet
 .text.sl_simple_button_init
                0x08000948       0xa8 ./simplicity_sdk_2025.6.1/platform/driver/button/src/sl_simple_button.o
                0x08000948                sl_simple_button_init
 .text.sl_debug_swo_init
                0x080009f0       0xd4 ./simplicity_sdk_2025.6.1/platform/driver/debug/src/sl_debug_swo.o
                0x080009f0                sl_debug_swo_init
 .text.sl_debug_swo_write_u8
                0x08000ac4       0x50 ./simplicity_sdk_2025.6.1/platform/driver/debug/src/sl_debug_swo.o
                0x08000ac4                sl_debug_swo_write_u8
 .text.sl_gpio_dispatch_interrupt
                0x08000b14       0x54 ./simplicity_sdk_2025.6.1/platform/driver/gpio/src/sl_gpio.o
 .text.sl_gpio_init
                0x08000b68       0x3c ./simplicity_sdk_2025.6.1/platform/driver/gpio/src/sl_gpio.o
                0x08000b68                sl_gpio_init
 .text.sl_gpio_set_pin_mode
                0x08000ba4       0x90 ./simplicity_sdk_2025.6.1/platform/driver/gpio/src/sl_gpio.o
                0x08000ba4                sl_gpio_set_pin_mode
 .text.sl_gpio_set_pin
                0x08000c34       0x68 ./simplicity_sdk_2025.6.1/platform/driver/gpio/src/sl_gpio.o
                0x08000c34                sl_gpio_set_pin
 .text.sl_gpio_clear_pin
                0x08000c9c       0x6c ./simplicity_sdk_2025.6.1/platform/driver/gpio/src/sl_gpio.o
                0x08000c9c                sl_gpio_clear_pin
 .text.sl_gpio_get_pin_output
                0x08000d08       0x74 ./simplicity_sdk_2025.6.1/platform/driver/gpio/src/sl_gpio.o
                0x08000d08                sl_gpio_get_pin_output
 .text.sl_gpio_get_pin_input
                0x08000d7c       0x74 ./simplicity_sdk_2025.6.1/platform/driver/gpio/src/sl_gpio.o
                0x08000d7c                sl_gpio_get_pin_input
 .text.sl_gpio_configure_external_interrupt
                0x08000df0      0x108 ./simplicity_sdk_2025.6.1/platform/driver/gpio/src/sl_gpio.o
                0x08000df0                sl_gpio_configure_external_interrupt
 .text.sl_gpio_deconfigure_external_interrupt
                0x08000ef8       0x58 ./simplicity_sdk_2025.6.1/platform/driver/gpio/src/sl_gpio.o
                0x08000ef8                sl_gpio_deconfigure_external_interrupt
 .text.sl_gpio_configure_wakeup_em4_interrupt
                0x08000f50       0xd8 ./simplicity_sdk_2025.6.1/platform/driver/gpio/src/sl_gpio.o
                0x08000f50                sl_gpio_configure_wakeup_em4_interrupt
 .text.GPIO_EVEN_IRQHandler
                0x08001028       0x28 ./simplicity_sdk_2025.6.1/platform/driver/gpio/src/sl_gpio.o
                0x08001028                GPIO_EVEN_IRQHandler
 .text.GPIO_ODD_IRQHandler
                0x08001050       0x28 ./simplicity_sdk_2025.6.1/platform/driver/gpio/src/sl_gpio.o
                0x08001050                GPIO_ODD_IRQHandler
 .text.sl_simple_led_init
                0x08001078       0x34 ./simplicity_sdk_2025.6.1/platform/driver/leddrv/src/sl_simple_led.o
                0x08001078                sl_simple_led_init
 .text.StartTransfer
                0x080010ac      0x1c0 ./simplicity_sdk_2025.6.1/platform/emdrv/dmadrv/src/dmadrv.o
 .text.DMADRV_AllocateChannel
                0x0800126c       0x64 ./simplicity_sdk_2025.6.1/platform/emdrv/dmadrv/src/dmadrv.o
                0x0800126c                DMADRV_AllocateChannel
 .text.DMADRV_Init
                0x080012d0       0x64 ./simplicity_sdk_2025.6.1/platform/emdrv/dmadrv/src/dmadrv.o
                0x080012d0                DMADRV_Init
 .text.DMADRV_PauseTransfer
                0x08001334       0x40 ./simplicity_sdk_2025.6.1/platform/emdrv/dmadrv/src/dmadrv.o
                0x08001334                DMADRV_PauseTransfer
 .text.DMADRV_ResumeTransfer
                0x08001374       0x40 ./simplicity_sdk_2025.6.1/platform/emdrv/dmadrv/src/dmadrv.o
                0x08001374                DMADRV_ResumeTransfer
 .text.LDMA_IRQHandler
                0x080013b4       0x78 ./simplicity_sdk_2025.6.1/platform/emdrv/dmadrv/src/dmadrv.o
                0x080013b4                LDMA_IRQHandler
 .text.HwFcCtsIrqGetDrvHandle
                0x0800142c       0x24 ./simplicity_sdk_2025.6.1/platform/emdrv/uartdrv/src/uartdrv.o
 .text.DequeueBuffer
                0x08001450       0x54 ./simplicity_sdk_2025.6.1/platform/emdrv/uartdrv/src/uartdrv.o
 .text.GetTailBuffer
                0x080014a4       0x38 ./simplicity_sdk_2025.6.1/platform/emdrv/uartdrv/src/uartdrv.o
 .text.CheckParams
                0x080014dc       0x28 ./simplicity_sdk_2025.6.1/platform/emdrv/uartdrv/src/uartdrv.o
 .text.addHandle
                0x08001504       0x64 ./simplicity_sdk_2025.6.1/platform/emdrv/uartdrv/src/uartdrv.o
 .text.InitializeDma
                0x08001568       0x30 ./simplicity_sdk_2025.6.1/platform/emdrv/uartdrv/src/uartdrv.o
 .text.EnqueueBuffer
                0x08001598       0x88 ./simplicity_sdk_2025.6.1/platform/emdrv/uartdrv/src/uartdrv.o
 .text.StartReceiveDma
                0x08001620       0x58 ./simplicity_sdk_2025.6.1/platform/emdrv/uartdrv/src/uartdrv.o
 .text.StartTransmitDma
                0x08001678       0x8c ./simplicity_sdk_2025.6.1/platform/emdrv/uartdrv/src/uartdrv.o
 .text.TransmitDmaComplete
                0x08001704       0x9c ./simplicity_sdk_2025.6.1/platform/emdrv/uartdrv/src/uartdrv.o
 .text.UARTDRV_ForceTransmit
                0x080017a0       0xd0 ./simplicity_sdk_2025.6.1/platform/emdrv/uartdrv/src/uartdrv.o
                0x080017a0                UARTDRV_ForceTransmit
 .text.UARTDRV_PauseTransmit
                0x08001870       0x34 ./simplicity_sdk_2025.6.1/platform/emdrv/uartdrv/src/uartdrv.o
                0x08001870                UARTDRV_PauseTransmit
 .text.UARTDRV_ResumeTransmit
                0x080018a4       0x48 ./simplicity_sdk_2025.6.1/platform/emdrv/uartdrv/src/uartdrv.o
                0x080018a4                UARTDRV_ResumeTransmit
 .text.InitializeGpioFlowControl
                0x080018ec       0x3c ./simplicity_sdk_2025.6.1/platform/emdrv/uartdrv/src/uartdrv.o
 .text.UARTDRV_InitUart
                0x08001928      0x1d0 ./simplicity_sdk_2025.6.1/platform/emdrv/uartdrv/src/uartdrv.o
                0x08001928                UARTDRV_InitUart
 .text.UARTDRV_Receive
                0x08001af8       0x68 ./simplicity_sdk_2025.6.1/platform/emdrv/uartdrv/src/uartdrv.o
                0x08001af8                UARTDRV_Receive
 .text.ReceiveDmaComplete
                0x08001b60      0x144 ./simplicity_sdk_2025.6.1/platform/emdrv/uartdrv/src/uartdrv.o
 .text.UARTDRV_Transmit
                0x08001ca4       0x9c ./simplicity_sdk_2025.6.1/platform/emdrv/uartdrv/src/uartdrv.o
                0x08001ca4                UARTDRV_Transmit
 .text.TIMER_MaxCount
                0x08001d40       0x80 ./simplicity_sdk_2025.6.1/platform/emdrv/ustimer/src/ustimer.o
 .text.TIMER_TopSet
                0x08001dc0       0x38 ./simplicity_sdk_2025.6.1/platform/emdrv/ustimer/src/ustimer.o
 .text.TIMER_CompareSet
                0x08001df8       0x3c ./simplicity_sdk_2025.6.1/platform/emdrv/ustimer/src/ustimer.o
 .text.DelayTicksEM1
                0x08001e34       0x74 ./simplicity_sdk_2025.6.1/platform/emdrv/ustimer/src/ustimer.o
 .text.USTIMER_Init
                0x08001ea8       0xe4 ./simplicity_sdk_2025.6.1/platform/emdrv/ustimer/src/ustimer.o
                0x08001ea8                USTIMER_Init
 .text.USTIMER_Delay
                0x08001f8c       0x58 ./simplicity_sdk_2025.6.1/platform/emdrv/ustimer/src/ustimer.o
                0x08001f8c                USTIMER_Delay
 .text.TIMER1_IRQHandler
                0x08001fe4       0x24 ./simplicity_sdk_2025.6.1/platform/emdrv/ustimer/src/ustimer.o
                0x08001fe4                TIMER1_IRQHandler
 .text.rhclkPrescMax
                0x08002008       0x10 ./simplicity_sdk_2025.6.1/platform/emlib/src/em_cmu.o
 .text.BUS_RegBitWrite
                0x08002018       0x30 ./simplicity_sdk_2025.6.1/platform/emlib/src/em_cmu.o
 .text.em01GrpaClkGet
                0x08002048       0x74 ./simplicity_sdk_2025.6.1/platform/emlib/src/em_cmu.o
 .text.em01GrpcClkGet
                0x080020bc       0x70 ./simplicity_sdk_2025.6.1/platform/emlib/src/em_cmu.o
 .text.eusart0ClkGet
                0x0800212c       0x74 ./simplicity_sdk_2025.6.1/platform/emlib/src/em_cmu.o
 .text.iadcClkGet
                0x080021a0       0x64 ./simplicity_sdk_2025.6.1/platform/emlib/src/em_cmu.o
 .text.em23GrpaClkGet
                0x08002204       0x58 ./simplicity_sdk_2025.6.1/platform/emlib/src/em_cmu.o
 .text.wdog0ClkGet
                0x0800225c       0x64 ./simplicity_sdk_2025.6.1/platform/emlib/src/em_cmu.o
 .text.wdog1ClkGet
                0x080022c0       0x64 ./simplicity_sdk_2025.6.1/platform/emlib/src/em_cmu.o
 .text.sysrtcClkGet
                0x08002324       0x58 ./simplicity_sdk_2025.6.1/platform/emlib/src/em_cmu.o
 .text.lcdClkGet
                0x0800237c       0x54 ./simplicity_sdk_2025.6.1/platform/emlib/src/em_cmu.o
 .text.vdac0ClkGet
                0x080023d0       0x74 ./simplicity_sdk_2025.6.1/platform/emlib/src/em_cmu.o
 .text.pcnt0ClkGet
                0x08002444       0x50 ./simplicity_sdk_2025.6.1/platform/emlib/src/em_cmu.o
 .text.lesenseHFClkGet
                0x08002494       0x48 ./simplicity_sdk_2025.6.1/platform/emlib/src/em_cmu.o
 .text.em4GrpaClkGet
                0x080024dc       0x58 ./simplicity_sdk_2025.6.1/platform/emlib/src/em_cmu.o
 .text.dpllRefClkGet
                0x08002534       0x58 ./simplicity_sdk_2025.6.1/platform/emlib/src/em_cmu.o
 .text.HFRCODPLLDevinfoGet
                0x0800258c      0x10c ./simplicity_sdk_2025.6.1/platform/emlib/src/em_cmu.o
 .text.BUS_RegMaskedWrite
                0x08002698       0x34 ./simplicity_sdk_2025.6.1/platform/emlib/src/em_cmu.o
 .text.HFRCOEM23DevinfoGet
                0x080026cc       0xb8 ./simplicity_sdk_2025.6.1/platform/emlib/src/em_cmu.o
 .text.CMU_ClockDivGet
                0x08002784       0x94 ./simplicity_sdk_2025.6.1/platform/emlib/src/em_cmu.o
                0x08002784                CMU_ClockDivGet
 .text.flashWaitStateControl
                0x08002818       0x74 ./simplicity_sdk_2025.6.1/platform/emlib/src/em_cmu.o
 .text.CMU_ClockEnable
                0x0800288c       0x4c ./simplicity_sdk_2025.6.1/platform/emlib/src/em_cmu.o
                0x0800288c                CMU_ClockEnable
 .text.CMU_ClockFreqGet
                0x080028d8      0x3cc ./simplicity_sdk_2025.6.1/platform/emlib/src/em_cmu.o
                0x080028d8                CMU_ClockFreqGet
 .text.rhclkPrescOptimize
                0x08002ca4       0x20 ./simplicity_sdk_2025.6.1/platform/emlib/src/em_cmu.o
 .text.CMU_ClockSelectGet
                0x08002cc4      0x1d4 ./simplicity_sdk_2025.6.1/platform/emlib/src/em_cmu.o
                0x08002cc4                CMU_ClockSelectGet
 .text.sli_em_cmu_SYSTICEXTCLKENClear
                0x08002e98       0x34 ./simplicity_sdk_2025.6.1/platform/emlib/src/em_cmu.o
                0x08002e98                sli_em_cmu_SYSTICEXTCLKENClear
 .text.CMU_HFXOInit
                0x08002ecc      0x284 ./simplicity_sdk_2025.6.1/platform/emlib/src/em_cmu.o
                0x08002ecc                CMU_HFXOInit
 .text.CMU_HFXOCTuneDeltaGet
                0x08003150        0xc ./simplicity_sdk_2025.6.1/platform/emlib/src/em_cmu.o
                0x08003150                CMU_HFXOCTuneDeltaGet
 .text.CMU_HFXOPrecisionSet
                0x0800315c        0xc ./simplicity_sdk_2025.6.1/platform/emlib/src/em_cmu.o
                0x0800315c                CMU_HFXOPrecisionSet
 .text.CMU_ClockDivSet
                0x08003168      0x114 ./simplicity_sdk_2025.6.1/platform/emlib/src/em_cmu.o
                0x08003168                CMU_ClockDivSet
 .text.sli_em_cmu_SYSCLKInitPreClockSelect
                0x0800327c       0x28 ./simplicity_sdk_2025.6.1/platform/emlib/src/em_cmu.o
                0x0800327c                sli_em_cmu_SYSCLKInitPreClockSelect
 .text.pclkDivOptimize
                0x080032a4       0x24 ./simplicity_sdk_2025.6.1/platform/emlib/src/em_cmu.o
 .text.sli_em_cmu_SYSCLKInitPostClockSelect
                0x080032c8       0x50 ./simplicity_sdk_2025.6.1/platform/emlib/src/em_cmu.o
                0x080032c8                sli_em_cmu_SYSCLKInitPostClockSelect
 .text.CMU_HFRCODPLLBandSet
                0x08003318      0x148 ./simplicity_sdk_2025.6.1/platform/emlib/src/em_cmu.o
                0x08003318                CMU_HFRCODPLLBandSet
 .text.CMU_HFRCOEM23BandSet
                0x08003460       0x5c ./simplicity_sdk_2025.6.1/platform/emlib/src/em_cmu.o
                0x08003460                CMU_HFRCOEM23BandSet
 .text.EMU_EM23Init
                0x080034bc       0x18 ./simplicity_sdk_2025.6.1/platform/emlib/src/em_emu.o
                0x080034bc                EMU_EM23Init
 .text.EMU_EM4Init
                0x080034d4       0x14 ./simplicity_sdk_2025.6.1/platform/emlib/src/em_emu.o
                0x080034d4                EMU_EM4Init
 .text.EMU_VScaleEM01
                0x080034e8       0xb8 ./simplicity_sdk_2025.6.1/platform/emlib/src/em_emu.o
                0x080034e8                EMU_VScaleEM01
 .text.EMU_VScaleEM01ByClock
                0x080035a0       0x38 ./simplicity_sdk_2025.6.1/platform/emlib/src/em_emu.o
                0x080035a0                EMU_VScaleEM01ByClock
 .text.EMU_EM01Init
                0x080035d8       0x18 ./simplicity_sdk_2025.6.1/platform/emlib/src/em_emu.o
                0x080035d8                EMU_EM01Init
 .text.EMU_DCDCModeSet
                0x080035f0       0xd0 ./simplicity_sdk_2025.6.1/platform/emlib/src/em_emu.o
                0x080035f0                EMU_DCDCModeSet
 .text.EMU_DCDCInit
                0x080036c0       0x7c ./simplicity_sdk_2025.6.1/platform/emlib/src/em_emu.o
                0x080036c0                EMU_DCDCInit
 .text.EMU_DCDCSetPFMXModePeakCurrent
                0x0800373c       0x74 ./simplicity_sdk_2025.6.1/platform/emlib/src/em_emu.o
                0x0800373c                EMU_DCDCSetPFMXModePeakCurrent
 .text.EUSART_ClockGet
                0x080037b0       0x3c ./simplicity_sdk_2025.6.1/platform/emlib/src/em_eusart.o
 .text.EUSART_Reset
                0x080037ec       0x58 ./simplicity_sdk_2025.6.1/platform/emlib/src/em_eusart.o
                0x080037ec                EUSART_Reset
 .text.EUSART_Enable
                0x08003844       0x78 ./simplicity_sdk_2025.6.1/platform/emlib/src/em_eusart.o
                0x08003844                EUSART_Enable
 .text.EUSART_BaudrateSet
                0x080038bc      0x1dc ./simplicity_sdk_2025.6.1/platform/emlib/src/em_eusart.o
                0x080038bc                EUSART_BaudrateSet
 .text.EUSART_SyncInitCommon
                0x08003a98      0x1a0 ./simplicity_sdk_2025.6.1/platform/emlib/src/em_eusart.o
 .text.EUSART_SpiInit
                0x08003c38       0xbc ./simplicity_sdk_2025.6.1/platform/emlib/src/em_eusart.o
                0x08003c38                EUSART_SpiInit
 .text.BUS_RegBitWrite
                0x08003cf4       0x30 ./simplicity_sdk_2025.6.1/platform/emlib/src/em_ldma.o
 .text.LDMA_EnableChannelRequest
                0x08003d24       0x2c ./simplicity_sdk_2025.6.1/platform/emlib/src/em_ldma.o
                0x08003d24                LDMA_EnableChannelRequest
 .text.LDMA_Init
                0x08003d50       0x94 ./simplicity_sdk_2025.6.1/platform/emlib/src/em_ldma.o
                0x08003d50                LDMA_Init
 .text.LDMA_StartTransfer
                0x08003de4      0x104 ./simplicity_sdk_2025.6.1/platform/emlib/src/em_ldma.o
                0x08003de4                LDMA_StartTransfer
 .text.PRS_ConvertToSyncSource
                0x08003ee8       0x6c ./simplicity_sdk_2025.6.1/platform/emlib/src/em_prs.o
                0x08003ee8                PRS_ConvertToSyncSource
 .text.PRS_ConvertToSyncSignal
                0x08003f54       0x80 ./simplicity_sdk_2025.6.1/platform/emlib/src/em_prs.o
                0x08003f54                PRS_ConvertToSyncSignal
 .text.PRS_ConnectSignal
                0x08003fd4       0x68 ./simplicity_sdk_2025.6.1/platform/emlib/src/em_prs.o
                0x08003fd4                PRS_ConnectSignal
 .text.PRS_ConnectConsumer
                0x0800403c       0x38 ./simplicity_sdk_2025.6.1/platform/emlib/src/em_prs.o
                0x0800403c                PRS_ConnectConsumer
 .text.TIMER_Valid
                0x08004074       0x44 ./simplicity_sdk_2025.6.1/platform/emlib/src/em_timer.o
 .text.timerPrsConfig
                0x080040b8       0x84 ./simplicity_sdk_2025.6.1/platform/emlib/src/em_timer.o
 .text.TIMER_Init
                0x0800413c       0xe4 ./simplicity_sdk_2025.6.1/platform/emlib/src/em_timer.o
                0x0800413c                TIMER_Init
 .text.TIMER_InitCC
                0x08004220       0xd4 ./simplicity_sdk_2025.6.1/platform/emlib/src/em_timer.o
                0x08004220                TIMER_InitCC
 .text.prsRxInput
                0x080042f4       0x20 ./simplicity_sdk_2025.6.1/platform/emlib/src/em_usart.o
 .text.USART_BaudrateAsyncSet
                0x08004314       0xf0 ./simplicity_sdk_2025.6.1/platform/emlib/src/em_usart.o
                0x08004314                USART_BaudrateAsyncSet
 .text.USART_BaudrateCalc
                0x08004404       0xac ./simplicity_sdk_2025.6.1/platform/emlib/src/em_usart.o
                0x08004404                USART_BaudrateCalc
 .text.USART_Enable
                0x080044b0       0x3c ./simplicity_sdk_2025.6.1/platform/emlib/src/em_usart.o
                0x080044b0                USART_Enable
 .text.USART_Reset
                0x080044ec       0x64 ./simplicity_sdk_2025.6.1/platform/emlib/src/em_usart.o
                0x080044ec                USART_Reset
 .text.USART_InitAsync
                0x08004550       0xd4 ./simplicity_sdk_2025.6.1/platform/emlib/src/em_usart.o
                0x08004550                USART_InitAsync
 .text.sl_hal_gpio_clear_pin
                0x08004624       0x6c ./simplicity_sdk_2025.6.1/platform/peripheral/src/sl_hal_gpio.o
                0x08004624                sl_hal_gpio_clear_pin
 .text.sl_hal_gpio_get_pin_input
                0x08004690       0x70 ./simplicity_sdk_2025.6.1/platform/peripheral/src/sl_hal_gpio.o
                0x08004690                sl_hal_gpio_get_pin_input
 .text.sl_hal_gpio_get_pin_output
                0x08004700       0x70 ./simplicity_sdk_2025.6.1/platform/peripheral/src/sl_hal_gpio.o
                0x08004700                sl_hal_gpio_get_pin_output
 .text.sl_hal_gpio_get_em4_interrupt_number
                0x08004770       0x94 ./simplicity_sdk_2025.6.1/platform/peripheral/src/sl_hal_gpio.o
                0x08004770                sl_hal_gpio_get_em4_interrupt_number
 .text.sl_hal_gpio_set_pin_mode
                0x08004804      0x100 ./simplicity_sdk_2025.6.1/platform/peripheral/src/sl_hal_gpio.o
                0x08004804                sl_hal_gpio_set_pin_mode
 .text.sl_hal_gpio_configure_external_interrupt
                0x08004904      0x1a8 ./simplicity_sdk_2025.6.1/platform/peripheral/src/sl_hal_gpio.o
                0x08004904                sl_hal_gpio_configure_external_interrupt
 .text.sl_hal_gpio_enable_pin_em4_wakeup
                0x08004aac       0x8c ./simplicity_sdk_2025.6.1/platform/peripheral/src/sl_hal_gpio.o
                0x08004aac                sl_hal_gpio_enable_pin_em4_wakeup
 .text.sl_hal_gpio_configure_wakeup_em4_external_interrupt
                0x08004b38       0xac ./simplicity_sdk_2025.6.1/platform/peripheral/src/sl_hal_gpio.o
                0x08004b38                sl_hal_gpio_configure_wakeup_em4_external_interrupt
 .text.sl_hal_sysrtc_wait_ready
                0x08004be4       0x24 ./simplicity_sdk_2025.6.1/platform/peripheral/src/sl_hal_sysrtc.o
                0x08004be4                sl_hal_sysrtc_wait_ready
 .text.sl_hal_sysrtc_stop
                0x08004c08       0x3c ./simplicity_sdk_2025.6.1/platform/peripheral/src/sl_hal_sysrtc.o
                0x08004c08                sl_hal_sysrtc_stop
 .text.sl_hal_sysrtc_enable
                0x08004c44       0x18 ./simplicity_sdk_2025.6.1/platform/peripheral/src/sl_hal_sysrtc.o
                0x08004c44                sl_hal_sysrtc_enable
 .text.sl_hal_sysrtc_disable
                0x08004c5c       0x20 ./simplicity_sdk_2025.6.1/platform/peripheral/src/sl_hal_sysrtc.o
                0x08004c5c                sl_hal_sysrtc_disable
 .text.sl_hal_sysrtc_init
                0x08004c7c       0x30 ./simplicity_sdk_2025.6.1/platform/peripheral/src/sl_hal_sysrtc.o
                0x08004c7c                sl_hal_sysrtc_init
 .text.sl_hal_sysrtc_init_group
                0x08004cac       0x58 ./simplicity_sdk_2025.6.1/platform/peripheral/src/sl_hal_sysrtc.o
                0x08004cac                sl_hal_sysrtc_init_group
 .text.sl_hal_timer_wait_sync
                0x08004d04       0x50 ./simplicity_sdk_2025.6.1/platform/peripheral/src/sl_hal_timer.o
                0x08004d04                sl_hal_timer_wait_sync
 .text.sl_hal_timer_wait_ready
                0x08004d54       0x48 ./simplicity_sdk_2025.6.1/platform/peripheral/src/sl_hal_timer.o
                0x08004d54                sl_hal_timer_wait_ready
 .text.sl_hal_timer_enable
                0x08004d9c       0x4c ./simplicity_sdk_2025.6.1/platform/peripheral/src/sl_hal_timer.o
                0x08004d9c                sl_hal_timer_enable
 .text.sl_hal_timer_disable
                0x08004de8       0x4c ./simplicity_sdk_2025.6.1/platform/peripheral/src/sl_hal_timer.o
                0x08004de8                sl_hal_timer_disable
 .text.sl_hal_timer_start
                0x08004e34       0x5c ./simplicity_sdk_2025.6.1/platform/peripheral/src/sl_hal_timer.o
                0x08004e34                sl_hal_timer_start
 .text.sl_hal_timer_init
                0x08004e90      0x110 ./simplicity_sdk_2025.6.1/platform/peripheral/src/sl_hal_timer.o
                0x08004e90                sl_hal_timer_init
 .text.BUS_RegBitWrite
                0x08004fa0       0x30 ./simplicity_sdk_2025.6.1/platform/service/clock_manager/src/sl_clock_manager_hal_s2.o
 .text.init_lfrco
                0x08004fd0       0x20 ./simplicity_sdk_2025.6.1/platform/service/clock_manager/src/sl_clock_manager_init_hal_s2.o
 .text.init_hfxo
                0x08004ff0       0x7c ./simplicity_sdk_2025.6.1/platform/service/clock_manager/src/sl_clock_manager_init_hal_s2.o
 .text.init_hfrcodpll
                0x0800506c       0x10 ./simplicity_sdk_2025.6.1/platform/service/clock_manager/src/sl_clock_manager_init_hal_s2.o
 .text.init_hfrcoem23
                0x0800507c       0x10 ./simplicity_sdk_2025.6.1/platform/service/clock_manager/src/sl_clock_manager_init_hal_s2.o
 .text.init_clock_branches
                0x0800508c      0x14c ./simplicity_sdk_2025.6.1/platform/service/clock_manager/src/sl_clock_manager_init_hal_s2.o
 .text.sli_clock_manager_hal_init
                0x080051d8       0x38 ./simplicity_sdk_2025.6.1/platform/service/clock_manager/src/sl_clock_manager_init_hal_s2.o
                0x080051d8                sli_clock_manager_hal_init
 .text.sl_device_init_dcdc
                0x08005210       0x30 ./simplicity_sdk_2025.6.1/platform/service/device_init/src/sl_device_init_dcdc_s2.o
                0x08005210                sl_device_init_dcdc
 .text.sl_hfxo_manager_init
                0x08005240       0x64 ./simplicity_sdk_2025.6.1/platform/service/hfxo_manager/src/sl_hfxo_manager.o
                0x08005240                sl_hfxo_manager_init
 .text.sli_hfxo_manager_begin_startup_measurement
                0x080052a4       0x1c ./simplicity_sdk_2025.6.1/platform/service/hfxo_manager/src/sl_hfxo_manager.o
                0x080052a4                sli_hfxo_manager_begin_startup_measurement
 .text.sli_hfxo_manager_retrieve_begining_startup_measurement
                0x080052c0       0x30 ./simplicity_sdk_2025.6.1/platform/service/hfxo_manager/src/sl_hfxo_manager.o
                0x080052c0                sli_hfxo_manager_retrieve_begining_startup_measurement
 .text.sli_hfxo_manager_end_startup_measurement
                0x080052f0       0xdc ./simplicity_sdk_2025.6.1/platform/service/hfxo_manager/src/sl_hfxo_manager.o
                0x080052f0                sli_hfxo_manager_end_startup_measurement
 .text.sli_hfxo_manager_get_startup_time
                0x080053cc        0xc ./simplicity_sdk_2025.6.1/platform/service/hfxo_manager/src/sl_hfxo_manager.o
                0x080053cc                sli_hfxo_manager_get_startup_time
 .text.sli_hfxo_manager_init_hardware
                0x080053d8       0x54 ./simplicity_sdk_2025.6.1/platform/service/hfxo_manager/src/sl_hfxo_manager_hal_s2.o
                0x080053d8                sli_hfxo_manager_init_hardware
 .text.sli_hfxo_manager_is_hfxo_ready
                0x0800542c       0x30 ./simplicity_sdk_2025.6.1/platform/service/hfxo_manager/src/sl_hfxo_manager_hal_s2.o
                0x0800542c                sli_hfxo_manager_is_hfxo_ready
 .text.sl_hfxo_manager_irq_handler
                0x0800545c       0x6c ./simplicity_sdk_2025.6.1/platform/service/hfxo_manager/src/sl_hfxo_manager_hal_s2.o
                0x0800545c                sl_hfxo_manager_irq_handler
 .text.__NVIC_SetPriority
                0x080054c8       0x28 ./simplicity_sdk_2025.6.1/platform/service/interrupt_manager/src/sl_interrupt_manager_cortexm.o
 .text.__NVIC_GetPriority
                0x080054f0       0x24 ./simplicity_sdk_2025.6.1/platform/service/interrupt_manager/src/sl_interrupt_manager_cortexm.o
 .text.enable_interrupt
                0x08005514       0x1c ./simplicity_sdk_2025.6.1/platform/service/interrupt_manager/src/sl_interrupt_manager_cortexm.o
 .text.sl_interrupt_manager_enable_irq
                0x08005530       0x20 ./simplicity_sdk_2025.6.1/platform/service/interrupt_manager/src/sl_interrupt_manager_cortexm.o
                0x08005530                sl_interrupt_manager_enable_irq
 .text.sl_interrupt_manager_is_irq_disabled
                0x08005550       0x34 ./simplicity_sdk_2025.6.1/platform/service/interrupt_manager/src/sl_interrupt_manager_cortexm.o
                0x08005550                sl_interrupt_manager_is_irq_disabled
 .text.sl_interrupt_manager_is_irq_blocked
                0x08005584       0x70 ./simplicity_sdk_2025.6.1/platform/service/interrupt_manager/src/sl_interrupt_manager_cortexm.o
                0x08005584                sl_interrupt_manager_is_irq_blocked
 .text.sl_interrupt_manager_clear_irq_pending
                0x080055f4       0x1c ./simplicity_sdk_2025.6.1/platform/service/interrupt_manager/src/sl_interrupt_manager_cortexm.o
                0x080055f4                sl_interrupt_manager_clear_irq_pending
 .text.sl_interrupt_manager_set_irq_priority
                0x08005610       0x38 ./simplicity_sdk_2025.6.1/platform/service/interrupt_manager/src/sl_interrupt_manager_cortexm.o
                0x08005610                sl_interrupt_manager_set_irq_priority
 .text.sl_interrupt_manager_init
                0x08005648       0x38 ./simplicity_sdk_2025.6.1/platform/service/interrupt_manager/src/sl_interrupt_manager_cortexm.o
                0x08005648                sl_interrupt_manager_init
 .text.sli_power_manager_em_transition_event_list_init
                0x08005680       0x10 ./simplicity_sdk_2025.6.1/platform/service/power_manager/src/common/sl_power_manager_common.o
                0x08005680                sli_power_manager_em_transition_event_list_init
 .text.sl_power_manager_init
                0x08005690       0x84 ./simplicity_sdk_2025.6.1/platform/service/power_manager/src/sleep_loop/sl_power_manager.o
                0x08005690                sl_power_manager_init
 .text.sl_power_manager_schedule_wakeup_get_restore_overhead_tick
                0x08005714        0xc ./simplicity_sdk_2025.6.1/platform/service/power_manager/src/sleep_loop/sl_power_manager.o
                0x08005714                sl_power_manager_schedule_wakeup_get_restore_overhead_tick
 .text.sli_power_manager_convert_delay_us_to_tick
                0x08005720       0x24 ./simplicity_sdk_2025.6.1/platform/service/power_manager/src/sleep_loop/sl_power_manager.o
                0x08005720                sli_power_manager_convert_delay_us_to_tick
 .text.sli_hfxo_manager_notify_ready_for_power_manager
                0x08005744       0x40 ./simplicity_sdk_2025.6.1/platform/service/power_manager/src/sleep_loop/sl_power_manager.o
                0x08005744                sli_hfxo_manager_notify_ready_for_power_manager
 .text.sli_hfxo_notify_ready_for_power_manager_from_prs
                0x08005784       0x18 ./simplicity_sdk_2025.6.1/platform/service/power_manager/src/sleep_loop/sl_power_manager.o
                0x08005784                sli_hfxo_notify_ready_for_power_manager_from_prs
 .text.sli_power_manager_em23_voltage_scaling_enable_fast_wakeup
                0x0800579c       0x5c ./simplicity_sdk_2025.6.1/platform/service/power_manager/src/sleep_loop/sl_power_manager_hal_s2.o
                0x0800579c                sli_power_manager_em23_voltage_scaling_enable_fast_wakeup
 .text.sli_power_manager_init_hardware
                0x080057f8       0xfc ./simplicity_sdk_2025.6.1/platform/service/power_manager/src/sleep_loop/sl_power_manager_hal_s2.o
                0x080057f8                sli_power_manager_init_hardware
 .text.CHIP_Init
                0x080058f4       0x7c ./simplicity_sdk_2025.6.1/platform/service/sl_main/src/sl_main_init.o
 .text.sl_sleeptimer_init
                0x08005970       0x78 ./simplicity_sdk_2025.6.1/platform/service/sleeptimer/src/sl_sleeptimer.o
                0x08005970                sl_sleeptimer_init
 .text.sleeptimer_hal_init_timer
                0x080059e8       0x7c ./simplicity_sdk_2025.6.1/platform/service/sleeptimer/src/sl_sleeptimer_hal_sysrtc.o
                0x080059e8                sleeptimer_hal_init_timer
 .text.sli_sleeptimer_hal_power_manager_integration_init
                0x08005a64       0x34 ./simplicity_sdk_2025.6.1/platform/service/sleeptimer/src/sl_sleeptimer_hal_sysrtc.o
                0x08005a64                sli_sleeptimer_hal_power_manager_integration_init
 .text.sli_sleeptimer_hal_hfxo_manager_integration_init
                0x08005a98       0x30 ./simplicity_sdk_2025.6.1/platform/service/sleeptimer/src/sl_sleeptimer_hal_sysrtc.o
                0x08005a98                sli_sleeptimer_hal_hfxo_manager_integration_init
 .text.sl_udelay_wait
                0x08005ac8       0x6c ./simplicity_sdk_2025.6.1/platform/service/udelay/src/sl_udelay.o
                0x08005ac8                sl_udelay_wait
 .text          0x08005b34       0x30 c:/siliconlabs/simplicitystudio/v5/developer/toolchains/gnu_arm/12.2.rel1_2023.7/bin/../lib/gcc/arm-none-eabi/12.2.1/thumb/v8-m.main+fp/hard\libgcc.a(_aeabi_uldivmod.o)
                0x08005b34                __aeabi_uldivmod
 .text.__udivmoddi4
                0x08005b64      0x2ec c:/siliconlabs/simplicitystudio/v5/developer/toolchains/gnu_arm/12.2.rel1_2023.7/bin/../lib/gcc/arm-none-eabi/12.2.1/thumb/v8-m.main+fp/hard\libgcc.a(_udivmoddi4.o)
                0x08005b64                __udivmoddi4
 .text          0x08005e50        0x4 c:/siliconlabs/simplicitystudio/v5/developer/toolchains/gnu_arm/12.2.rel1_2023.7/bin/../lib/gcc/arm-none-eabi/12.2.1/thumb/v8-m.main+fp/hard\libgcc.a(_dvmd_tls.o)
                0x08005e50                __aeabi_idiv0
                0x08005e50                __aeabi_ldiv0
 .text.exit     0x08005e54       0x24 c:/siliconlabs/simplicitystudio/v5/developer/toolchains/gnu_arm/12.2.rel1_2023.7/bin/../lib/gcc/arm-none-eabi/12.2.1/thumb/v8-m.main+fp/hard\libc_nano.a(libc_a-exit.o)
                0x08005e54                exit
 .text.__libc_init_array
                0x08005e78       0x48 c:/siliconlabs/simplicitystudio/v5/developer/toolchains/gnu_arm/12.2.rel1_2023.7/bin/../lib/gcc/arm-none-eabi/12.2.1/thumb/v8-m.main+fp/hard\libc_nano.a(libc_a-init.o)
                0x08005e78                __libc_init_array
 .text.calculate_checksum
                0x08005ec0       0x30 ./API/Connect/Connect.o
                0x08005ec0                calculate_checksum
 .text.montar_pacote
                0x08005ef0       0x84 ./API/Connect/Connect.o
                0x08005ef0                montar_pacote
 .text.gate_packet_demount
                0x08005f74       0xd6 ./API/Connect/Connect.o
                0x08005f74                gate_packet_demount
 .text.gate_cmd
                0x0800604a       0x46 ./API/Connect/Connect.o
                0x0800604a                gate_cmd
 .text.gate_get_status
                0x08006090       0x2a ./API/Connect/Connect.o
                0x08006090                gate_get_status
 .text.app_init
                0x080060ba        0xc ./app.o
                0x080060ba                app_init
 .text.main     0x080060c6       0x14 ./main.o
                0x080060c6                main
 .text.simple_button_init
                0x080060da        0x2 ./simple_button_baremetal.o
                0x080060da                simple_button_init
 .text.simple_button_process_action
                0x080060dc        0x2 ./simple_button_baremetal.o
                0x080060dc                simple_button_process_action
 .text.sl_board_default_init
                0x080060de        0x8 ./autogen/sl_board_default_init.o
                0x080060de                sl_board_default_init
 .text.sli_driver_permanent_allocation
                0x080060e6        0x2 ./autogen/sl_event_handler.o
                0x080060e6                sli_driver_permanent_allocation
 .text.sli_service_permanent_allocation
                0x080060e8        0x2 ./autogen/sl_event_handler.o
                0x080060e8                sli_service_permanent_allocation
 .text.sli_stack_permanent_allocation
                0x080060ea        0x2 ./autogen/sl_event_handler.o
                0x080060ea                sli_stack_permanent_allocation
 .text.sli_internal_permanent_allocation
                0x080060ec        0x2 ./autogen/sl_event_handler.o
                0x080060ec                sli_internal_permanent_allocation
 .text.sl_platform_init
                0x080060ee       0x14 ./autogen/sl_event_handler.o
                0x080060ee                sl_platform_init
 .text.sli_internal_init_early
                0x08006102        0x2 ./autogen/sl_event_handler.o
                0x08006102                sli_internal_init_early
 .text.sl_driver_init
                0x08006104       0x1c ./autogen/sl_event_handler.o
                0x08006104                sl_driver_init
 .text.sl_service_init
                0x08006120        0xc ./autogen/sl_event_handler.o
                0x08006120                sl_service_init
 .text.sl_stack_init
                0x0800612c        0x2 ./autogen/sl_event_handler.o
                0x0800612c                sl_stack_init
 .text.sl_internal_app_init
                0x0800612e        0x2 ./autogen/sl_event_handler.o
                0x0800612e                sl_internal_app_init
 .text.sli_platform_process_action
                0x08006130        0x2 ./autogen/sl_event_handler.o
                0x08006130                sli_platform_process_action
 .text.sli_service_process_action
                0x08006132        0x2 ./autogen/sl_event_handler.o
                0x08006132                sli_service_process_action
 .text.sli_stack_process_action
                0x08006134        0x2 ./autogen/sl_event_handler.o
                0x08006134                sli_stack_process_action
 .text.sli_internal_app_process_action
                0x08006136        0x2 ./autogen/sl_event_handler.o
                0x08006136                sli_internal_app_process_action
 .text.sl_board_configure_vcom
                0x08006138        0x4 ./simplicity_sdk_2025.6.1/hardware/board/src/sl_board_control_gpio.o
                0x08006138                sl_board_configure_vcom
 .text.sl_board_disable_vcom
                0x0800613c       0x22 ./simplicity_sdk_2025.6.1/hardware/board/src/sl_board_control_gpio.o
                0x0800613c                sl_board_disable_vcom
 .text.sli_cos_vcom_config
                0x0800615e        0xa ./simplicity_sdk_2025.6.1/hardware/driver/configuration_over_swo/src/sl_cos.o
 .text.sl_cos_send_config
                0x08006168       0x14 ./simplicity_sdk_2025.6.1/hardware/driver/configuration_over_swo/src/sl_cos.o
                0x08006168                sl_cos_send_config
 .text.Default_Handler
                0x0800617c        0x2 ./simplicity_sdk_2025.6.1/platform/Device/SiliconLabs/FGM23/Source/startup_fgm23.o
                0x0800617c                ULFRCO_IRQHandler
                0x0800617c                SW2_IRQHandler
                0x0800617c                TIMER2_IRQHandler
                0x0800617c                DebugMon_Handler
                0x0800617c                USART0_TX_IRQHandler
                0x0800617c                IADC_IRQHandler
                0x0800617c                EUSART0_TX_IRQHandler
                0x0800617c                I2C0_IRQHandler
                0x0800617c                LFXO_IRQHandler
                0x0800617c                VDAC_IRQHandler
                0x0800617c                HardFault_Handler
                0x0800617c                SMU_SECURE_IRQHandler
                0x0800617c                SysTick_Handler
                0x0800617c                SYSRTC_SEQ_IRQHandler
                0x0800617c                EMUEFP_IRQHandler
                0x0800617c                EUSART2_TX_IRQHandler
                0x0800617c                PendSV_Handler
                0x0800617c                NMI_Handler
                0x0800617c                SYNTH_IRQHandler
                0x0800617c                HOSTMAILBOX_IRQHandler
                0x0800617c                I2C1_IRQHandler
                0x0800617c                WDOG0_IRQHandler
                0x0800617c                TIMER3_IRQHandler
                0x0800617c                SYSCFG_IRQHandler
                0x0800617c                RFECA1_IRQHandler
                0x0800617c                EMUDG_IRQHandler
                0x0800617c                MSC_IRQHandler
                0x0800617c                DPLL0_IRQHandler
                0x0800617c                UsageFault_Handler
                0x0800617c                WDOG1_IRQHandler
                0x0800617c                M33CTI1_IRQHandler
                0x0800617c                TIMER4_IRQHandler
                0x0800617c                SEMBTX_IRQHandler
                0x0800617c                SW0_IRQHandler
                0x0800617c                LCD_IRQHandler
                0x0800617c                LETIMER0_IRQHandler
                0x0800617c                EUSART1_RX_IRQHandler
                0x0800617c                HFRCO0_IRQHandler
                0x0800617c                SecureFault_Handler
                0x0800617c                BUFC_IRQHandler
                0x0800617c                DCDC_IRQHandler
                0x0800617c                MODEM_IRQHandler
                0x0800617c                Default_Handler
                0x0800617c                RAC_SEQ_IRQHandler
                0x0800617c                FRC_PRI_IRQHandler
                0x0800617c                EMU_IRQHandler
                0x0800617c                SW3_IRQHandler
                0x0800617c                KERNEL0_IRQHandler
                0x0800617c                FRC_IRQHandler
                0x0800617c                PCNT0_IRQHandler
                0x0800617c                KERNEL1_IRQHandler
                0x0800617c                AGC_IRQHandler
                0x0800617c                EUSART1_TX_IRQHandler
                0x0800617c                KEYSCAN_IRQHandler
                0x0800617c                sl_app_properties
                0x0800617c                HFRCOEM23_IRQHandler
                0x0800617c                BURTC_IRQHandler
                0x0800617c                SEMBRX_IRQHandler
                0x0800617c                RFECA0_IRQHandler
                0x0800617c                LFRCO_IRQHandler
                0x0800617c                ACMP0_IRQHandler
                0x0800617c                USART0_RX_IRQHandler
                0x0800617c                MemManage_Handler
                0x0800617c                SVC_Handler
                0x0800617c                EUSART2_RX_IRQHandler
                0x0800617c                SMU_S_PRIVILEGED_IRQHandler
                0x0800617c                SW1_IRQHandler
                0x0800617c                CMU_IRQHandler
                0x0800617c                EUSART0_RX_IRQHandler
                0x0800617c                RAC_RSM_IRQHandler
                0x0800617c                SETAMPERHOST_IRQHandler
                0x0800617c                LESENSE_IRQHandler
                0x0800617c                AES_IRQHandler
                0x0800617c                M33CTI0_IRQHandler
                0x0800617c                ICACHE0_IRQHandler
                0x0800617c                SMU_NS_PRIVILEGED_IRQHandler
                0x0800617c                FPUEXH_IRQHandler
                0x0800617c                PROTIMER_IRQHandler
                0x0800617c                ACMP1_IRQHandler
                0x0800617c                BusFault_Handler
                0x0800617c                MPAHBRAM_IRQHandler
 .text.CopyMemory
                0x0800617e       0x14 ./simplicity_sdk_2025.6.1/platform/Device/SiliconLabs/FGM23/Source/startup_fgm23.o
                0x0800617e                CopyMemory
 .text.assertEFM
                0x08006192        0x2 ./simplicity_sdk_2025.6.1/platform/common/src/sl_assert.o
                0x08006192                assertEFM
 .text.sl_slist_init
                0x08006194        0x6 ./simplicity_sdk_2025.6.1/platform/common/src/sl_slist.o
                0x08006194                sl_slist_init
 .text._exit    0x0800619a        0x2 ./simplicity_sdk_2025.6.1/platform/common/src/sl_syscalls.o
                0x0800619a                _exit
 .text.sl_button_init
                0x0800619c        0xe ./simplicity_sdk_2025.6.1/platform/driver/button/src/sl_button.o
                0x0800619c                sl_button_init
 .text.sl_button_get_state
                0x080061aa        0xe ./simplicity_sdk_2025.6.1/platform/driver/button/src/sl_button.o
                0x080061aa                sl_button_get_state
 .text.sli_simple_button_on_change
                0x080061b8       0x3a ./simplicity_sdk_2025.6.1/platform/driver/button/src/sl_simple_button.o
 .text.sl_simple_button_get_state
                0x080061f2        0x6 ./simplicity_sdk_2025.6.1/platform/driver/button/src/sl_simple_button.o
                0x080061f2                sl_simple_button_get_state
 .text.sl_simple_button_poll_step
                0x080061f8       0x68 ./simplicity_sdk_2025.6.1/platform/driver/button/src/sl_simple_button.o
                0x080061f8                sl_simple_button_poll_step
 .text.sl_simple_button_enable
                0x08006260       0x16 ./simplicity_sdk_2025.6.1/platform/driver/button/src/sl_simple_button.o
                0x08006260                sl_simple_button_enable
 .text.sl_simple_button_disable
                0x08006276       0x1e ./simplicity_sdk_2025.6.1/platform/driver/button/src/sl_simple_button.o
                0x08006276                sl_simple_button_disable
 .text.sl_debug_swo_enable_itm
                0x08006294       0x16 ./simplicity_sdk_2025.6.1/platform/driver/debug/src/sl_debug_swo.o
                0x08006294                sl_debug_swo_enable_itm
 .text.sl_debug_swo_disable_itm
                0x080062aa       0x18 ./simplicity_sdk_2025.6.1/platform/driver/debug/src/sl_debug_swo.o
                0x080062aa                sl_debug_swo_disable_itm
 .text.sl_led_init
                0x080062c2        0xa ./simplicity_sdk_2025.6.1/platform/driver/leddrv/src/sl_led.o
                0x080062c2                sl_led_init
 .text.sl_led_turn_on
                0x080062cc        0xa ./simplicity_sdk_2025.6.1/platform/driver/leddrv/src/sl_led.o
                0x080062cc                sl_led_turn_on
 .text.sl_led_turn_off
                0x080062d6        0xa ./simplicity_sdk_2025.6.1/platform/driver/leddrv/src/sl_led.o
                0x080062d6                sl_led_turn_off
 .text.sl_led_toggle
                0x080062e0        0xa ./simplicity_sdk_2025.6.1/platform/driver/leddrv/src/sl_led.o
                0x080062e0                sl_led_toggle
 .text.sl_simple_led_turn_on
                0x080062ea       0x28 ./simplicity_sdk_2025.6.1/platform/driver/leddrv/src/sl_simple_led.o
                0x080062ea                sl_simple_led_turn_on
 .text.sl_simple_led_turn_off
                0x08006312       0x28 ./simplicity_sdk_2025.6.1/platform/driver/leddrv/src/sl_simple_led.o
                0x08006312                sl_simple_led_turn_off
 .text.sl_simple_led_toggle
                0x0800633a       0x1c ./simplicity_sdk_2025.6.1/platform/driver/leddrv/src/sl_simple_led.o
                0x0800633a                sl_simple_led_toggle
 .text.sl_simple_led_get_state
                0x08006356       0x2e ./simplicity_sdk_2025.6.1/platform/driver/leddrv/src/sl_simple_led.o
                0x08006356                sl_simple_led_get_state
 .text.DMADRV_MemoryPeripheral
                0x08006384       0x36 ./simplicity_sdk_2025.6.1/platform/emdrv/dmadrv/src/dmadrv.o
                0x08006384                DMADRV_MemoryPeripheral
 .text.DMADRV_PeripheralMemory
                0x080063ba       0x36 ./simplicity_sdk_2025.6.1/platform/emdrv/dmadrv/src/dmadrv.o
                0x080063ba                DMADRV_PeripheralMemory
 .text.em1RequestAdd
                0x080063f0       0x24 ./simplicity_sdk_2025.6.1/platform/emdrv/uartdrv/src/uartdrv.o
 .text.emRequestInit
                0x08006414        0x6 ./simplicity_sdk_2025.6.1/platform/emdrv/uartdrv/src/uartdrv.o
 .text.SetupGpioUart
                0x0800641a       0x2a ./simplicity_sdk_2025.6.1/platform/emdrv/uartdrv/src/uartdrv.o
 .text.InitializeQueues
                0x08006444       0x28 ./simplicity_sdk_2025.6.1/platform/emdrv/uartdrv/src/uartdrv.o
 .text.ConfigGpio
                0x0800646c       0xe8 ./simplicity_sdk_2025.6.1/platform/emdrv/uartdrv/src/uartdrv.o
 .text.HwFcGetClearToSendPin
                0x08006554       0x36 ./simplicity_sdk_2025.6.1/platform/emdrv/uartdrv/src/uartdrv.o
 .text.HwFcManageClearToSend
                0x0800658a       0x66 ./simplicity_sdk_2025.6.1/platform/emdrv/uartdrv/src/uartdrv.o
 .text.EnableReceiver
                0x080065f0       0x4c ./simplicity_sdk_2025.6.1/platform/emdrv/uartdrv/src/uartdrv.o
 .text.DisableReceiver
                0x0800663c       0x42 ./simplicity_sdk_2025.6.1/platform/emdrv/uartdrv/src/uartdrv.o
 .text.EnableTransmitter
                0x0800667e       0x60 ./simplicity_sdk_2025.6.1/platform/emdrv/uartdrv/src/uartdrv.o
 .text.DisableTransmitter
                0x080066de       0x58 ./simplicity_sdk_2025.6.1/platform/emdrv/uartdrv/src/uartdrv.o
 .text.FcApplyState
                0x08006736       0xbc ./simplicity_sdk_2025.6.1/platform/emdrv/uartdrv/src/uartdrv.o
 .text.traceClkGet
                0x080067f2       0x16 ./simplicity_sdk_2025.6.1/platform/emlib/src/em_cmu.o
 .text.sysTickClkGet
                0x08006808       0x3c ./simplicity_sdk_2025.6.1/platform/emlib/src/em_cmu.o
 .text.waitStateMax
                0x08006844        0xe ./simplicity_sdk_2025.6.1/platform/emlib/src/em_cmu.o
 .text.CMU_UpdateWaitStates
                0x08006852       0x16 ./simplicity_sdk_2025.6.1/platform/emlib/src/em_cmu.o
                0x08006852                CMU_UpdateWaitStates
 .text.pclkDivMax
                0x08006868        0xe ./simplicity_sdk_2025.6.1/platform/emlib/src/em_cmu.o
 .text.EMU_Restore
                0x08006876        0x2 ./simplicity_sdk_2025.6.1/platform/emlib/src/em_emu.o
                0x08006876                EMU_Restore
 .text.EMU_EFPEM01VScale
                0x08006878        0x2 ./simplicity_sdk_2025.6.1/platform/emlib/src/em_emu.o
                0x08006878                EMU_EFPEM01VScale
 .text.EMU_DCDCUpdatedHook
                0x0800687a        0x2 ./simplicity_sdk_2025.6.1/platform/emlib/src/em_emu.o
                0x0800687a                EMU_DCDCUpdatedHook
 .text.EUSART_Disable
                0x0800687c       0x3e ./simplicity_sdk_2025.6.1/platform/emlib/src/em_eusart.o
 .text.EUSART_Tx
                0x080068ba        0xc ./simplicity_sdk_2025.6.1/platform/emlib/src/em_eusart.o
                0x080068ba                EUSART_Tx
 .text.EUSART_Spi_TxRx
                0x080068c6       0x18 ./simplicity_sdk_2025.6.1/platform/emlib/src/em_eusart.o
                0x080068c6                EUSART_Spi_TxRx
 .text.TIMER_SyncWait
                0x080068de       0x12 ./simplicity_sdk_2025.6.1/platform/emlib/src/em_timer.o
                0x080068de                TIMER_SyncWait
 .text.USART_BaudrateGet
                0x080068f0       0x2a ./simplicity_sdk_2025.6.1/platform/emlib/src/em_usart.o
                0x080068f0                USART_BaudrateGet
 .text.USART_Tx
                0x0800691a        0xc ./simplicity_sdk_2025.6.1/platform/emlib/src/em_usart.o
                0x0800691a                USART_Tx
 .text.sl_hal_bus_reg_write_mask
                0x08006926       0x1c ./simplicity_sdk_2025.6.1/platform/peripheral/src/sl_hal_gpio.o
 .text.sl_hal_gpio_get_external_interrupt_number
                0x08006942       0x30 ./simplicity_sdk_2025.6.1/platform/peripheral/src/sl_hal_gpio.o
                0x08006942                sl_hal_gpio_get_external_interrupt_number
 .text.sl_clock_manager_runtime_init
                0x08006972        0x8 ./simplicity_sdk_2025.6.1/platform/service/clock_manager/src/sl_clock_manager.o
                0x08006972                sl_clock_manager_runtime_init
 .text.sli_clock_manager_hal_runtime_init
                0x0800697a        0x4 ./simplicity_sdk_2025.6.1/platform/service/clock_manager/src/sl_clock_manager_hal_s2.o
                0x0800697a                sli_clock_manager_hal_runtime_init
 .text.sl_clock_manager_init
                0x0800697e        0x8 ./simplicity_sdk_2025.6.1/platform/service/clock_manager/src/sl_clock_manager_init.o
                0x0800697e                sl_clock_manager_init
 .text.sl_hfxo_manager_init_hardware
                0x08006986        0x8 ./simplicity_sdk_2025.6.1/platform/service/hfxo_manager/src/sl_hfxo_manager.o
                0x08006986                sl_hfxo_manager_init_hardware
 .text.HFXO0_IRQHandler
                0x0800698e        0x8 ./simplicity_sdk_2025.6.1/platform/service/hfxo_manager/src/sl_hfxo_manager_hal_s2.o
                0x0800698e                HFXO0_IRQHandler
 .text.set_priority
                0x08006996        0xa ./simplicity_sdk_2025.6.1/platform/service/interrupt_manager/src/sl_interrupt_manager_cortexm.o
 .text.get_priority
                0x080069a0        0xa ./simplicity_sdk_2025.6.1/platform/service/interrupt_manager/src/sl_interrupt_manager_cortexm.o
 .text.sli_power_manager_init_em4
                0x080069aa       0x18 ./simplicity_sdk_2025.6.1/platform/service/power_manager/src/common/sl_power_manager_em4.o
                0x080069aa                sli_power_manager_init_em4
 .text.sli_power_manager_initiate_restore
                0x080069c2       0x14 ./simplicity_sdk_2025.6.1/platform/service/power_manager/src/sleep_loop/sl_power_manager.o
                0x080069c2                sli_power_manager_initiate_restore
 .text.sli_power_manager_get_default_high_frequency_minimum_offtime
                0x080069d6        0xc ./simplicity_sdk_2025.6.1/platform/service/power_manager/src/sleep_loop/sl_power_manager_hal_s2.o
                0x080069d6                sli_power_manager_get_default_high_frequency_minimum_offtime
 .text.app_init_pre_clock
                0x080069e2        0x2 ./simplicity_sdk_2025.6.1/platform/service/sl_main/src/sl_main_init.o
                0x080069e2                app_init_pre_clock
 .text.app_init_early
                0x080069e4        0x2 ./simplicity_sdk_2025.6.1/platform/service/sl_main/src/sl_main_init.o
                0x080069e4                app_init_early
 .text.sl_main_second_stage_init
                0x080069e6       0x18 ./simplicity_sdk_2025.6.1/platform/service/sl_main/src/sl_main_init.o
                0x080069e6                sl_main_second_stage_init
 .text.sl_main_init
                0x080069fe       0x30 ./simplicity_sdk_2025.6.1/platform/service/sl_main/src/sl_main_init.o
                0x080069fe                sl_main_init
 .text.app_permanent_memory_alloc
                0x08006a2e        0x2 ./simplicity_sdk_2025.6.1/platform/service/sl_main/src/sl_main_init_memory.o
                0x08006a2e                app_permanent_memory_alloc
 .text.sli_allocate_permanent_memory
                0x08006a30       0x18 ./simplicity_sdk_2025.6.1/platform/service/sl_main/src/sl_main_init_memory.o
                0x08006a30                sli_allocate_permanent_memory
 .text.sl_main_process_action
                0x08006a48       0x14 ./simplicity_sdk_2025.6.1/platform/service/sl_main/src/sl_main_process_action.o
                0x08006a48                sl_main_process_action
 .text.memset   0x08006a5c       0x10 c:/siliconlabs/simplicitystudio/v5/developer/toolchains/gnu_arm/12.2.rel1_2023.7/bin/../lib/gcc/arm-none-eabi/12.2.1/thumb/v8-m.main+fp/hard\libc_nano.a(libc_a-memset.o)
                0x08006a5c                memset
 .text.memcpy   0x08006a6c       0x1a c:/siliconlabs/simplicitystudio/v5/developer/toolchains/gnu_arm/12.2.rel1_2023.7/bin/../lib/gcc/arm-none-eabi/12.2.1/thumb/v8-m.main+fp/hard\libc_nano.a(libc_a-memcpy-stub.o)
                0x08006a6c                memcpy
 *(SORT_BY_ALIGNMENT(text_*))
 *fill*         0x08006a86        0x2 
 text_system_timecritical19225
                0x08006a88        0xc ./simplicity_sdk_2025.6.1/platform/Device/SiliconLabs/FGM23/Source/system_fgm23.o
                0x08006a88                SystemHFRCODPLLClockGet
 text_system_timecritical20228
                0x08006a94       0x40 ./simplicity_sdk_2025.6.1/platform/Device/SiliconLabs/FGM23/Source/system_fgm23.o
                0x08006a94                SystemSYSCLKGet
 text_system_timecritical16181
                0x08006ad4       0x24 ./simplicity_sdk_2025.6.1/platform/Device/SiliconLabs/FGM23/Source/system_fgm23.o
                0x08006ad4                SystemHCLKGet
 text_system_timecritical21230
                0x08006af8        0x8 ./simplicity_sdk_2025.6.1/platform/Device/SiliconLabs/FGM23/Source/system_fgm23.o
                0x08006af8                SystemMaxCoreClockGet
 text_system_timecritical22232
                0x08006b00        0x8 ./simplicity_sdk_2025.6.1/platform/Device/SiliconLabs/FGM23/Source/system_fgm23.o
                0x08006b00                SystemFSRCOClockGet
 text_system_timecritical23234
                0x08006b08        0xc ./simplicity_sdk_2025.6.1/platform/Device/SiliconLabs/FGM23/Source/system_fgm23.o
                0x08006b08                SystemHFXOClockGet
 text_system_timecritical24237
                0x08006b14        0x8 ./simplicity_sdk_2025.6.1/platform/Device/SiliconLabs/FGM23/Source/system_fgm23.o
                0x08006b14                SystemCLKIN0Get
 text_system_timecritical25239
                0x08006b1c       0x94 ./simplicity_sdk_2025.6.1/platform/Device/SiliconLabs/FGM23/Source/system_fgm23.o
                0x08006b1c                SystemHFRCOEM23ClockGet
 text_system_timecritical26241
                0x08006bb0        0xc ./simplicity_sdk_2025.6.1/platform/Device/SiliconLabs/FGM23/Source/system_fgm23.o
                0x08006bb0                SystemLFXOClockGet
 text_gpio_timecritical39192
                0x08006bbc       0x6c ./simplicity_sdk_2025.6.1/platform/driver/gpio/src/sl_gpio.o
                0x08006bbc                sl_gpio_toggle_pin
 text_dmadrv_timecritical30168
                0x08006c28       0x60 ./simplicity_sdk_2025.6.1/platform/emdrv/dmadrv/src/dmadrv.o
                0x08006c28                DMADRV_TransferActive
 text_uartdrv_timecritical71160
                0x08006c88       0x38 ./simplicity_sdk_2025.6.1/platform/emdrv/uartdrv/src/uartdrv.o
 text_uartdrv_timecritical72815
                0x08006cc0       0x40 ./simplicity_sdk_2025.6.1/platform/emdrv/uartdrv/src/uartdrv.o
 text_uartdrv_timecritical73855
                0x08006d00       0x50 ./simplicity_sdk_2025.6.1/platform/emdrv/uartdrv/src/uartdrv.o
 text_hal_gpio_timecritical29429
                0x08006d50       0x6c ./simplicity_sdk_2025.6.1/platform/peripheral/src/sl_hal_gpio.o
                0x08006d50                sl_hal_gpio_set_pin
 text_hal_gpio_timecritical30666
                0x08006dbc       0x6c ./simplicity_sdk_2025.6.1/platform/peripheral/src/sl_hal_gpio.o
                0x08006dbc                sl_hal_gpio_toggle_pin
 text_hal_sysrtc_timecritical31625
                0x08006e28       0x30 ./simplicity_sdk_2025.6.1/platform/peripheral/src/sl_hal_sysrtc.o
                0x08006e28                sl_hal_sysrtc_wait_sync_group
 text_hal_sysrtc_timecritical32658
                0x08006e58       0x20 ./simplicity_sdk_2025.6.1/platform/peripheral/src/sl_hal_sysrtc.o
                0x08006e58                sl_hal_sysrtc_enable_group_interrupts
 text_hal_sysrtc_timecritical33674
                0x08006e78       0x20 ./simplicity_sdk_2025.6.1/platform/peripheral/src/sl_hal_sysrtc.o
                0x08006e78                sl_hal_sysrtc_disable_group_interrupts
 text_hal_sysrtc_timecritical34690
                0x08006e98       0x20 ./simplicity_sdk_2025.6.1/platform/peripheral/src/sl_hal_sysrtc.o
                0x08006e98                sl_hal_sysrtc_clear_group_interrupts
 text_hal_sysrtc_timecritical35709
                0x08006eb8       0x20 ./simplicity_sdk_2025.6.1/platform/peripheral/src/sl_hal_sysrtc.o
                0x08006eb8                sl_hal_sysrtc_get_group_interrupts
 text_hal_sysrtc_timecritical36758
                0x08006ed8       0x2c ./simplicity_sdk_2025.6.1/platform/peripheral/src/sl_hal_sysrtc.o
                0x08006ed8                sl_hal_sysrtc_get_group_compare_channel_value
 text_hal_sysrtc_timecritical37775
                0x08006f04       0x28 ./simplicity_sdk_2025.6.1/platform/peripheral/src/sl_hal_sysrtc.o
                0x08006f04                sl_hal_sysrtc_set_group_compare_channel_value
 text_hal_sysrtc_timecritical38790
                0x08006f2c       0x18 ./simplicity_sdk_2025.6.1/platform/peripheral/src/sl_hal_sysrtc.o
                0x08006f2c                sl_hal_sysrtc_get_group_capture_channel_value
 text_clock_manager_timecritical2674
                0x08006f44       0x38 ./simplicity_sdk_2025.6.1/platform/service/clock_manager/src/sl_clock_manager_hal_s2.o
                0x08006f44                sli_clock_manager_hal_enable_bus_clock
 text_power_manager_timecritical49164
                0x08006f7c       0x70 ./simplicity_sdk_2025.6.1/platform/service/power_manager/src/common/sl_power_manager_common.o
                0x08006f7c                sli_power_manager_notify_em_transition
 text_power_manager_timecritical87131
                0x08006fec       0x14 ./simplicity_sdk_2025.6.1/platform/service/power_manager/src/sleep_loop/sl_power_manager.o
 text_power_manager_timecritical91145
                0x08007000       0x74 ./simplicity_sdk_2025.6.1/platform/service/power_manager/src/sleep_loop/sl_power_manager.o
 text_power_manager_timecritical92148
                0x08007074       0x64 ./simplicity_sdk_2025.6.1/platform/service/power_manager/src/sleep_loop/sl_power_manager.o
 text_power_manager_timecritical36118
                0x080070d8       0xa8 ./simplicity_sdk_2025.6.1/platform/service/power_manager/src/sleep_loop/sl_power_manager.o
                0x080070d8                sli_power_manager_update_em_requirement
 text_power_manager_timecritical57118
                0x08007180       0x34 ./simplicity_sdk_2025.6.1/platform/service/power_manager/src/sleep_loop/sl_power_manager.o
                0x08007180                sli_power_manager_get_restore_delay
 text_power_manager_timecritical6476
                0x080071b4       0x88 ./simplicity_sdk_2025.6.1/platform/service/power_manager/src/sleep_loop/sl_power_manager_hal_s2.o
                0x080071b4                sli_power_manager_save_oscillators_usage
 text_power_manager_timecritical6891
                0x0800723c       0x5c ./simplicity_sdk_2025.6.1/platform/service/power_manager/src/sleep_loop/sl_power_manager_hal_s2.o
                0x0800723c                sli_power_manager_restore_high_freq_accuracy_clk
 text_power_manager_timecritical6994
                0x08007298       0x18 ./simplicity_sdk_2025.6.1/platform/service/power_manager/src/sleep_loop/sl_power_manager_hal_s2.o
                0x08007298                sli_power_manager_is_high_freq_accuracy_clk_ready
 text_power_manager_timecritical7097
                0x080072b0       0x88 ./simplicity_sdk_2025.6.1/platform/service/power_manager/src/sleep_loop/sl_power_manager_hal_s2.o
                0x080072b0                sli_power_manager_restore_states
 text_power_manager_timecritical72125
                0x08007338       0x24 ./simplicity_sdk_2025.6.1/platform/service/power_manager/src/sleep_loop/sl_power_manager_hal_s2.o
                0x08007338                sli_power_manager_get_wakeup_process_time_overhead
 text_sleeptimer_timecritical83125
                0x0800735c       0x48 ./simplicity_sdk_2025.6.1/platform/service/sleeptimer/src/sl_sleeptimer.o
 text_sleeptimer_timecritical85131
                0x080073a4       0x3c ./simplicity_sdk_2025.6.1/platform/service/sleeptimer/src/sl_sleeptimer.o
 text_sleeptimer_timecritical90152
                0x080073e0       0x38 ./simplicity_sdk_2025.6.1/platform/service/sleeptimer/src/sl_sleeptimer.o
 text_sleeptimer_timecritical84128
                0x08007418       0x40 ./simplicity_sdk_2025.6.1/platform/service/sleeptimer/src/sl_sleeptimer.o
 text_sleeptimer_timecritical82121
                0x08007458       0x60 ./simplicity_sdk_2025.6.1/platform/service/sleeptimer/src/sl_sleeptimer.o
 text_sleeptimer_timecritical88140
                0x080074b8       0x8c ./simplicity_sdk_2025.6.1/platform/service/sleeptimer/src/sl_sleeptimer.o
 text_sleeptimer_timecritical89149
                0x08007544       0xc4 ./simplicity_sdk_2025.6.1/platform/service/sleeptimer/src/sl_sleeptimer.o
 text_sleeptimer_timecritical33263
                0x08007608       0x60 ./simplicity_sdk_2025.6.1/platform/service/sleeptimer/src/sl_sleeptimer.o
                0x08007608                sl_sleeptimer_stop_timer
 text_sleeptimer_timecritical34276
                0x08007668       0x40 ./simplicity_sdk_2025.6.1/platform/service/sleeptimer/src/sl_sleeptimer.o
                0x08007668                sl_sleeptimer_is_timer_running
 text_sleeptimer_timecritical39329
                0x080076a8        0xc ./simplicity_sdk_2025.6.1/platform/service/sleeptimer/src/sl_sleeptimer.o
                0x080076a8                sl_sleeptimer_get_timer_frequency
 text_sleeptimer_timecritical52121
                0x080076b4        0xc ./simplicity_sdk_2025.6.1/platform/service/sleeptimer/src/sl_sleeptimer.o
                0x080076b4                sli_sleeptimer_update_sleep_on_isr_exit
 text_sleeptimer_timecritical66151
                0x080076c0       0xac ./simplicity_sdk_2025.6.1/platform/service/sleeptimer/src/sl_sleeptimer.o
                0x080076c0                process_timer_irq
 text_sleeptimer_timecritical6554
                0x0800776c       0x1c ./simplicity_sdk_2025.6.1/platform/service/sleeptimer/src/sl_sleeptimer_hal_sysrtc.o
                0x0800776c                sleeptimer_hal_get_counter
 text_sleeptimer_timecritical6879
                0x08007788       0x4c ./simplicity_sdk_2025.6.1/platform/service/sleeptimer/src/sl_sleeptimer_hal_sysrtc.o
                0x08007788                sleeptimer_hal_set_compare_prs_hfxo_startup
 text_sleeptimer_timecritical6985
                0x080077d4       0x1c ./simplicity_sdk_2025.6.1/platform/service/sleeptimer/src/sl_sleeptimer_hal_sysrtc.o
                0x080077d4                sleeptimer_hal_get_timer_frequency
 text_sleeptimer_timecritical6770
                0x080077f0       0x70 ./simplicity_sdk_2025.6.1/platform/service/sleeptimer/src/sl_sleeptimer_hal_sysrtc.o
                0x080077f0                sleeptimer_hal_set_compare
 text_sleeptimer_timecritical71101
                0x08007860       0x34 ./simplicity_sdk_2025.6.1/platform/service/sleeptimer/src/sl_sleeptimer_hal_sysrtc.o
                0x08007860                sleeptimer_hal_disable_int
 text_sleeptimer_timecritical72109
                0x08007894       0x14 ./simplicity_sdk_2025.6.1/platform/service/sleeptimer/src/sl_sleeptimer_hal_sysrtc.o
                0x08007894                sleeptimer_hal_set_int
 text_sleeptimer_timecritical75143
                0x080078a8       0x20 ./simplicity_sdk_2025.6.1/platform/service/sleeptimer/src/sl_sleeptimer_hal_sysrtc.o
                0x080078a8                sleeptimer_hal_disable_prs_compare_and_capture_channel
 text_system_timecritical27244
                0x080078c8        0x6 ./simplicity_sdk_2025.6.1/platform/Device/SiliconLabs/FGM23/Source/system_fgm23.o
                0x080078c8                SystemLFRCOClockGet
 text_system_timecritical28246
                0x080078ce        0x6 ./simplicity_sdk_2025.6.1/platform/Device/SiliconLabs/FGM23/Source/system_fgm23.o
                0x080078ce                SystemULFRCOClockGet
 text_core_timecritical2307
                0x080078d4        0xa ./simplicity_sdk_2025.6.1/platform/common/src/sl_core_cortexm.o
                0x080078d4                CORE_ExitCritical
 text_core_timecritical4331
                0x080078de        0x8 ./simplicity_sdk_2025.6.1/platform/common/src/sl_core_cortexm.o
                0x080078de                CORE_EnterCritical
 text_core_timecritical7363
                0x080078e6        0xa ./simplicity_sdk_2025.6.1/platform/common/src/sl_core_cortexm.o
                0x080078e6                CORE_ExitAtomic
 text_core_timecritical9387
                0x080078f0        0xc ./simplicity_sdk_2025.6.1/platform/common/src/sl_core_cortexm.o
                0x080078f0                CORE_EnterAtomic
 text_power_manager_timecritical38182
                0x080078fc       0x1a ./simplicity_sdk_2025.6.1/platform/emdrv/uartdrv/src/uartdrv.o
 text_power_manager_timecritical39200
                0x08007916       0x1a ./simplicity_sdk_2025.6.1/platform/emdrv/uartdrv/src/uartdrv.o
 text_clock_manager_timecritical1352
                0x08007930        0xe ./simplicity_sdk_2025.6.1/platform/service/clock_manager/src/sl_clock_manager.o
                0x08007930                sl_clock_manager_get_clock_branch_frequency
 text_clock_manager_timecritical2380
                0x0800793e        0xa ./simplicity_sdk_2025.6.1/platform/service/clock_manager/src/sl_clock_manager.o
                0x0800793e                sl_clock_manager_enable_bus_clock
 text_clock_manager_timecritical3394
                0x08007948        0xa ./simplicity_sdk_2025.6.1/platform/service/clock_manager/src/sl_clock_manager.o
                0x08007948                sl_clock_manager_disable_bus_clock
 text_clock_manager_timecritical2561
                0x08007952      0x168 ./simplicity_sdk_2025.6.1/platform/service/clock_manager/src/sl_clock_manager_hal_s2.o
                0x08007952                sli_clock_manager_hal_get_clock_branch_frequency
 text_sleeptimer_timecritical29161
                0x08007aba       0x4c ./simplicity_sdk_2025.6.1/platform/service/sleeptimer/src/sl_sleeptimer.o
                0x08007aba                sl_sleeptimer_start_timer
 text_sleeptimer_timecritical37313
                0x08007b06       0x18 ./simplicity_sdk_2025.6.1/platform/service/sleeptimer/src/sl_sleeptimer.o
                0x08007b06                sl_sleeptimer_get_tick_count
 text_sleeptimer_timecritical53130
                0x08007b1e        0x8 ./simplicity_sdk_2025.6.1/platform/service/sleeptimer/src/sl_sleeptimer.o
                0x08007b1e                sli_sleeptimer_get_capture
 text_sleeptimer_timecritical54136
                0x08007b26        0x8 ./simplicity_sdk_2025.6.1/platform/service/sleeptimer/src/sl_sleeptimer.o
                0x08007b26                sli_sleeptimer_reset_prs_signal
 text_sleeptimer_timecritical61111
                0x08007b2e        0x2 ./simplicity_sdk_2025.6.1/platform/service/sleeptimer/src/sl_sleeptimer_hal_sysrtc.o
                0x08007b2e                sli_sleeptimer_set_pm_em_requirement
 text_sleeptimer_timecritical6662
                0x08007b30        0xc ./simplicity_sdk_2025.6.1/platform/service/sleeptimer/src/sl_sleeptimer_hal_sysrtc.o
                0x08007b30                sleeptimer_hal_get_compare
 text_sleeptimer_timecritical7093
                0x08007b3c       0x20 ./simplicity_sdk_2025.6.1/platform/service/sleeptimer/src/sl_sleeptimer_hal_sysrtc.o